[19:27:30] facts done
[19:27:52] cases: 68 of 68 print 0
[19:27:52] checksums done
[19:28:38] tensor 256 done
[19:29:21] tensor 512 done
[19:29:24] dot-mem simd-256 ok 0.66
[19:29:26] dot-cache simd-256 ok 0.38
[19:29:30] saxpy-mem simd-256 ok 0.71
[19:29:32] saxpy-cache simd-256 ok 0.43
[19:30:00] matmul simd-256 ok 5.49
[19:30:03] spectral-norm simd-256 ok 0.67
[19:30:06] dot-mem simd-512 ok 0.65
[19:30:08] dot-cache simd-512 ok 0.32
[19:30:12] saxpy-mem simd-512 ok 0.72
[19:30:14] saxpy-cache simd-512 ok 0.40
[19:30:34] matmul simd-512 ok 4.15
[19:30:38] spectral-norm simd-512 ok 0.67
[19:30:50] n-body simd ok 2.39
[19:31:04] mandelbrot simd ok 2.79
[19:31:08] dot-mem scalar ok 0.67
[19:31:13] dot-cache scalar ok 1.11
[19:31:17] saxpy-mem scalar ok 0.73
[19:31:19] saxpy-cache scalar ok 0.42
[19:31:56] matmul scalar ok 7.40
[19:32:05] spectral-norm scalar ok 1.69
[19:32:08] dot-mem scalar-p512 ok 0.68
[19:32:14] dot-cache scalar-p512 ok 1.11
[19:32:17] saxpy-mem scalar-p512 ok 0.73
[19:32:19] saxpy-cache scalar-p512 ok 0.40
[19:32:56] matmul scalar-p512 ok 7.39
[19:33:05] spectral-norm scalar-p512 ok 1.69
[19:33:05] shootout done
[19:33:11] poly done
[19:33:21] autodiff done
