== park1
frame: val:i32 val:i64
(define internal (l.f.1 void) ((ptr env))
  (block entry
    (let ((s12 (getelementptr %struct.task.t env (i32 0) (i32 12)))
          (t1 (load i64 (getelementptr %struct.task.t env (i32 0) (i32 10))))
          (t5 (getelementptr %struct.task.t env (i32 0) (i32 11)))
          (t6 (load i32 t5)))
      (switch t6 start ((i32 1) resume3)))
  )
  (block start
    (let ((t2 (add t1 (i64 1))))
      (store t2 s12))
    (store (i32 1) (getelementptr %struct.task.t env (i32 0) (i32 11)))
    (let ((t3 (call @fib.await-or-park env (ptr null))))
      (br t3 park2 resume3))
  )
  (block park2
    (ret)
  )
  (block resume3
    (let ((t4 (load i64 s12)))
      (call @fib.complete.t env t4))
    (ret)
  ))
== allocas
frame: val:i32 bytes:24 bytes:1 val:i64
(define internal (l.f.2 void) ((ptr env))
  (block entry
    (let ((s14 (getelementptr %struct.task.t env (i32 0) (i32 14)))
          (t1 (getelementptr %struct.task.t env (i32 0) (i32 12)))
          (t2 (getelementptr %struct.task.t env (i32 0) (i32 13)))
          (t3 (load i64 (getelementptr %struct.task.t env (i32 0) (i32 10))))
          (t8 (getelementptr %struct.task.t env (i32 0) (i32 11)))
          (t9 (load i32 t8)))
      (switch t9 start ((i32 1) resume7)))
  )
  (block start
    (let ((t4 (add t3 (i64 1))))
      (store t4 s14))
    (let ((t6 (load i64 s14)))
      (store t6 t1))
    (store (i32 1) (getelementptr %struct.task.t env (i32 0) (i32 11)))
    (let ((t5 (call @fib.await-or-park env (ptr null))))
      (br t5 park6 resume7))
  )
  (block park6
    (ret)
  )
  (block resume7
    (let ((t7 (load i64 s14)))
      (store t7 t2))
    (call @fib.complete.t env)
    (ret)
  ))
== join
frame: val:i32 val:i64 val:i64
(define internal (l.f.3 void) ((ptr env))
  (block entry
    (let ((s12 (getelementptr %struct.task.t env (i32 0) (i32 12)))
          (s13 (getelementptr %struct.task.t env (i32 0) (i32 13)))
          (t1 (load i64 (getelementptr %struct.task.t env (i32 0) (i32 10))))
          (t11 (getelementptr %struct.task.t env (i32 0) (i32 11)))
          (t12 (load i32 t11)))
      (switch t12 start ((i32 1) resume)))
  )
  (block start
    (let ((t2 (add t1 (i64 1))))
      (store t2 s12))
    (let ((t8 (load i64 s12))
          (t3 (icmp sgt t8 (i64 0))))
      (br t3 a b))
  )
  (block a
    (let ((t7 (load i64 s12)))
      (br join))
  )
  (block b
    (br join)
  )
  (block join
    (let ((t4 (phi i64 (a t7) (b (i64 7)))))
      (store t4 s13))
    (store (i32 1) (getelementptr %struct.task.t env (i32 0) (i32 11)))
    (let ((t5 (call @fib.await-or-park env (ptr null))))
      (br t5 park resume))
  )
  (block park
    (ret)
  )
  (block resume
    (let ((t9 (load i64 s13))
          (t10 (load i64 s12))
          (t6 (add t9 t10)))
      (call @fib.complete.t env t6))
    (ret)
  ))
== order
frame: val:i32 val:i64 val:i64 val:i64
(define internal (l.f.4 void) ((ptr env))
  (block entry
    (let ((s12 (getelementptr %struct.task.t env (i32 0) (i32 12)))
          (s13 (getelementptr %struct.task.t env (i32 0) (i32 13)))
          (s14 (getelementptr %struct.task.t env (i32 0) (i32 14)))
          (t1 (load i64 (getelementptr %struct.task.t env (i32 0) (i32 10))))
          (t20 (getelementptr %struct.task.t env (i32 0) (i32 11)))
          (t21 (load i32 t20)))
      (switch t21 start ((i32 1) resume)))
  )
  (block start
    (let ((t2 (add t1 (i64 1)))
          (t3 (add t2 (i64 2)))
          (t4 (add t3 (i64 3)))
          (t5 (add t4 (i64 4)))
          (t6 (add t5 (i64 5)))
          (t7 (add t6 (i64 6)))
          (t8 (add t7 (i64 7)))
          (t9 (add t8 (i64 8))))
      (store t9 s12))
    (let ((t15 (load i64 s12))
          (t10 (add t15 (i64 9))))
      (store t10 s13))
    (let ((t16 (load i64 s13))
          (t11 (add t16 (i64 10))))
      (store t11 s14))
    (store (i32 1) (getelementptr %struct.task.t env (i32 0) (i32 11)))
    (let ((t12 (call @fib.await-or-park env (ptr null))))
      (br t12 park resume))
  )
  (block park
    (ret)
  )
  (block resume
    (let ((t17 (load i64 s12))
          (t18 (load i64 s13))
          (t13 (add t17 t18))
          (t19 (load i64 s14))
          (t14 (add t13 t19)))
      (call @fib.complete.t env t14))
    (ret)
  ))
== loop
frame: val:i32 val:i64
(define internal (l.f.5 void) ((ptr env))
  (block entry
    (let ((s12 (getelementptr %struct.task.t env (i32 0) (i32 12)))
          (t1 (load i64 (getelementptr %struct.task.t env (i32 0) (i32 10))))
          (t10 (getelementptr %struct.task.t env (i32 0) (i32 11)))
          (t11 (load i32 t10)))
      (switch t11 start ((i32 1) resume)))
  )
  (block start
    (let ((t2 (add t1 (i64 1))))
      (br loop))
  )
  (block loop
    (let ((t3 (phi i64 (start t2) (resume t7)))
          (t4 (add t3 (i64 1))))
      (store t4 s12))
    (store (i32 1) (getelementptr %struct.task.t env (i32 0) (i32 11)))
    (let ((t5 (call @fib.await-or-park env (ptr null))))
      (br t5 park resume))
  )
  (block park
    (ret)
  )
  (block resume
    (let ((t8 (load i64 s12))
          (t6 (icmp slt t8 (i64 10)))
          (t7 (load i64 s12)))
      (br t6 loop done))
  )
  (block done
    (let ((t9 (load i64 s12)))
      (call @fib.complete.t env t9))
    (ret)
  ))
== no-continuation
error: no continuation block nope
== unknown-type
error: live value t99 of unknown type
== edges
frame: val:i32 val:i64 val:i64 val:i64 val:i64
(define internal (l.f.6 void) ((ptr env))
  (block entry
    (let ((s12 (getelementptr %struct.task.t env (i32 0) (i32 12)))
          (s13 (getelementptr %struct.task.t env (i32 0) (i32 13)))
          (s14 (getelementptr %struct.task.t env (i32 0) (i32 14)))
          (s15 (getelementptr %struct.task.t env (i32 0) (i32 15)))
          (t1 (load i64 (getelementptr %struct.task.t env (i32 0) (i32 10))))
          (t26 (getelementptr %struct.task.t env (i32 0) (i32 11)))
          (t27 (load i32 t26)))
      (switch t27 start ((i32 1) resume)))
  )
  (block start
    (let ((t2 (add t1 (i64 1)))
          (t3 (add t2 (i64 2)))
          (t4 (add t3 (i64 3)))
          (t5 (add t4 (i64 4)))
          (t6 (add t5 (i64 5)))
          (t7 (add t6 (i64 6)))
          (t8 (add t7 (i64 7)))
          (t9 (add t8 (i64 8))))
      (store t9 s12))
    (let ((t20 (load i64 s12))
          (t10 (add t20 (i64 9))))
      (store t10 s13))
    (let ((t21 (load i64 s13))
          (t11 (icmp sgt t21 (i64 0))))
      (br t11 a b))
  )
  (block a
    (let ((t18 (load i64 s13))
          (t19 (load i64 s12)))
      (br join))
  )
  (block b
    (br join)
  )
  (block join
    (let ((t12 (phi i64 (a t18) (b (i64 1))))
          (t13 (phi i64 (a t19) (b (i64 2)))))
      (store t12 s14))
    (store t13 s15)
    (store (i32 1) (getelementptr %struct.task.t env (i32 0) (i32 11)))
    (let ((t14 (call @fib.await-or-park env (ptr null))))
      (br t14 park resume))
  )
  (block park
    (ret)
  )
  (block resume
    (let ((t22 (load i64 s14))
          (t23 (load i64 s15))
          (t15 (add t22 t23))
          (t24 (load i64 s12))
          (t25 (load i64 s13))
          (t16 (add t24 t25))
          (t17 (add t15 t16)))
      (call @fib.complete.t env t17))
    (ret)
  ))
