#### compiler/tests/emit/def-scalar.fib
== compiler/tests/emit/def-scalar.fib
;; == section statics
;; == section defs
;; == section fns
(define internal tailcc (d.n i64) ()
  (block entry
    (ret (i64 -7))
  ))
(define internal tailcc (d.yes i1) ()
  (block entry
    (ret (i1 1))
  ))
(define internal tailcc (d.no i1) ()
  (block entry
    (ret (i1 0))
  ))
(define internal tailcc (d.tiny i8) ()
  (block entry
    (ret (i8 -3))
  ))
(define internal tailcc (d.mid i16) ()
  (block entry
    (ret (i16 300))
  ))
(define internal tailcc (d.wide i32) ()
  (block entry
    (ret (i32 -70000))
  ))
(define internal tailcc (d.top i64) ()
  (block entry
    (ret (i64 9223372036854775807))
  ))
(define internal tailcc (d.half double) ()
  (block entry
    (ret (double 2.5))
  ))
(define internal tailcc (d.tenth float) ()
  (block entry
    (ret (float 0.10000000149011612))
  ))
(define internal tailcc (d.tiny-f double) ()
  (block entry
    (ret (double 1.5e-7))
  ))
(define internal tailcc (d.letter i32) ()
  (block entry
    (ret (i32 97))
  ))
(define internal tailcc (f.main i64) ()
  (block entry
    (br (i1 1) then1 else2)
  )
  (block then1
    (br join3)
  )
  (block else2
    (br join3)
  )
  (block join3
    (let ((t4 (phi i64 (then1 (i64 1)) (else2 (i64 0))))
          (t5 (sadd-overflow (i64 -7) t4))
          (t6 (extractvalue t5 1)))
      (br t6 trap7 ok8))
  )
  (block trap7
    (call @fib.trap-c (string "integer overflow in + at i64"))
    (unreachable)
  )
  (block ok8
    (let ((t9 (extractvalue t5 0)))
      (br (i1 0) then10 else11))
  )
  (block then10
    (br join12)
  )
  (block else11
    (br join12)
  )
  (block join12
    (let ((t13 (phi i64 (then10 (i64 1)) (else11 (i64 0))))
          (t14 (sadd-overflow t9 t13))
          (t15 (extractvalue t14 1)))
      (br t15 trap16 ok17))
  )
  (block trap16
    (call @fib.trap-c (string "integer overflow in + at i64"))
    (unreachable)
  )
  (block ok17
    (let ((t18 (extractvalue t14 0))
          (t19 (zext i64 (i8 -3)))
          (t20 (sadd-overflow t18 t19))
          (t21 (extractvalue t20 1)))
      (br t21 trap22 ok23))
  )
  (block trap22
    (call @fib.trap-c (string "integer overflow in + at i64"))
    (unreachable)
  )
  (block ok23
    (let ((t24 (extractvalue t20 0))
          (t25 (zext i64 (i16 300)))
          (t26 (sadd-overflow t24 t25))
          (t27 (extractvalue t26 1)))
      (br t27 trap28 ok29))
  )
  (block trap28
    (call @fib.trap-c (string "integer overflow in + at i64"))
    (unreachable)
  )
  (block ok29
    (let ((t30 (extractvalue t26 0))
          (t31 (zext i64 (i32 -70000)))
          (t32 (sadd-overflow t30 t31))
          (t33 (extractvalue t32 1)))
      (br t33 trap34 ok35))
  )
  (block trap34
    (call @fib.trap-c (string "integer overflow in + at i64"))
    (unreachable)
  )
  (block ok35
    (let ((t36 (extractvalue t32 0))
          (t37 (sadd-overflow t36 (i64 9223372036854775807)))
          (t38 (extractvalue t37 1)))
      (br t38 trap39 ok40))
  )
  (block trap39
    (call @fib.trap-c (string "integer overflow in + at i64"))
    (unreachable)
  )
  (block ok40
    (let ((t41 (extractvalue t37 0))
          (t42 (fptosi-sat i64 (double 2.5)))
          (t43 (sadd-overflow t41 t42))
          (t44 (extractvalue t43 1)))
      (br t44 trap45 ok46))
  )
  (block trap45
    (call @fib.trap-c (string "integer overflow in + at i64"))
    (unreachable)
  )
  (block ok46
    (let ((t47 (extractvalue t43 0))
          (t48 (fpext double (float 0.10000000149011612)))
          (t49 (fptosi-sat i64 t48))
          (t50 (sadd-overflow t47 t49))
          (t51 (extractvalue t50 1)))
      (br t51 trap52 ok53))
  )
  (block trap52
    (call @fib.trap-c (string "integer overflow in + at i64"))
    (unreachable)
  )
  (block ok53
    (let ((t54 (extractvalue t50 0))
          (t55 (fptosi-sat i64 (double 1.5e-7)))
          (t56 (sadd-overflow t54 t55))
          (t57 (extractvalue t56 1)))
      (br t57 trap58 ok59))
  )
  (block trap58
    (call @fib.trap-c (string "integer overflow in + at i64"))
    (unreachable)
  )
  (block ok59
    (let ((t60 (extractvalue t56 0))
          (t61 (zext i64 (i32 97)))
          (t62 (sadd-overflow t60 t61))
          (t63 (extractvalue t62 1)))
      (br t63 trap64 ok65))
  )
  (block trap64
    (call @fib.trap-c (string "integer overflow in + at i64"))
    (unreachable)
  )
  (block ok65
    (let ((t66 (extractvalue t62 0)))
      (ret t66))
  ))
status 0
#### compiler/tests/emit/def-str.fib
== compiler/tests/emit/def-str.fib
;; == section statics
(constant internal str.0 { i64 i32 i32 i64 [4 x i8] } { (i64 0) (i32 0) (i32 8) (i64 3) ([4 x i8] (i8 97) (i8 98) (i8 99) (i8 0)) })
(constant internal str.1 { i64 i32 i32 i64 [1 x i8] } { (i64 0) (i32 0) (i32 8) (i64 0) ([1 x i8] (i8 0)) })
(constant internal str.2 { i64 i32 i32 i64 [16 x i8] } { (i64 0) (i32 0) (i32 8) (i64 15) ([16 x i8] (i8 115) (i8 97) (i8 121) (i8 32) (i8 34) (i8 104) (i8 105) (i8 34) (i8 32) (i8 92) (i8 32) (i8 100) (i8 111) (i8 110) (i8 101) (i8 0)) })
(constant internal str.3 { i64 i32 i32 i64 [9 x i8] } { (i64 0) (i32 0) (i32 8) (i64 8) ([9 x i8] (i8 99) (i8 97) (i8 102) (i8 195) (i8 169) (i8 32) (i8 195) (i8 188) (i8 0)) })
;; == section defs
;; == section fns
(define internal tailcc (d.plain ptr) ()
  (block entry
    (ret @str.0)
  ))
(define internal tailcc (d.again ptr) ()
  (block entry
    (call @fib.retain @str.0)
    (ret @str.0)
  ))
(define internal tailcc (d.empty ptr) ()
  (block entry
    (ret @str.1)
  ))
(define internal tailcc (d.quoted ptr) ()
  (block entry
    (ret @str.2)
  ))
(define internal tailcc (d.accents ptr) ()
  (block entry
    (ret @str.3)
  ))
(define internal tailcc (f.main i64) ()
  (block entry
    (let ((t1 (call @fib.str-len @str.0))
          (t2 (call @fib.str-len @str.0))
          (t3 (call @fib.str-len @str.1))
          (t4 (call @fib.str-len @str.2))
          (t5 (call @fib.str-len @str.3))
          (t6 (sadd-overflow t4 t5))
          (t7 (extractvalue t6 1)))
      (br t7 trap8 ok9))
  )
  (block trap8
    (call @fib.trap-c (string "integer overflow in + at i64"))
    (unreachable)
  )
  (block ok9
    (let ((t10 (extractvalue t6 0))
          (t11 (sadd-overflow t3 t10))
          (t12 (extractvalue t11 1)))
      (br t12 trap13 ok14))
  )
  (block trap13
    (call @fib.trap-c (string "integer overflow in + at i64"))
    (unreachable)
  )
  (block ok14
    (let ((t15 (extractvalue t11 0))
          (t16 (sadd-overflow t2 t15))
          (t17 (extractvalue t16 1)))
      (br t17 trap18 ok19))
  )
  (block trap18
    (call @fib.trap-c (string "integer overflow in + at i64"))
    (unreachable)
  )
  (block ok19
    (let ((t20 (extractvalue t16 0))
          (t21 (sadd-overflow t1 t20))
          (t22 (extractvalue t21 1)))
      (br t22 trap23 ok24))
  )
  (block trap23
    (call @fib.trap-c (string "integer overflow in + at i64"))
    (unreachable)
  )
  (block ok24
    (let ((t25 (extractvalue t21 0)))
      (ret t25))
  ))
status 0
#### compiler/tests/emit/def-struct.fib
== compiler/tests/emit/def-struct.fib
;; == section statics
(constant internal str.0 { i64 i32 i32 i64 [6 x i8] } { (i64 0) (i32 0) (i32 8) (i64 5) ([6 x i8] (i8 115) (i8 101) (i8 118) (i8 101) (i8 110) (i8 0)) })
;; == section defs
(constant internal def.1 %struct.o.Inner (%struct.o.Inner (i64 0) (i32 4) (i32 8) (i8 3) (float 0.5)))
(constant internal def.2 %struct.o.Rec (%struct.o.Rec (i64 0) (i32 5) (i32 8) (i64 7) @str.0 @def.1 (i1 1) (double 2.25)))
(constant internal def.3 %struct.o.Inner (%struct.o.Inner (i64 0) (i32 4) (i32 8) (i8 -1) (float 1.0)))
;; == section fns
(define internal tailcc (d.rec ptr) ()
  (block entry
    (let ((t1 (call @fib.alloc (i64 24) (i32 4)))
          (t2 (getelementptr %struct.o.Inner t1 (i32 0) (i32 3))))
      (store (i8 3) t2))
    (let ((t3 (getelementptr %struct.o.Inner t1 (i32 0) (i32 4))))
      (store (float 0.5) t3))
    (let ((t4 (call @fib.alloc (i64 56) (i32 5)))
          (t5 (getelementptr %struct.o.Rec t4 (i32 0) (i32 3))))
      (store (i64 7) t5))
    (let ((t6 (getelementptr %struct.o.Rec t4 (i32 0) (i32 4))))
      (store @str.0 t6))
    (let ((t7 (getelementptr %struct.o.Rec t4 (i32 0) (i32 5))))
      (store t1 t7))
    (let ((t8 (getelementptr %struct.o.Rec t4 (i32 0) (i32 6))))
      (store (i1 1) t8))
    (let ((t9 (getelementptr %struct.o.Rec t4 (i32 0) (i32 7))))
      (store (double 2.25) t9))
    (ret t4)
  ))
(define internal tailcc (d.same ptr) ()
  (block entry
    (call @fib.retain @def.2)
    (ret @def.2)
  ))
(define internal tailcc (d.lone ptr) ()
  (block entry
    (let ((t1 (call @fib.alloc (i64 24) (i32 4)))
          (t2 (getelementptr %struct.o.Inner t1 (i32 0) (i32 3))))
      (store (i8 -1) t2))
    (let ((t3 (getelementptr %struct.o.Inner t1 (i32 0) (i32 4))))
      (store (float 1.0) t3))
    (ret t1)
  ))
(define internal tailcc (f.main i64) ()
  (block entry
    (let ((t1 (getelementptr %struct.o.Rec @def.2 (i32 0) (i32 3)))
          (t2 (load i64 t1))
          (t3 (getelementptr %struct.o.Rec @def.2 (i32 0) (i32 5)))
          (t4 (load ptr t3))
          (t5 (getelementptr %struct.o.Inner t4 (i32 0) (i32 3)))
          (t6 (load i8 t5))
          (t7 (zext i64 t6))
          (t8 (getelementptr %struct.o.Rec @def.2 (i32 0) (i32 4)))
          (t9 (load ptr t8))
          (t10 (call @fib.str-len t9))
          (t11 (getelementptr %struct.o.Inner @def.3 (i32 0) (i32 3)))
          (t12 (load i8 t11))
          (t13 (zext i64 t12))
          (t14 (sadd-overflow t10 t13))
          (t15 (extractvalue t14 1)))
      (br t15 trap16 ok17))
  )
  (block trap16
    (call @fib.trap-c (string "integer overflow in + at i64"))
    (unreachable)
  )
  (block ok17
    (let ((t18 (extractvalue t14 0))
          (t19 (sadd-overflow t7 t18))
          (t20 (extractvalue t19 1)))
      (br t20 trap21 ok22))
  )
  (block trap21
    (call @fib.trap-c (string "integer overflow in + at i64"))
    (unreachable)
  )
  (block ok22
    (let ((t23 (extractvalue t19 0))
          (t24 (sadd-overflow t2 t23))
          (t25 (extractvalue t24 1)))
      (br t25 trap26 ok27))
  )
  (block trap26
    (call @fib.trap-c (string "integer overflow in + at i64"))
    (unreachable)
  )
  (block ok27
    (let ((t28 (extractvalue t24 0)))
      (ret t28))
  ))
status 0
