#### compiler/tests/expand/e1-001-if-not-two-and-three-arms.fib
== compiler/tests/expand/e1-001-if-not-two-and-three-arms.fib
-- module main compiler/tests/expand/e1-001-if-not-two-and-three-arms.fib
list 9 2:1 60..147
  sym "defun" 2:2 61..66
  sym "main" 2:8 67..71
  list 0 2:13 72..74
  sym "->" 2:16 75..77
  sym "i64" 2:19 78..81
  list 4 3:3 84..98
    sym "if" 3:3 84..98
    list 2 3:3 84..98
      sym "fib.prelude/not" 3:3 84..98
      sym "c" 3:11 92..93
    sym "a" 3:13 94..95
    sym "b" 3:15 96..97
  list 4 4:3 101..113
    sym "if" 4:3 101..113
    list 2 4:3 101..113
      sym "fib.prelude/not" 4:3 101..113
      sym "c" 4:11 109..110
    sym "a" 4:13 111..112
    list 0 4:3 101..113
  list 4 5:3 116..142
    sym "if" 5:3 116..142
    list 2 5:3 116..142
      sym "fib.prelude/not" 5:3 116..142
      list 2 5:11 124..129
        sym "f" 5:12 125..126
        sym "x" 5:14 127..128
    list 2 5:17 130..135
      sym "g" 5:18 131..132
      sym "y" 5:20 133..134
    list 2 5:23 136..141
      sym "h" 5:24 137..138
      sym "z" 5:26 139..140
  int 0 i64 6:3 145..146
status 0
#### compiler/tests/expand/e1-002-error-if-not-one-argument.fib
== compiler/tests/expand/e1-002-error-if-not-one-argument.fib
-- module main compiler/tests/expand/e1-002-error-if-not-one-argument.fib
error MacroArity 3:3 84..94: macro if-not takes 2 to 3 argument(s), got 1
status 1
#### compiler/tests/expand/e1-003-error-if-not-four-arguments.fib
== compiler/tests/expand/e1-003-error-if-not-four-arguments.fib
-- module main compiler/tests/expand/e1-003-error-if-not-four-arguments.fib
error MacroArity 3:3 86..102: macro if-not takes 2 to 3 argument(s), got 4
status 1
#### compiler/tests/expand/e1-004-when-not-and-unless-bodies.fib
== compiler/tests/expand/e1-004-when-not-and-unless-bodies.fib
-- module main compiler/tests/expand/e1-004-when-not-and-unless-bodies.fib
list 9 2:1 61..142
  sym "defun" 2:2 62..67
  sym "main" 2:8 68..72
  list 0 2:13 73..75
  sym "->" 2:16 76..78
  sym "i64" 2:19 79..82
  list 3 3:3 85..99
    sym "if" 3:3 85..99
    list 2 3:3 85..99
      sym "fib.prelude/not" 3:3 85..99
      sym "c" 3:13 95..96
    sym "x" 3:15 97..98
  list 3 4:3 102..118
    sym "if" 4:3 102..118
    list 2 4:3 102..118
      sym "fib.prelude/not" 4:3 102..118
      sym "c" 4:13 112..113
    list 3 4:3 102..118
      sym "do" 4:3 102..118
      sym "x" 4:15 114..115
      sym "y" 4:17 116..117
  list 3 5:3 121..137
    sym "if" 5:3 121..137
    list 2 5:3 121..137
      sym "fib.prelude/not" 5:3 121..137
      sym "c" 5:11 129..130
    list 4 5:3 121..137
      sym "do" 5:3 121..137
      sym "x" 5:13 131..132
      sym "y" 5:15 133..134
      sym "z" 5:17 135..136
  int 0 i64 6:3 140..141
status 0
#### compiler/tests/expand/e1-005-error-when-not-no-arguments.fib
== compiler/tests/expand/e1-005-error-when-not-no-arguments.fib
-- module main compiler/tests/expand/e1-005-error-when-not-no-arguments.fib
error MacroArity 3:3 86..96: macro when-not takes at least 1 argument(s), got 0
status 1
#### compiler/tests/expand/e1-006-error-unless-no-arguments.fib
== compiler/tests/expand/e1-006-error-unless-no-arguments.fib
-- module main compiler/tests/expand/e1-006-error-unless-no-arguments.fib
error MacroArity 3:3 84..92: macro unless takes at least 1 argument(s), got 0
status 1
#### compiler/tests/expand/e1-007-some-of-two-is-some-p-and-of-one-the-constructor.fib
== compiler/tests/expand/e1-007-some-of-two-is-some-p-and-of-one-the-constructor.fib
-- module main compiler/tests/expand/e1-007-some-of-two-is-some-p-and-of-one-the-constructor.fib
list 10 2:1 83..185
  sym "defun" 2:2 84..89
  sym "main" 2:8 90..94
  list 0 2:13 95..97
  sym "->" 2:16 98..100
  sym "i64" 2:19 101..104
  list 3 3:3 107..117
    sym "fib.seq/some-p" 3:3 107..117
    sym "p" 3:9 113..114
    sym "c" 3:11 115..116
  list 2 4:3 120..128
    sym "some" 4:4 121..125
    sym "x" 4:9 126..127
  list 3 5:3 131..149
    sym "fib.seq/some-p" 5:3 131..149
    list 2 5:9 137..142
      sym "f" 5:10 138..139
      sym "a" 5:12 140..141
    list 2 5:15 143..148
      sym "g" 5:16 144..145
      sym "b" 5:18 146..147
  list 4 6:3 152..180
    sym "match" 6:4 153..158
    sym "o" 6:10 159..160
    list 2 6:12 161..173
      list 2 6:13 162..170
        sym "some" 6:14 163..167
        sym "x" 6:19 168..169
      sym "x" 6:22 171..172
    list 2 6:25 174..179
      sym "_" 6:26 175..176
      int 0 i64 6:28 177..178
  int 0 i64 7:3 183..184
status 0
#### compiler/tests/expand/e1-008-error-some-of-three-arguments.fib
== compiler/tests/expand/e1-008-error-some-of-three-arguments.fib
-- module main compiler/tests/expand/e1-008-error-some-of-three-arguments.fib
error MacroArity 3:3 88..100: macro some takes 1 or 2 argument(s), got 3
status 1
#### compiler/tests/expand/e1-009-error-some-of-no-argument.fib
== compiler/tests/expand/e1-009-error-some-of-no-argument.fib
-- module main compiler/tests/expand/e1-009-error-some-of-no-argument.fib
error MacroArity 3:3 84..90: macro some takes 1 or 2 argument(s), got 0
status 1
#### compiler/tests/expand/e1-010-declare-is-an-empty-do.fib
== compiler/tests/expand/e1-010-declare-is-an-empty-do.fib
-- module main compiler/tests/expand/e1-010-declare-is-an-empty-do.fib
list 9 2:1 57..123
  sym "defun" 2:2 58..63
  sym "main" 2:8 64..68
  list 0 2:13 69..71
  sym "->" 2:16 72..74
  sym "i64" 2:19 75..78
  list 1 3:3 81..90
    sym "do" 3:3 81..90
  list 1 4:3 93..108
    sym "do" 4:3 93..108
  list 3 5:3 111..118
    sym "+" 5:4 112..113
    int 1 i64 5:6 114..115
    int 2 i64 5:8 116..117
  int 0 i64 6:3 121..122
status 0
#### compiler/tests/expand/e1-011-declare-at-top-level.fib
== compiler/tests/expand/e1-011-declare-at-top-level.fib
-- module main compiler/tests/expand/e1-011-declare-at-top-level.fib
list 6 3:1 78..102
  sym "defun" 3:2 79..84
  sym "main" 3:8 85..89
  list 0 3:13 90..92
  sym "->" 3:16 93..95
  sym "i64" 3:19 96..99
  int 0 i64 3:23 100..101
status 0
#### compiler/tests/expand/e1-012-error-declare-a-name-that-is-not-a-symbol.fib
== compiler/tests/expand/e1-012-error-declare-a-name-that-is-not-a-symbol.fib
-- module main compiler/tests/expand/e1-012-error-declare-a-name-that-is-not-a-symbol.fib
error Malformed 3:14 111..112: malformed declare: a name is a symbol
status 1
#### compiler/tests/expand/e1-013-error-declare-takes-the-first-bad-name.fib
== compiler/tests/expand/e1-013-error-declare-takes-the-first-bad-name.fib
-- module main compiler/tests/expand/e1-013-error-declare-takes-the-first-bad-name.fib
error Malformed 3:14 108..111: malformed declare: a name is a symbol
status 1
#### compiler/tests/expand/e1-014-if-some-with-and-without-else.fib
== compiler/tests/expand/e1-014-if-some-with-and-without-else.fib
-- module main compiler/tests/expand/e1-014-if-some-with-and-without-else.fib
list 10 2:1 64..178
  sym "defun" 2:2 65..70
  sym "main" 2:8 71..75
  list 0 2:13 76..78
  sym "->" 2:16 79..81
  sym "i64" 2:19 82..85
  list 4 3:3 88..107
    sym "match" 3:3 88..107
    sym "e" 3:15 100..101
    list 2 3:3 88..107
      list 2 3:3 88..107
        sym "fib.prelude/some" 3:3 88..107
        sym "x" 3:13 98..99
      sym "a" 3:18 103..104
    list 2 3:3 88..107
      sym "_" 3:3 88..107
      sym "b" 3:20 105..106
  list 4 4:3 110..129
    sym "match" 4:3 110..129
    sym "e" 4:15 122..123
    list 2 4:3 110..129
      list 2 4:3 110..129
        sym "fib.prelude/some" 4:3 110..129
        sym "x" 4:13 120..121
      sym "a" 4:18 125..126
    list 2 4:3 110..129
      sym "_" 4:3 110..129
      sym "b" 4:20 127..128
  list 4 5:3 132..149
    sym "match" 5:3 132..149
    sym "e" 5:15 144..145
    list 2 5:3 132..149
      list 2 5:3 132..149
        sym "fib.prelude/some" 5:3 132..149
        sym "x" 5:13 142..143
      sym "a" 5:18 147..148
    list 2 5:3 132..149
      sym "_" 5:3 132..149
      list 0 5:3 132..149
  list 4 6:3 152..173
    sym "match" 6:3 152..173
    sym "e" 6:19 168..169
    list 2 6:3 152..173
      list 2 6:3 152..173
        sym "fib.prelude/some" 6:3 152..173
        vec 2 6:13 162..167
          sym "a" 6:14 163..164
          sym "b" 6:16 165..166
      sym "a" 6:22 171..172
    list 2 6:3 152..173
      sym "_" 6:3 152..173
      list 0 6:3 152..173
  int 0 i64 7:3 176..177
status 0
#### compiler/tests/expand/e1-015-error-if-some-binding-is-not-a-pair.fib
== compiler/tests/expand/e1-015-error-if-some-binding-is-not-a-pair.fib
-- module main compiler/tests/expand/e1-015-error-if-some-binding-is-not-a-pair.fib
error Malformed 3:12 103..104: malformed if-some: the binding is [pattern expression]
status 1
#### compiler/tests/expand/e1-016-error-if-some-binding-of-three.fib
== compiler/tests/expand/e1-016-error-if-some-binding-of-three.fib
-- module main compiler/tests/expand/e1-016-error-if-some-binding-of-three.fib
error Malformed 3:12 98..105: malformed if-some: the binding is [pattern expression]
status 1
#### compiler/tests/expand/e1-017-error-if-some-without-a-body.fib
== compiler/tests/expand/e1-017-error-if-some-without-a-body.fib
-- module main compiler/tests/expand/e1-017-error-if-some-without-a-body.fib
error MacroArity 3:3 87..102: macro if-some takes 2 to 3 argument(s), got 1
status 1
#### compiler/tests/expand/e1-018-when-some-body-forms.fib
== compiler/tests/expand/e1-018-when-some-body-forms.fib
-- module main compiler/tests/expand/e1-018-when-some-body-forms.fib
list 9 2:1 55..149
  sym "defun" 2:2 56..61
  sym "main" 2:8 62..66
  list 0 2:13 67..69
  sym "->" 2:16 70..72
  sym "i64" 2:19 73..76
  list 4 3:3 79..98
    sym "match" 3:3 79..98
    sym "e" 3:17 93..94
    list 2 3:3 79..98
      list 2 3:3 79..98
        sym "fib.prelude/some" 3:3 79..98
        sym "x" 3:15 91..92
      sym "a" 3:20 96..97
    list 2 3:3 79..98
      sym "_" 3:3 79..98
      list 0 3:3 79..98
  list 4 4:3 101..124
    sym "match" 4:3 101..124
    sym "e" 4:17 115..116
    list 2 4:3 101..124
      list 2 4:3 101..124
        sym "fib.prelude/some" 4:3 101..124
        sym "x" 4:15 113..114
      list 4 4:3 101..124
        sym "do" 4:3 101..124
        sym "a" 4:20 118..119
        sym "b" 4:22 120..121
        sym "c" 4:24 122..123
    list 2 4:3 101..124
      sym "_" 4:3 101..124
      list 0 4:3 101..124
  list 4 5:3 127..144
    sym "match" 5:3 127..144
    sym "e" 5:17 141..142
    list 2 5:3 127..144
      list 2 5:3 127..144
        sym "fib.prelude/some" 5:3 127..144
        sym "x" 5:15 139..140
      list 1 5:3 127..144
        sym "do" 5:3 127..144
    list 2 5:3 127..144
      sym "_" 5:3 127..144
      list 0 5:3 127..144
  int 0 i64 6:3 147..148
status 0
#### compiler/tests/expand/e1-019-error-when-some-binding-of-one.fib
== compiler/tests/expand/e1-019-error-when-some-binding-of-one.fib
-- module main compiler/tests/expand/e1-019-error-when-some-binding-of-one.fib
error Malformed 3:14 100..103: malformed when-some: the binding is [pattern expression]
status 1
#### compiler/tests/expand/e1-020-error-when-some-no-arguments.fib
== compiler/tests/expand/e1-020-error-when-some-no-arguments.fib
-- module main compiler/tests/expand/e1-020-error-when-some-no-arguments.fib
error MacroArity 3:3 87..98: macro when-some takes at least 1 argument(s), got 0
status 1
#### compiler/tests/expand/e1-021-when-first-over-first.fib
== compiler/tests/expand/e1-021-when-first-over-first.fib
-- module main compiler/tests/expand/e1-021-when-first-over-first.fib
list 9 2:1 56..159
  sym "defun" 2:2 57..62
  sym "main" 2:8 63..67
  list 0 2:13 68..70
  sym "->" 2:16 71..73
  sym "i64" 2:19 74..77
  list 4 3:3 80..100
    sym "match" 3:3 80..100
    list 2 3:3 80..100
      sym "fib.seq/first" 3:3 80..100
      sym "c" 3:18 95..96
    list 2 3:3 80..100
      list 2 3:3 80..100
        sym "fib.prelude/some" 3:3 80..100
        sym "x" 3:16 93..94
      sym "a" 3:21 98..99
    list 2 3:3 80..100
      sym "_" 3:3 80..100
      list 0 3:3 80..100
  list 4 4:3 103..129
    sym "match" 4:3 103..129
    list 2 4:3 103..129
      sym "fib.seq/first" 4:3 103..129
      list 2 4:18 118..123
        sym "f" 4:19 119..120
        sym "c" 4:21 121..122
    list 2 4:3 103..129
      list 2 4:3 103..129
        sym "fib.prelude/some" 4:3 103..129
        sym "x" 4:16 116..117
      list 3 4:3 103..129
        sym "do" 4:3 103..129
        sym "a" 4:25 125..126
        sym "b" 4:27 127..128
    list 2 4:3 103..129
      sym "_" 4:3 103..129
      list 0 4:3 103..129
  list 4 5:3 132..154
    sym "match" 5:3 132..154
    list 2 5:3 132..154
      sym "fib.seq/first" 5:3 132..154
      sym "c" 5:22 151..152
    list 2 5:3 132..154
      list 2 5:3 132..154
        sym "fib.prelude/some" 5:3 132..154
        vec 2 5:16 145..150
          sym "a" 5:17 146..147
          sym "b" 5:19 148..149
      list 1 5:3 132..154
        sym "do" 5:3 132..154
    list 2 5:3 132..154
      sym "_" 5:3 132..154
      list 0 5:3 132..154
  int 0 i64 6:3 157..158
status 0
#### compiler/tests/expand/e1-022-error-when-first-binding-is-a-symbol.fib
== compiler/tests/expand/e1-022-error-when-first-binding-is-a-symbol.fib
-- module main compiler/tests/expand/e1-022-error-when-first-binding-is-a-symbol.fib
error Malformed 3:15 107..108: malformed when-first: the binding is [pattern expression]
status 1
#### compiler/tests/expand/e1-023-error-when-first-no-arguments.fib
== compiler/tests/expand/e1-023-error-when-first-no-arguments.fib
-- module main compiler/tests/expand/e1-023-error-when-first-no-arguments.fib
error MacroArity 3:3 88..100: macro when-first takes at least 1 argument(s), got 0
status 1
#### compiler/tests/expand/e1-024-vector-is-the-literal.fib
== compiler/tests/expand/e1-024-vector-is-the-literal.fib
-- module main compiler/tests/expand/e1-024-vector-is-the-literal.fib
list 10 2:1 56..158
  sym "defun" 2:2 57..62
  sym "main" 2:8 63..67
  list 0 2:13 68..70
  sym "->" 2:16 71..73
  sym "i64" 2:19 74..77
  list 1 3:3 80..88
    sym "fib.prelude/vec-empty" 3:3 80..88
  list 3 4:3 91..101
    sym "fib.prelude/vec-conj" 4:3 91..101
    list 1 4:3 91..101
      sym "fib.prelude/vec-empty" 4:3 91..101
    int 1 i64 4:11 99..100
  list 3 5:3 104..129
    sym "fib.prelude/vec-conj" 5:3 104..129
    list 3 5:3 104..129
      sym "fib.prelude/vec-conj" 5:3 104..129
      list 3 5:3 104..129
        sym "fib.prelude/vec-conj" 5:3 104..129
        list 1 5:3 104..129
          sym "fib.prelude/vec-empty" 5:3 104..129
        int 1 i64 5:11 112..113
      int 2 i64 5:13 114..115
    list 3 5:15 116..128
      sym "fib.prelude/vec-conj" 5:15 116..128
      list 3 5:15 116..128
        sym "fib.prelude/vec-conj" 5:15 116..128
        list 1 5:15 116..128
          sym "fib.prelude/vec-empty" 5:15 116..128
        int 3 i64 5:23 124..125
      int 4 i64 5:25 126..127
  list 3 6:3 132..153
    sym "fn" 6:4 133..135
    list 1 6:7 136..139
      sym "v" 6:8 137..138
    list 3 6:11 140..152
      sym "fib.prelude/vec-conj" 6:11 140..152
      list 3 6:11 140..152
        sym "fib.prelude/vec-conj" 6:11 140..152
        list 1 6:11 140..152
          sym "fib.prelude/vec-empty" 6:11 140..152
        sym "v" 6:19 148..149
      sym "v" 6:21 150..151
  int 0 i64 7:3 156..157
status 0
#### compiler/tests/expand/e1-025-hash-set-conj-per-element.fib
== compiler/tests/expand/e1-025-hash-set-conj-per-element.fib
-- module main compiler/tests/expand/e1-025-hash-set-conj-per-element.fib
list 9 2:1 60..133
  sym "defun" 2:2 61..66
  sym "main" 2:8 67..71
  list 0 2:13 72..74
  sym "->" 2:16 75..77
  sym "i64" 2:19 78..81
  list 1 3:3 84..94
    sym "fib.prelude/set-empty" 3:3 84..94
  list 3 4:3 97..109
    sym "fib.coll/conj" 4:3 97..109
    list 1 4:3 97..109
      sym "fib.prelude/set-empty" 4:3 97..109
    int 1 i64 4:13 107..108
  list 3 5:3 112..128
    sym "fib.coll/conj" 5:3 112..128
    list 3 5:3 112..128
      sym "fib.coll/conj" 5:3 112..128
      list 3 5:3 112..128
        sym "fib.coll/conj" 5:3 112..128
        list 1 5:3 112..128
          sym "fib.prelude/set-empty" 5:3 112..128
        int 1 i64 5:13 122..123
      int 2 i64 5:15 124..125
    int 3 i64 5:17 126..127
  int 0 i64 6:3 131..132
status 0
#### compiler/tests/expand/e1-026-array-map-is-the-map-literal.fib
== compiler/tests/expand/e1-026-array-map-is-the-map-literal.fib
-- module main compiler/tests/expand/e1-026-array-map-is-the-map-literal.fib
list 9 2:1 63..153
  sym "defun" 2:2 64..69
  sym "main" 2:8 70..74
  list 0 2:13 75..77
  sym "->" 2:16 78..80
  sym "i64" 2:19 81..84
  list 1 3:3 87..98
    sym "fib.prelude/map-empty" 3:3 87..98
  list 4 4:3 101..122
    sym "fib.prelude/map-assoc" 4:3 101..122
    list 4 4:3 101..122
      sym "fib.prelude/map-assoc" 4:3 101..122
      list 1 4:3 101..122
        sym "fib.prelude/map-empty" 4:3 101..122
      kw "a" 4:14 112..114
      int 1 i64 4:17 115..116
    kw "b" 4:19 117..119
    int 2 i64 4:22 120..121
  list 4 5:3 125..148
    sym "fib.prelude/map-assoc" 5:3 125..148
    list 1 5:3 125..148
      sym "fib.prelude/map-empty" 5:3 125..148
    list 2 5:14 136..141
      sym "f" 5:15 137..138
      sym "x" 5:17 139..140
    list 2 5:20 142..147
      sym "g" 5:21 143..144
      sym "y" 5:23 145..146
  int 0 i64 6:3 151..152
status 0
#### compiler/tests/expand/e1-027-error-array-map-odd-count.fib
== compiler/tests/expand/e1-027-error-array-map-odd-count.fib
-- module main compiler/tests/expand/e1-027-error-array-map-odd-count.fib
error Malformed 3:3 84..103: malformed array-map: a key without a value
status 1
#### compiler/tests/expand/e1-028-hash-map-assocs-over-the-hashed-map.fib
== compiler/tests/expand/e1-028-hash-map-assocs-over-the-hashed-map.fib
-- module main compiler/tests/expand/e1-028-hash-map-assocs-over-the-hashed-map.fib
list 9 2:1 70..155
  sym "defun" 2:2 71..76
  sym "main" 2:8 77..81
  list 0 2:13 82..84
  sym "->" 2:16 85..87
  sym "i64" 2:19 88..91
  list 1 3:3 94..104
    sym "fib.prelude/map-empty-hashed" 3:3 94..104
  list 4 4:3 107..122
    sym "fib.prelude/map-assoc" 4:3 107..122
    list 1 4:3 107..122
      sym "fib.prelude/map-empty-hashed" 4:3 107..122
    kw "a" 4:13 117..119
    int 1 i64 4:16 120..121
  list 4 5:3 125..150
    sym "fib.prelude/map-assoc" 5:3 125..150
    list 4 5:3 125..150
      sym "fib.prelude/map-assoc" 5:3 125..150
      list 4 5:3 125..150
        sym "fib.prelude/map-assoc" 5:3 125..150
        list 1 5:3 125..150
          sym "fib.prelude/map-empty-hashed" 5:3 125..150
        kw "a" 5:13 135..137
        int 1 i64 5:16 138..139
      kw "b" 5:18 140..142
      int 2 i64 5:21 143..144
    kw "c" 5:23 145..147
    int 3 i64 5:26 148..149
  int 0 i64 6:3 153..154
status 0
#### compiler/tests/expand/e1-029-error-hash-map-odd-count.fib
== compiler/tests/expand/e1-029-error-hash-map-odd-count.fib
-- module main compiler/tests/expand/e1-029-error-hash-map-odd-count.fib
error Malformed 3:3 83..96: malformed hash-map: a key without a value
status 1
#### compiler/tests/expand/e1-030-max-key-and-min-key-fold.fib
== compiler/tests/expand/e1-030-max-key-and-min-key-fold.fib
-- module main compiler/tests/expand/e1-030-max-key-and-min-key-fold.fib
list 11 2:1 59..181
  sym "defun" 2:2 60..65
  sym "main" 2:8 66..70
  list 0 2:13 71..73
  sym "->" 2:16 74..76
  sym "i64" 2:19 77..80
  sym "x" 3:14 94..95
  list 3 4:3 99..114
    sym "let" 4:3 99..114
    list 1 4:3 99..114
      list 2 4:3 99..114
        sym "#k.34" 4:3 99..114
        sym "k" 4:12 108..109
    list 4 4:3 99..114
      sym "fib.seq/max-key-pair" 4:3 99..114
      sym "#k.34" 4:3 99..114
      sym "x" 4:14 110..111
      sym "y" 4:16 112..113
  list 3 5:3 117..134
    sym "let" 5:3 117..134
    list 1 5:3 117..134
      list 2 5:3 117..134
        sym "#k.35" 5:3 117..134
        sym "k" 5:12 126..127
    list 4 5:3 117..134
      sym "fib.seq/max-key-pair" 5:3 117..134
      sym "#k.35" 5:3 117..134
      list 4 5:3 117..134
        sym "fib.seq/max-key-pair" 5:3 117..134
        sym "#k.35" 5:3 117..134
        sym "x" 5:14 128..129
        sym "y" 5:16 130..131
      sym "z" 5:18 132..133
  sym "x" 6:14 148..149
  list 3 7:3 153..176
    sym "let" 7:3 153..176
    list 1 7:3 153..176
      list 2 7:3 153..176
        sym "#k.36" 7:3 153..176
        list 2 7:12 162..167
          sym "f" 7:13 163..164
          sym "a" 7:15 165..166
    list 4 7:3 153..176
      sym "fib.seq/min-key-pair" 7:3 153..176
      sym "#k.36" 7:3 153..176
      list 4 7:3 153..176
        sym "fib.seq/min-key-pair" 7:3 153..176
        sym "#k.36" 7:3 153..176
        list 4 7:3 153..176
          sym "fib.seq/min-key-pair" 7:3 153..176
          sym "#k.36" 7:3 153..176
          sym "x" 7:18 168..169
          sym "y" 7:20 170..171
        sym "z" 7:22 172..173
      sym "w" 7:24 174..175
  int 0 i64 8:3 179..180
status 0
#### compiler/tests/expand/e1-031-max-key-gensyms-in-order.fib
== compiler/tests/expand/e1-031-max-key-gensyms-in-order.fib
-- module main compiler/tests/expand/e1-031-max-key-gensyms-in-order.fib
list 10 2:1 59..157
  sym "defun" 2:2 60..65
  sym "main" 2:8 66..70
  list 0 2:13 71..73
  sym "->" 2:16 74..76
  sym "i64" 2:19 77..80
  list 3 3:3 83..98
    sym "let" 3:3 83..98
    list 1 3:3 83..98
      list 2 3:3 83..98
        sym "#k.34" 3:3 83..98
        sym "k" 3:12 92..93
    list 4 3:3 83..98
      sym "fib.seq/max-key-pair" 3:3 83..98
      sym "#k.34" 3:3 83..98
      sym "x" 3:14 94..95
      sym "y" 3:16 96..97
  list 3 4:3 101..116
    sym "let" 4:3 101..116
    list 1 4:3 101..116
      list 2 4:3 101..116
        sym "#k.35" 4:3 101..116
        sym "k" 4:12 110..111
    list 4 4:3 101..116
      sym "fib.seq/min-key-pair" 4:3 101..116
      sym "#k.35" 4:3 101..116
      sym "x" 4:14 112..113
      sym "y" 4:16 114..115
  sym "x" 5:14 130..131
  list 3 6:3 135..152
    sym "let" 6:3 135..152
    list 1 6:3 135..152
      list 2 6:3 135..152
        sym "#k.36" 6:3 135..152
        sym "k" 6:12 144..145
    list 4 6:3 135..152
      sym "fib.seq/max-key-pair" 6:3 135..152
      sym "#k.36" 6:3 135..152
      list 4 6:3 135..152
        sym "fib.seq/max-key-pair" 6:3 135..152
        sym "#k.36" 6:3 135..152
        sym "a" 6:14 146..147
        sym "b" 6:16 148..149
      sym "c" 6:18 150..151
  int 0 i64 7:3 155..156
status 0
#### compiler/tests/expand/e1-032-error-max-key-one-argument.fib
== compiler/tests/expand/e1-032-error-max-key-one-argument.fib
-- module main compiler/tests/expand/e1-032-error-max-key-one-argument.fib
error MacroArity 3:3 85..96: macro max-key takes at least 2 argument(s), got 1
status 1
#### compiler/tests/expand/e1-033-error-min-key-no-argument.fib
== compiler/tests/expand/e1-033-error-min-key-no-argument.fib
-- module main compiler/tests/expand/e1-033-error-min-key-no-argument.fib
error MacroArity 3:3 84..93: macro min-key takes at least 2 argument(s), got 0
status 1
#### compiler/tests/expand/e1-034-vswap-forms.fib
== compiler/tests/expand/e1-034-vswap-forms.fib
-- module main compiler/tests/expand/e1-034-vswap-forms.fib
list 10 2:1 46..144
  sym "defun" 2:2 47..52
  sym "main" 2:8 53..57
  list 0 2:13 58..60
  sym "->" 2:16 61..63
  sym "i64" 2:19 64..67
  list 3 3:3 70..82
    sym "let" 3:3 70..82
    list 1 3:3 70..82
      list 2 3:3 70..82
        sym "#c.34" 3:3 70..82
        sym "v" 3:11 78..79
    list 3 3:3 70..82
      sym "let" 3:3 70..82
      list 1 3:3 70..82
        list 2 3:3 70..82
          sym "#n.35" 3:3 70..82
          list 2 3:3 70..82
            sym "f" 3:13 80..81
            list 2 3:3 70..82
              sym "fib.prelude/deref" 3:3 70..82
              sym "#c.34" 3:3 70..82
      list 3 3:3 70..82
        sym "do" 3:3 70..82
        list 3 3:3 70..82
          sym "fib.prelude/reset!" 3:3 70..82
          sym "#c.34" 3:3 70..82
          sym "#n.35" 3:3 70..82
        sym "#n.35" 3:3 70..82
  list 3 4:3 85..99
    sym "let" 4:3 85..99
    list 1 4:3 85..99
      list 2 4:3 85..99
        sym "#c.36" 4:3 85..99
        sym "v" 4:11 93..94
    list 3 4:3 85..99
      sym "let" 4:3 85..99
      list 1 4:3 85..99
        list 2 4:3 85..99
          sym "#n.37" 4:3 85..99
          list 3 4:3 85..99
            sym "f" 4:13 95..96
            list 2 4:3 85..99
              sym "fib.prelude/deref" 4:3 85..99
              sym "#c.36" 4:3 85..99
            sym "a" 4:15 97..98
      list 3 4:3 85..99
        sym "do" 4:3 85..99
        list 3 4:3 85..99
          sym "fib.prelude/reset!" 4:3 85..99
          sym "#c.36" 4:3 85..99
          sym "#n.37" 4:3 85..99
        sym "#n.37" 4:3 85..99
  list 3 5:3 102..120
    sym "let" 5:3 102..120
    list 1 5:3 102..120
      list 2 5:3 102..120
        sym "#c.38" 5:3 102..120
        sym "v" 5:11 110..111
    list 3 5:3 102..120
      sym "let" 5:3 102..120
      list 1 5:3 102..120
        list 2 5:3 102..120
          sym "#n.39" 5:3 102..120
          list 5 5:3 102..120
            sym "f" 5:13 112..113
            list 2 5:3 102..120
              sym "fib.prelude/deref" 5:3 102..120
              sym "#c.38" 5:3 102..120
            sym "a" 5:15 114..115
            sym "b" 5:17 116..117
            sym "c" 5:19 118..119
      list 3 5:3 102..120
        sym "do" 5:3 102..120
        list 3 5:3 102..120
          sym "fib.prelude/reset!" 5:3 102..120
          sym "#c.38" 5:3 102..120
          sym "#n.39" 5:3 102..120
        sym "#n.39" 5:3 102..120
  list 3 6:3 123..139
    sym "let" 6:3 123..139
    list 1 6:3 123..139
      list 2 6:3 123..139
        sym "#c.40" 6:3 123..139
        list 1 6:11 131..134
          sym "g" 6:12 132..133
    list 3 6:3 123..139
      sym "let" 6:3 123..139
      list 1 6:3 123..139
        list 2 6:3 123..139
          sym "#n.41" 6:3 123..139
          list 2 6:3 123..139
            sym "inc" 6:15 135..138
            list 2 6:3 123..139
              sym "fib.prelude/deref" 6:3 123..139
              sym "#c.40" 6:3 123..139
      list 3 6:3 123..139
        sym "do" 6:3 123..139
        list 3 6:3 123..139
          sym "fib.prelude/reset!" 6:3 123..139
          sym "#c.40" 6:3 123..139
          sym "#n.41" 6:3 123..139
        sym "#n.41" 6:3 123..139
  int 0 i64 7:3 142..143
status 0
#### compiler/tests/expand/e1-035-error-vswap-one-argument.fib
== compiler/tests/expand/e1-035-error-vswap-one-argument.fib
-- module main compiler/tests/expand/e1-035-error-vswap-one-argument.fib
error MacroArity 3:3 83..93: macro vswap! takes at least 2 argument(s), got 1
status 1
#### compiler/tests/expand/e1-036-str-printers-of-nothing-and-one-and-many.fib
== compiler/tests/expand/e1-036-str-printers-of-nothing-and-one-and-many.fib
-- module main compiler/tests/expand/e1-036-str-printers-of-nothing-and-one-and-many.fib
list 18 2:1 75..288
  sym "defun" 2:2 76..81
  sym "main" 2:8 82..86
  list 0 2:13 87..89
  sym "->" 2:16 90..92
  sym "i64" 2:19 93..96
  str "" 3:3 99..110
  str "" 4:3 113..121
  str "\n" 5:3 124..137
  str "\n" 6:3 140..149
  list 2 7:3 152..165
    sym "fib.prelude/show" 7:3 152..165
    sym "a" 7:14 163..164
  list 2 8:3 168..178
    sym "fib.core/debug" 8:3 168..178
    sym "a" 8:11 176..177
  list 3 9:3 181..196
    sym "fib.prelude/str-concat" 9:3 181..196
    list 2 9:3 181..196
      sym "fib.prelude/show" 9:3 181..196
      sym "a" 9:16 194..195
    str "\n" 9:3 181..196
  list 3 10:3 199..210
    sym "fib.prelude/str-concat" 10:3 199..210
    list 2 10:3 199..210
      sym "fib.core/debug" 10:3 199..210
      sym "a" 10:12 208..209
    str "\n" 10:3 199..210
  list 3 11:3 213..230
    sym "fib.prelude/str-concat" 11:3 213..230
    list 2 11:3 213..230
      sym "fib.prelude/show" 11:3 213..230
      sym "a" 11:14 224..225
    list 3 11:3 213..230
      sym "fib.prelude/str-concat" 11:3 213..230
      str " " 11:3 213..230
      list 3 11:3 213..230
        sym "fib.prelude/str-concat" 11:3 213..230
        list 2 11:3 213..230
          sym "fib.prelude/show" 11:3 213..230
          sym "b" 11:16 226..227
        list 3 11:3 213..230
          sym "fib.prelude/str-concat" 11:3 213..230
          str " " 11:3 213..230
          list 2 11:3 213..230
            sym "fib.prelude/show" 11:3 213..230
            sym "c" 11:18 228..229
  list 3 12:3 233..245
    sym "fib.prelude/str-concat" 12:3 233..245
    list 2 12:3 233..245
      sym "fib.core/debug" 12:3 233..245
      sym "a" 12:11 241..242
    list 3 12:3 233..245
      sym "fib.prelude/str-concat" 12:3 233..245
      str " " 12:3 233..245
      list 2 12:3 233..245
        sym "fib.core/debug" 12:3 233..245
        sym "b" 12:13 243..244
  list 3 13:3 248..265
    sym "fib.prelude/str-concat" 13:3 248..265
    list 3 13:3 248..265
      sym "fib.prelude/str-concat" 13:3 248..265
      list 2 13:3 248..265
        sym "fib.prelude/show" 13:3 248..265
        sym "a" 13:16 261..262
      list 3 13:3 248..265
        sym "fib.prelude/str-concat" 13:3 248..265
        str " " 13:3 248..265
        list 2 13:3 248..265
          sym "fib.prelude/show" 13:3 248..265
          sym "b" 13:18 263..264
    str "\n" 13:3 248..265
  list 3 14:3 268..283
    sym "fib.prelude/str-concat" 14:3 268..283
    list 3 14:3 268..283
      sym "fib.prelude/str-concat" 14:3 268..283
      list 2 14:3 268..283
        sym "fib.core/debug" 14:3 268..283
        sym "a" 14:12 277..278
      list 3 14:3 268..283
        sym "fib.prelude/str-concat" 14:3 268..283
        str " " 14:3 268..283
        list 3 14:3 268..283
          sym "fib.prelude/str-concat" 14:3 268..283
          list 2 14:3 268..283
            sym "fib.core/debug" 14:3 268..283
            sym "b" 14:14 279..280
          list 3 14:3 268..283
            sym "fib.prelude/str-concat" 14:3 268..283
            str " " 14:3 268..283
            list 2 14:3 268..283
              sym "fib.core/debug" 14:3 268..283
              sym "c" 14:16 281..282
    str "\n" 14:3 268..283
  int 0 i64 15:3 286..287
status 0
#### compiler/tests/expand/e1-037-str-printers-nil-and-string-literals.fib
== compiler/tests/expand/e1-037-str-printers-nil-and-string-literals.fib
-- module main compiler/tests/expand/e1-037-str-printers-nil-and-string-literals.fib
list 12 2:1 71..213
  sym "defun" 2:2 72..77
  sym "main" 2:8 78..82
  list 0 2:13 83..85
  sym "->" 2:16 86..88
  sym "i64" 2:19 89..92
  str "nil" 3:3 95..110
  list 3 4:3 113..129
    sym "fib.prelude/str-concat" 4:3 113..129
    str "nil" 4:3 113..129
    list 3 4:3 113..129
      sym "fib.prelude/str-concat" 4:3 113..129
      str " " 4:3 113..129
      str "nil" 4:3 113..129
  list 3 5:3 132..151
    sym "fib.prelude/str-concat" 5:3 132..151
    list 3 5:3 132..151
      sym "fib.prelude/str-concat" 5:3 132..151
      str "nil" 5:3 132..151
      list 3 5:3 132..151
        sym "fib.prelude/str-concat" 5:3 132..151
        str " " 5:3 132..151
        list 2 5:3 132..151
          sym "fib.prelude/show" 5:3 132..151
          sym "a" 5:20 149..150
    str "\n" 5:3 132..151
  list 3 6:3 154..175
    sym "fib.prelude/str-concat" 6:3 154..175
    list 3 6:3 154..175
      sym "fib.prelude/str-concat" 6:3 154..175
      list 2 6:3 154..175
        sym "fib.core/debug" 6:3 154..175
        str "s" 6:12 163..166
      list 3 6:3 154..175
        sym "fib.prelude/str-concat" 6:3 154..175
        str " " 6:3 154..175
        list 3 6:3 154..175
          sym "fib.prelude/str-concat" 6:3 154..175
          str "nil" 6:3 154..175
          list 3 6:3 154..175
            sym "fib.prelude/str-concat" 6:3 154..175
            str " " 6:3 154..175
            list 2 6:3 154..175
              sym "fib.core/debug" 6:3 154..175
              str "t" 6:20 171..174
    str "\n" 6:3 154..175
  list 2 7:3 178..193
    sym "fib.prelude/show" 7:3 178..193
    str "x" 7:14 189..192
  list 2 8:3 196..208
    sym "fib.core/debug" 8:3 196..208
    str "x" 8:11 204..207
  int 0 i64 9:3 211..212
status 0
#### compiler/tests/expand/e1-038-writers-without-a-newline-are-print-raw.fib
== compiler/tests/expand/e1-038-writers-without-a-newline-are-print-raw.fib
-- module main compiler/tests/expand/e1-038-writers-without-a-newline-are-print-raw.fib
list 16 2:1 74..221
  sym "defun" 2:2 75..80
  sym "main" 2:8 81..85
  list 0 2:13 86..88
  sym "->" 2:16 89..91
  sym "i64" 2:19 92..95
  list 2 3:3 98..105
    sym "fib.prelude/print-raw" 3:3 98..105
    str "" 3:3 98..105
  list 2 4:3 108..112
    sym "fib.prelude/print-raw" 4:3 108..112
    str "" 4:3 108..112
  list 2 5:3 115..124
    sym "fib.prelude/print-raw" 5:3 115..124
    list 2 5:3 115..124
      sym "fib.prelude/show" 5:3 115..124
      sym "a" 5:10 122..123
  list 2 6:3 127..135
    sym "fib.prelude/print-raw" 6:3 127..135
    list 3 6:3 127..135
      sym "fib.prelude/str-concat" 6:3 127..135
      list 2 6:3 127..135
        sym "fib.core/debug" 6:3 127..135
        sym "a" 6:7 131..132
      list 3 6:3 127..135
        sym "fib.prelude/str-concat" 6:3 127..135
        str " " 6:3 127..135
        list 2 6:3 127..135
          sym "fib.core/debug" 6:3 127..135
          sym "b" 6:9 133..134
  list 2 7:3 138..153
    sym "fib.prelude/print-raw" 7:3 138..153
    list 3 7:3 138..153
      sym "fib.prelude/str-concat" 7:3 138..153
      str "nil" 7:3 138..153
      list 3 7:3 138..153
        sym "fib.prelude/str-concat" 7:3 138..153
        str " " 7:3 138..153
        list 2 7:3 138..153
          sym "fib.prelude/show" 7:3 138..153
          str "x" 7:14 149..152
  list 2 8:3 156..168
    sym "fib.prelude/print-raw" 8:3 156..168
    list 3 8:3 156..168
      sym "fib.prelude/str-concat" 8:3 156..168
      str "nil" 8:3 156..168
      list 3 8:3 156..168
        sym "fib.prelude/str-concat" 8:3 156..168
        str " " 8:3 156..168
        list 2 8:3 156..168
          sym "fib.core/debug" 8:3 156..168
          str "x" 8:11 164..167
  list 2 9:3 171..180
    sym "fib.prelude/println" 9:3 171..180
    str "" 9:3 171..180
  list 2 10:3 183..188
    sym "fib.prelude/println" 10:3 183..188
    str "" 10:3 183..188
  list 2 11:3 191..204
    sym "fib.prelude/println" 11:3 191..204
    list 3 11:3 191..204
      sym "fib.prelude/str-concat" 11:3 191..204
      list 2 11:3 191..204
        sym "fib.prelude/show" 11:3 191..204
        sym "a" 11:12 200..201
      list 3 11:3 191..204
        sym "fib.prelude/str-concat" 11:3 191..204
        str " " 11:3 191..204
        list 2 11:3 191..204
          sym "fib.prelude/show" 11:3 191..204
          sym "b" 11:14 202..203
  list 2 12:3 207..216
    sym "fib.prelude/println" 12:3 207..216
    list 2 12:3 207..216
      sym "fib.core/debug" 12:3 207..216
      str "s" 12:8 212..215
  int 0 i64 13:3 219..220
status 0
#### compiler/tests/expand/e1-039-str-printers-in-nested-and-qualified-heads.fib
== compiler/tests/expand/e1-039-str-printers-in-nested-and-qualified-heads.fib
-- module main compiler/tests/expand/e1-039-str-printers-in-nested-and-qualified-heads.fib
list 10 2:1 77..226
  sym "defun" 2:2 78..83
  sym "main" 2:8 84..88
  list 0 2:13 89..91
  sym "->" 2:16 92..94
  sym "i64" 2:19 95..98
  list 3 3:3 101..137
    sym "fib.prelude/str-concat" 3:3 101..137
    list 2 3:3 101..137
      sym "fib.prelude/show" 3:3 101..137
      list 2 3:14 112..125
        sym "fib.prelude/show" 3:14 112..125
        sym "a" 3:25 123..124
    list 3 3:3 101..137
      sym "fib.prelude/str-concat" 3:3 101..137
      str " " 3:3 101..137
      list 2 3:3 101..137
        sym "fib.prelude/show" 3:3 101..137
        list 2 3:28 126..136
          sym "fib.core/debug" 3:28 126..136
          sym "b" 3:36 134..135
  list 2 4:3 140..165
    sym "fib.prelude/show" 4:3 140..165
    sym "x" 4:26 163..164
  list 2 5:3 168..193
    sym "fib.prelude/print-raw" 5:4 169..190
    sym "x" 5:26 191..192
  list 2 6:3 196..221
    sym "fib.prelude/println" 6:3 196..221
    list 2 6:3 196..221
      sym "fib.prelude/show" 6:3 196..221
      list 3 6:12 205..220
        sym "fib.prelude/str-concat" 6:12 205..220
        list 2 6:12 205..220
          sym "fib.prelude/show" 6:12 205..220
          sym "a" 6:25 218..219
        str "\n" 6:12 205..220
  int 0 i64 7:3 224..225
status 0
#### compiler/tests/expand/e1-040-try-let-list-and-flat-and-empty.fib
== compiler/tests/expand/e1-040-try-let-list-and-flat-and-empty.fib
-- module main compiler/tests/expand/e1-040-try-let-list-and-flat-and-empty.fib
list 13 2:1 66..275
  sym "defun" 2:2 67..72
  sym "main" 2:8 73..77
  list 0 2:13 78..80
  sym "->" 2:16 81..83
  sym "i64" 2:19 84..87
  list 4 3:3 90..112
    sym "match" 3:3 90..112
    sym "e" 3:16 103..104
    list 2 3:3 90..112
      list 2 3:3 90..112
        sym "fib.prelude/Ok" 3:3 90..112
        sym "x" 3:14 101..102
      sym "body" 3:20 107..111
    list 2 3:3 90..112
      list 2 3:3 90..112
        sym "fib.prelude/Err" 3:3 90..112
        sym "#err.34" 3:3 90..112
      list 2 3:3 90..112
        sym "fib.prelude/Err" 3:3 90..112
        sym "#err.34" 3:3 90..112
  list 4 4:3 115..143
    sym "match" 4:3 115..143
    sym "e" 4:16 128..129
    list 2 4:3 115..143
      list 2 4:3 115..143
        sym "fib.prelude/Ok" 4:3 115..143
        sym "x" 4:14 126..127
      list 4 4:3 115..143
        sym "match" 4:3 115..143
        sym "f" 4:22 134..135
        list 2 4:3 115..143
          list 2 4:3 115..143
            sym "fib.prelude/Ok" 4:3 115..143
            sym "y" 4:20 132..133
          sym "body" 4:26 138..142
        list 2 4:3 115..143
          list 2 4:3 115..143
            sym "fib.prelude/Err" 4:3 115..143
            sym "#err.35" 4:3 115..143
          list 2 4:3 115..143
            sym "fib.prelude/Err" 4:3 115..143
            sym "#err.35" 4:3 115..143
    list 2 4:3 115..143
      list 2 4:3 115..143
        sym "fib.prelude/Err" 4:3 115..143
        sym "#err.36" 4:3 115..143
      list 2 4:3 115..143
        sym "fib.prelude/Err" 4:3 115..143
        sym "#err.36" 4:3 115..143
  list 4 5:3 146..179
    sym "match" 5:3 146..179
    sym "e" 5:16 159..160
    list 2 5:3 146..179
      list 2 5:3 146..179
        sym "fib.prelude/Ok" 5:3 146..179
        sym "x" 5:14 157..158
      list 4 5:3 146..179
        sym "match" 5:3 146..179
        sym "f" 5:22 165..166
        list 2 5:3 146..179
          list 2 5:3 146..179
            sym "fib.prelude/Ok" 5:3 146..179
            sym "y" 5:20 163..164
          list 4 5:3 146..179
            sym "match" 5:3 146..179
            sym "g" 5:28 171..172
            list 2 5:3 146..179
              list 2 5:3 146..179
                sym "fib.prelude/Ok" 5:3 146..179
                sym "z" 5:26 169..170
              list 3 5:3 146..179
                sym "do" 5:3 146..179
                sym "a" 5:32 175..176
                sym "b" 5:34 177..178
            list 2 5:3 146..179
              list 2 5:3 146..179
                sym "fib.prelude/Err" 5:3 146..179
                sym "#err.37" 5:3 146..179
              list 2 5:3 146..179
                sym "fib.prelude/Err" 5:3 146..179
                sym "#err.37" 5:3 146..179
        list 2 5:3 146..179
          list 2 5:3 146..179
            sym "fib.prelude/Err" 5:3 146..179
            sym "#err.38" 5:3 146..179
          list 2 5:3 146..179
            sym "fib.prelude/Err" 5:3 146..179
            sym "#err.38" 5:3 146..179
    list 2 5:3 146..179
      list 2 5:3 146..179
        sym "fib.prelude/Err" 5:3 146..179
        sym "#err.39" 5:3 146..179
      list 2 5:3 146..179
        sym "fib.prelude/Err" 5:3 146..179
        sym "#err.39" 5:3 146..179
  list 4 6:3 182..206
    sym "match" 6:3 182..206
    sym "e" 6:15 194..195
    list 2 6:3 182..206
      list 2 6:3 182..206
        sym "fib.prelude/Ok" 6:3 182..206
        sym "x" 6:13 192..193
      list 4 6:3 182..206
        sym "match" 6:3 182..206
        sym "f" 6:19 198..199
        list 2 6:3 182..206
          list 2 6:3 182..206
            sym "fib.prelude/Ok" 6:3 182..206
            sym "y" 6:17 196..197
          sym "body" 6:22 201..205
        list 2 6:3 182..206
          list 2 6:3 182..206
            sym "fib.prelude/Err" 6:3 182..206
            sym "#err.40" 6:3 182..206
          list 2 6:3 182..206
            sym "fib.prelude/Err" 6:3 182..206
            sym "#err.40" 6:3 182..206
    list 2 6:3 182..206
      list 2 6:3 182..206
        sym "fib.prelude/Err" 6:3 182..206
        sym "#err.41" 6:3 182..206
      list 2 6:3 182..206
        sym "fib.prelude/Err" 6:3 182..206
        sym "#err.41" 6:3 182..206
  list 4 7:3 209..230
    sym "match" 7:3 209..230
    sym "e" 7:15 221..222
    list 2 7:3 209..230
      list 2 7:3 209..230
        sym "fib.prelude/Ok" 7:3 209..230
        sym "x" 7:13 219..220
      list 4 7:3 209..230
        sym "do" 7:3 209..230
        sym "a" 7:18 224..225
        sym "b" 7:20 226..227
        sym "c" 7:22 228..229
    list 2 7:3 209..230
      list 2 7:3 209..230
        sym "fib.prelude/Err" 7:3 209..230
        sym "#err.42" 7:3 209..230
      list 2 7:3 209..230
        sym "fib.prelude/Err" 7:3 209..230
        sym "#err.42" 7:3 209..230
  sym "body" 8:15 245..249
  sym "body" 9:15 265..269
  int 0 i64 10:3 273..274
status 0
#### compiler/tests/expand/e1-041-try-let-patterns-and-nesting.fib
== compiler/tests/expand/e1-041-try-let-patterns-and-nesting.fib
-- module main compiler/tests/expand/e1-041-try-let-patterns-and-nesting.fib
list 8 2:1 63..187
  sym "defun" 2:2 64..69
  sym "main" 2:8 70..74
  list 0 2:13 75..77
  sym "->" 2:16 78..80
  sym "i64" 2:19 81..84
  list 4 3:3 87..141
    sym "match" 3:3 87..141
    sym "e" 3:20 104..105
    list 2 3:3 87..141
      list 2 3:3 87..141
        sym "fib.prelude/Ok" 3:3 87..141
        vec 2 3:14 98..103
          sym "a" 3:15 99..100
          sym "b" 3:17 101..102
      list 4 3:3 87..141
        sym "match" 3:3 87..141
        sym "f" 3:33 117..118
        list 2 3:3 87..141
          list 2 3:3 87..141
            sym "fib.prelude/Ok" 3:3 87..141
            list 2 3:24 108..116
              sym "some" 3:25 109..113
              sym "x" 3:30 114..115
          list 4 3:37 121..140
            sym "match" 3:37 121..140
            sym "x" 3:50 134..135
            list 2 3:37 121..140
              list 2 3:37 121..140
                sym "fib.prelude/Ok" 3:37 121..140
                sym "y" 3:48 132..133
              sym "y" 3:54 138..139
            list 2 3:37 121..140
              list 2 3:37 121..140
                sym "fib.prelude/Err" 3:37 121..140
                sym "#err.36" 3:37 121..140
              list 2 3:37 121..140
                sym "fib.prelude/Err" 3:37 121..140
                sym "#err.36" 3:37 121..140
        list 2 3:3 87..141
          list 2 3:3 87..141
            sym "fib.prelude/Err" 3:3 87..141
            sym "#err.34" 3:3 87..141
          list 2 3:3 87..141
            sym "fib.prelude/Err" 3:3 87..141
            sym "#err.34" 3:3 87..141
    list 2 3:3 87..141
      list 2 3:3 87..141
        sym "fib.prelude/Err" 3:3 87..141
        sym "#err.35" 3:3 87..141
      list 2 3:3 87..141
        sym "fib.prelude/Err" 3:3 87..141
        sym "#err.35" 3:3 87..141
  list 4 4:3 144..182
    sym "match" 4:3 144..182
    list 4 4:16 157..177
      sym "match" 4:16 157..177
      list 1 4:29 170..173
        sym "g" 4:30 171..172
      list 2 4:16 157..177
        list 2 4:16 157..177
          sym "fib.prelude/Ok" 4:16 157..177
          sym "y" 4:27 168..169
        sym "y" 4:34 175..176
      list 2 4:16 157..177
        list 2 4:16 157..177
          sym "fib.prelude/Err" 4:16 157..177
          sym "#err.38" 4:16 157..177
        list 2 4:16 157..177
          sym "fib.prelude/Err" 4:16 157..177
          sym "#err.38" 4:16 157..177
    list 2 4:3 144..182
      list 2 4:3 144..182
        sym "fib.prelude/Ok" 4:3 144..182
        sym "x" 4:14 155..156
      sym "x" 4:39 180..181
    list 2 4:3 144..182
      list 2 4:3 144..182
        sym "fib.prelude/Err" 4:3 144..182
        sym "#err.37" 4:3 144..182
      list 2 4:3 144..182
        sym "fib.prelude/Err" 4:3 144..182
        sym "#err.37" 4:3 144..182
  int 0 i64 5:3 185..186
status 0
#### compiler/tests/expand/e1-042-error-try-let-binding-of-one.fib
== compiler/tests/expand/e1-042-error-try-let-binding-of-one.fib
-- module main compiler/tests/expand/e1-042-error-try-let-binding-of-one.fib
error Malformed 3:12 96..99: malformed try-let: the bindings are ((pattern expression) ..)
status 1
#### compiler/tests/expand/e1-043-error-try-let-binding-of-three.fib
== compiler/tests/expand/e1-043-error-try-let-binding-of-three.fib
-- module main compiler/tests/expand/e1-043-error-try-let-binding-of-three.fib
error Malformed 3:12 98..107: malformed try-let: the bindings are ((pattern expression) ..)
status 1
#### compiler/tests/expand/e1-044-error-try-let-odd-flat-bindings.fib
== compiler/tests/expand/e1-044-error-try-let-odd-flat-bindings.fib
-- module main compiler/tests/expand/e1-044-error-try-let-odd-flat-bindings.fib
error Malformed 3:12 99..106: malformed try-let: the bindings are ((pattern expression) ..)
status 1
#### compiler/tests/expand/e1-045-error-try-let-bindings-not-a-list.fib
== compiler/tests/expand/e1-045-error-try-let-bindings-not-a-list.fib
-- module main compiler/tests/expand/e1-045-error-try-let-bindings-not-a-list.fib
error Malformed 3:12 101..102: malformed try-let: the bindings are ((pattern expression) ..)
status 1
#### compiler/tests/expand/e1-046-error-try-let-without-a-body.fib
== compiler/tests/expand/e1-046-error-try-let-without-a-body.fib
-- module main compiler/tests/expand/e1-046-error-try-let-without-a-body.fib
error MacroArity 3:3 87..104: macro try-let takes at least 2 argument(s), got 1
status 1
#### compiler/tests/expand/e1-047-error-try-let-no-arguments.fib
== compiler/tests/expand/e1-047-error-try-let-no-arguments.fib
-- module main compiler/tests/expand/e1-047-error-try-let-no-arguments.fib
error MacroArity 3:3 85..94: macro try-let takes at least 2 argument(s), got 0
status 1
#### compiler/tests/expand/e1-052-error-for-no-arguments.fib
== compiler/tests/expand/e1-052-error-for-no-arguments.fib
-- module main compiler/tests/expand/e1-052-error-for-no-arguments.fib
error MacroArity 3:3 81..86: macro for takes at least 2 argument(s), got 0
status 1
#### compiler/tests/expand/e1-053-error-for-without-a-body.fib
== compiler/tests/expand/e1-053-error-for-without-a-body.fib
-- module main compiler/tests/expand/e1-053-error-for-without-a-body.fib
error MacroArity 3:3 83..95: macro for takes at least 2 argument(s), got 1
status 1
#### compiler/tests/expand/e1-054-error-for-empty-bindings.fib
== compiler/tests/expand/e1-054-error-for-empty-bindings.fib
-- module main compiler/tests/expand/e1-054-error-for-empty-bindings.fib
error Malformed 3:8 88..90: malformed for: the bindings are [pattern source ..]
status 1
#### compiler/tests/expand/e1-055-error-for-bindings-not-a-vector.fib
== compiler/tests/expand/e1-055-error-for-bindings-not-a-vector.fib
-- module main compiler/tests/expand/e1-055-error-for-bindings-not-a-vector.fib
error Malformed 3:8 95..96: malformed for: the bindings are [pattern source ..]
status 1
#### compiler/tests/expand/e1-056-error-for-a-pattern-with-no-source.fib
== compiler/tests/expand/e1-056-error-for-a-pattern-with-no-source.fib
-- module main compiler/tests/expand/e1-056-error-for-a-pattern-with-no-source.fib
error Malformed 3:9 99..100: malformed for: a binding is a pattern and a source
status 1
#### compiler/tests/expand/e1-057-error-for-a-modifier-first.fib
== compiler/tests/expand/e1-057-error-for-a-modifier-first.fib
-- module main compiler/tests/expand/e1-057-error-for-a-modifier-first.fib
error Malformed 3:9 91..96: malformed for: a modifier follows a binding
status 1
#### compiler/tests/expand/e1-058-error-for-an-unknown-modifier.fib
== compiler/tests/expand/e1-058-error-for-an-unknown-modifier.fib
-- module main compiler/tests/expand/e1-058-error-for-an-unknown-modifier.fib
error Malformed 3:19 104..105: malformed for: a modifier is :when, :while or :let
status 1
#### compiler/tests/expand/e1-059-error-for-let-with-an-odd-vector.fib
== compiler/tests/expand/e1-059-error-for-let-with-an-odd-vector.fib
-- module main compiler/tests/expand/e1-059-error-for-let-with-an-odd-vector.fib
error Malformed 3:19 107..110: malformed for: :let takes [pattern expression ..]
status 1
#### compiler/tests/expand/e1-060-error-for-let-not-a-vector.fib
== compiler/tests/expand/e1-060-error-for-let-not-a-vector.fib
-- module main compiler/tests/expand/e1-060-error-for-let-not-a-vector.fib
error Malformed 3:19 101..102: malformed for: :let takes [pattern expression ..]
status 1
#### compiler/tests/expand/e1-061-error-for-while-after-let.fib
== compiler/tests/expand/e1-061-error-for-while-after-let.fib
-- module main compiler/tests/expand/e1-061-error-for-while-after-let.fib
error Malformed 3:32 113..114: malformed for: :while after :let is not supported; write it before the :let
status 1
#### compiler/tests/expand/e1-062-error-for-two-whiles-after-let-reports-the-last.fib
== compiler/tests/expand/e1-062-error-for-two-whiles-after-let-reports-the-last.fib
-- module main compiler/tests/expand/e1-062-error-for-two-whiles-after-let-reports-the-last.fib
error Malformed 3:49 152..153: malformed for: :while after :let is not supported; write it before the :let
status 1
#### compiler/tests/expand/e1-063-error-for-second-level-while-after-let.fib
== compiler/tests/expand/e1-063-error-for-second-level-while-after-let.fib
-- module main compiler/tests/expand/e1-063-error-for-second-level-while-after-let.fib
error Malformed 3:37 131..132: malformed for: :while after :let is not supported; write it before the :let
status 1
#### compiler/tests/expand/e1-064-error-for-odd-binding-count-after-a-level.fib
== compiler/tests/expand/e1-064-error-for-odd-binding-count-after-a-level.fib
-- module main compiler/tests/expand/e1-064-error-for-odd-binding-count-after-a-level.fib
error Malformed 3:14 111..112: malformed for: a binding is a pattern and a source
status 1
#### compiler/tests/expand/e1-065-error-for-first-bad-level-wins.fib
== compiler/tests/expand/e1-065-error-for-first-bad-level-wins.fib
-- module main compiler/tests/expand/e1-065-error-for-first-bad-level-wins.fib
error Malformed 3:19 105..106: malformed for: :let takes [pattern expression ..]
status 1
#### compiler/tests/expand/e1-066-doseq-levels-and-modifiers.fib
== compiler/tests/expand/e1-066-doseq-levels-and-modifiers.fib
-- module main compiler/tests/expand/e1-066-doseq-levels-and-modifiers.fib
list 16 2:1 61..372
  sym "defun" 2:2 62..67
  sym "main" 2:8 68..72
  list 0 2:13 73..75
  sym "->" 2:16 76..78
  sym "i64" 2:19 79..82
  list 3 3:3 85..101
    sym "fib.seq/run!" 3:3 85..101
    list 3 3:3 85..101
      sym "fn" 3:3 85..101
      list 1 3:3 85..101
        sym "x" 3:11 93..94
      list 3 3:3 85..101
        sym "do" 3:3 85..101
        sym "a" 3:17 99..100
        list 0 3:3 85..101
    sym "xs" 3:13 95..97
  list 3 4:3 104..122
    sym "fib.seq/run!" 4:3 104..122
    list 3 4:3 104..122
      sym "fn" 4:3 104..122
      list 1 4:3 104..122
        sym "x" 4:11 112..113
      list 4 4:3 104..122
        sym "do" 4:3 104..122
        sym "a" 4:17 118..119
        sym "b" 4:19 120..121
        list 0 4:3 104..122
    sym "xs" 4:13 114..116
  list 3 5:3 125..149
    sym "fib.seq/run!" 5:3 125..149
    list 3 5:3 125..149
      sym "fn" 5:3 125..149
      list 1 5:3 125..149
        sym "x" 5:11 133..134
      list 3 5:3 125..149
        sym "do" 5:3 125..149
        sym "a" 5:25 147..148
        list 0 5:3 125..149
    list 3 5:3 125..149
      sym "fib.seq/Filtered" 5:3 125..149
      sym "xs" 5:13 135..137
      list 3 5:3 125..149
        sym "fn" 5:3 125..149
        list 1 5:3 125..149
          sym "x" 5:11 133..134
        sym "p" 5:22 144..145
  list 3 6:3 152..177
    sym "fib.seq/run!" 6:3 152..177
    list 3 6:3 152..177
      sym "fn" 6:3 152..177
      list 1 6:3 152..177
        sym "x" 6:11 160..161
      list 3 6:3 152..177
        sym "do" 6:3 152..177
        sym "a" 6:26 175..176
        list 0 6:3 152..177
    list 3 6:3 152..177
      sym "fib.seq/TakenWhile" 6:3 152..177
      sym "xs" 6:13 162..164
      list 3 6:3 152..177
        sym "fn" 6:3 152..177
        list 1 6:3 152..177
          sym "x" 6:11 160..161
        sym "p" 6:23 172..173
  list 3 7:3 180..207
    sym "fib.seq/run!" 7:3 180..207
    list 3 7:3 180..207
      sym "fn" 7:3 180..207
      list 1 7:3 180..207
        sym "x" 7:11 188..189
      list 3 7:3 180..207
        sym "let" 7:3 180..207
        list 1 7:3 180..207
          list 2 7:21 198..203
            sym "y" 7:22 199..200
            sym "e" 7:24 201..202
        list 3 7:3 180..207
          sym "do" 7:3 180..207
          sym "a" 7:28 205..206
          list 0 7:3 180..207
    sym "xs" 7:13 190..192
  list 3 8:3 210..245
    sym "fib.seq/run!" 8:3 210..245
    list 3 8:3 210..245
      sym "fn" 8:3 210..245
      list 1 8:3 210..245
        sym "x" 8:11 218..219
      list 3 8:3 210..245
        sym "let" 8:3 210..245
        list 1 8:3 210..245
          list 2 8:21 228..233
            sym "y" 8:22 229..230
            sym "e" 8:24 231..232
        list 4 8:3 210..245
          sym "if" 8:3 210..245
          sym "p" 8:33 240..241
          list 3 8:3 210..245
            sym "do" 8:3 210..245
            sym "a" 8:36 243..244
            list 0 8:3 210..245
          list 0 8:3 210..245
    sym "xs" 8:13 220..222
  list 3 9:3 248..271
    sym "fib.seq/run!" 9:3 248..271
    list 3 9:3 248..271
      sym "fn" 9:3 248..271
      list 1 9:3 248..271
        sym "x" 9:11 256..257
      list 3 9:3 248..271
        sym "fib.seq/run!" 9:3 248..271
        list 3 9:3 248..271
          sym "fn" 9:3 248..271
          list 1 9:3 248..271
            sym "y" 9:16 261..262
          list 4 9:3 248..271
            sym "do" 9:3 248..271
            sym "a" 9:22 267..268
            sym "b" 9:24 269..270
            list 0 9:3 248..271
        sym "ys" 9:18 263..265
    sym "xs" 9:13 258..260
  list 3 10:3 274..322
    sym "fib.seq/run!" 10:3 274..322
    list 3 10:3 274..322
      sym "fn" 10:3 274..322
      list 1 10:3 274..322
        sym "x" 10:11 282..283
      list 3 10:3 274..322
        sym "let" 10:3 274..322
        list 1 10:3 274..322
          list 2 10:21 292..297
            sym "a" 10:22 293..294
            int 1 i64 10:24 295..296
        list 4 10:3 274..322
          sym "if" 10:3 274..322
          sym "p" 10:33 304..305
          list 3 10:3 274..322
            sym "fib.seq/run!" 10:3 274..322
            list 3 10:3 274..322
              sym "fn" 10:3 274..322
              list 1 10:3 274..322
                sym "y" 10:35 306..307
              list 3 10:3 274..322
                sym "do" 10:3 274..322
                sym "b" 10:49 320..321
                list 0 10:3 274..322
            list 3 10:3 274..322
              sym "fib.seq/Filtered" 10:3 274..322
              sym "ys" 10:37 308..310
              list 3 10:3 274..322
                sym "fn" 10:3 274..322
                list 1 10:3 274..322
                  sym "y" 10:35 306..307
                sym "q" 10:46 317..318
          list 0 10:3 274..322
    sym "xs" 10:13 284..286
  list 3 11:3 325..350
    sym "fib.seq/run!" 11:3 325..350
    list 3 11:3 325..350
      sym "fn" 11:3 325..350
      list 1 11:3 325..350
        sym "#param.34" 11:11 333..338
      list 3 11:3 325..350
        sym "let" 11:3 325..350
        list 1 11:3 325..350
          list 2 11:3 325..350
            vec 2 11:11 333..338
              sym "k" 11:12 334..335
              sym "v" 11:14 336..337
            sym "#param.34" 11:11 333..338
        list 3 11:3 325..350
          sym "do" 11:3 325..350
          list 3 11:20 342..349
            sym "f" 11:21 343..344
            sym "k" 11:23 345..346
            sym "v" 11:25 347..348
          list 0 11:3 325..350
    sym "m" 11:17 339..340
  list 3 12:3 353..367
    sym "fib.seq/run!" 12:3 353..367
    list 3 12:3 353..367
      sym "fn" 12:3 353..367
      list 1 12:3 353..367
        sym "x" 12:11 361..362
      list 2 12:3 353..367
        sym "do" 12:3 353..367
        list 0 12:3 353..367
    sym "xs" 12:13 363..365
  int 0 i64 13:3 370..371
status 0
#### compiler/tests/expand/e1-068-error-doseq-no-arguments.fib
== compiler/tests/expand/e1-068-error-doseq-no-arguments.fib
-- module main compiler/tests/expand/e1-068-error-doseq-no-arguments.fib
error MacroArity 3:3 83..90: macro doseq takes at least 1 argument(s), got 0
status 1
#### compiler/tests/expand/e1-069-error-doseq-while-after-let.fib
== compiler/tests/expand/e1-069-error-doseq-while-after-let.fib
-- module main compiler/tests/expand/e1-069-error-doseq-while-after-let.fib
error Malformed 3:34 117..118: malformed doseq: :while after :let is not supported; write it before the :let
status 1
#### compiler/tests/expand/e1-070-error-doseq-an-unknown-modifier.fib
== compiler/tests/expand/e1-070-error-doseq-an-unknown-modifier.fib
-- module main compiler/tests/expand/e1-070-error-doseq-an-unknown-modifier.fib
error Malformed 3:21 108..109: malformed doseq: a modifier is :when, :while or :let
status 1
#### compiler/tests/expand/e1-071-error-doseq-pattern-with-no-source.fib
== compiler/tests/expand/e1-071-error-doseq-pattern-with-no-source.fib
-- module main compiler/tests/expand/e1-071-error-doseq-pattern-with-no-source.fib
error Malformed 3:11 101..102: malformed doseq: a binding is a pattern and a source
status 1
#### compiler/tests/expand/e1-072-fn-bare-vector-parameter.fib
== compiler/tests/expand/e1-072-fn-bare-vector-parameter.fib
-- module main compiler/tests/expand/e1-072-fn-bare-vector-parameter.fib
list 10 2:1 59..187
  sym "defun" 2:2 60..65
  sym "main" 2:8 66..70
  list 0 2:13 71..73
  sym "->" 2:16 74..76
  sym "i64" 2:19 77..80
  list 3 3:3 83..109
    sym "fn" 3:4 84..86
    list 2 3:7 87..98
      sym "acc" 3:8 88..91
      sym "#param.34" 3:12 92..97
    list 3 3:3 83..109
      sym "let" 3:3 83..109
      list 1 3:3 83..109
        list 2 3:3 83..109
          vec 2 3:12 92..97
            sym "k" 3:13 93..94
            sym "v" 3:15 95..96
          sym "#param.34" 3:12 92..97
      list 3 3:19 99..108
        sym "+" 3:20 100..101
        sym "acc" 3:22 102..105
        sym "k" 3:26 106..107
  list 3 4:3 112..126
    sym "fn" 4:4 113..115
    list 1 4:7 116..123
      sym "#param.35" 4:8 117..122
    list 3 4:3 112..126
      sym "let" 4:3 112..126
      list 1 4:3 112..126
        list 2 4:3 112..126
          vec 2 4:8 117..122
            sym "a" 4:9 118..119
            sym "b" 4:11 120..121
          sym "#param.35" 4:8 117..122
      sym "a" 4:15 124..125
  list 3 5:3 129..155
    sym "fn" 5:4 130..132
    list 2 5:7 133..146
      sym "#param.36" 5:8 134..139
      sym "#param.37" 5:14 140..145
    list 3 5:3 129..155
      sym "let" 5:3 129..155
      list 2 5:3 129..155
        list 2 5:3 129..155
          vec 2 5:8 134..139
            sym "a" 5:9 135..136
            sym "b" 5:11 137..138
          sym "#param.36" 5:8 134..139
        list 2 5:3 129..155
          vec 2 5:14 140..145
            sym "c" 5:15 141..142
            sym "d" 5:17 143..144
          sym "#param.37" 5:14 140..145
      list 3 5:21 147..154
        sym "+" 5:22 148..149
        sym "a" 5:24 150..151
        sym "c" 5:26 152..153
  list 3 6:3 158..182
    sym "fn" 6:4 159..161
    list 4 6:7 162..179
      sym "x" 6:8 163..164
      sym "#param.38" 6:10 165..170
      sym "y" 6:16 171..172
      sym "#param.39" 6:18 173..178
    list 3 6:3 158..182
      sym "let" 6:3 158..182
      list 2 6:3 158..182
        list 2 6:3 158..182
          vec 2 6:10 165..170
            sym "a" 6:11 166..167
            sym "b" 6:13 168..169
          sym "#param.38" 6:10 165..170
        list 2 6:3 158..182
          vec 2 6:18 173..178
            sym "c" 6:19 174..175
            sym "d" 6:21 176..177
          sym "#param.39" 6:18 173..178
      sym "x" 6:25 180..181
  int 0 i64 7:3 185..186
status 0
#### compiler/tests/expand/e1-073-fn-as-names-the-parameter-and-may-type-it.fib
== compiler/tests/expand/e1-073-fn-as-names-the-parameter-and-may-type-it.fib
-- module main compiler/tests/expand/e1-073-fn-as-names-the-parameter-and-may-type-it.fib
list 9 2:1 76..222
  sym "defun" 2:2 77..82
  sym "main" 2:8 83..87
  list 0 2:13 88..90
  sym "->" 2:16 91..93
  sym "i64" 2:19 94..97
  list 3 3:3 100..130
    sym "fn" 3:4 101..103
    list 2 3:7 104..121
      sym "a" 3:8 105..106
      sym "p" 3:21 118..119
    list 3 3:3 100..130
      sym "let" 3:3 100..130
      list 1 3:3 100..130
        list 2 3:3 100..130
          vec 2 3:11 108..113
            sym "k" 3:12 109..110
            sym "v" 3:14 111..112
          sym "p" 3:21 118..119
      list 3 3:25 122..129
        sym "f" 3:26 123..124
        sym "p" 3:28 125..126
        sym "k" 3:30 127..128
  list 3 4:3 133..167
    sym "fn" 4:4 134..136
    list 3 4:7 137..160
      sym "a" 4:8 138..139
      sym "p:" 4:21 151..153
      sym "Pair" 4:24 154..158
    list 3 4:3 133..167
      sym "let" 4:3 133..167
      list 1 4:3 133..167
        list 2 4:3 133..167
          vec 2 4:11 141..146
            sym "k" 4:12 142..143
            sym "v" 4:14 144..145
          sym "p" 4:21 151..153
      list 2 4:31 161..166
        sym "f" 4:32 162..163
        sym "p" 4:34 164..165
  list 3 5:3 170..217
    sym "fn" 5:4 171..173
    list 3 5:7 174..214
      sym "p" 5:19 186..187
      sym "q:" 5:33 200..202
      list 2 5:36 203..212
        sym "Vec" 5:37 204..207
        sym "i64" 5:41 208..211
    list 3 5:3 170..217
      sym "let" 5:3 170..217
      list 2 5:3 170..217
        list 2 5:3 170..217
          vec 2 5:9 176..181
            sym "k" 5:10 177..178
            sym "v" 5:12 179..180
          sym "p" 5:19 186..187
        list 2 5:3 170..217
          vec 2 5:23 190..195
            sym "a" 5:24 191..192
            sym "b" 5:26 193..194
          sym "q" 5:33 200..202
      sym "p" 5:48 215..216
  int 0 i64 6:3 220..221
status 0
#### compiler/tests/expand/e1-074-fn-name-annotations-and-several-body-forms.fib
== compiler/tests/expand/e1-074-fn-name-annotations-and-several-body-forms.fib
-- module main compiler/tests/expand/e1-074-fn-name-annotations-and-several-body-forms.fib
list 11 2:1 77..274
  sym "defun" 2:2 78..83
  sym "main" 2:8 84..88
  list 0 2:13 89..91
  sym "->" 2:16 92..94
  sym "i64" 2:19 95..98
  list 4 3:3 101..118
    sym "fn" 3:4 102..104
    sym "go" 3:7 105..107
    list 1 3:10 108..115
      sym "#param.34" 3:11 109..114
    list 3 3:3 101..118
      sym "let" 3:3 101..118
      list 1 3:3 101..118
        list 2 3:3 101..118
          vec 2 3:11 109..114
            sym "a" 3:12 110..111
            sym "b" 3:14 112..113
          sym "#param.34" 3:11 109..114
      sym "a" 3:18 116..117
  list 6 4:3 121..147
    sym "fn" 4:4 122..124
    sym "go" 4:7 125..127
    list 1 4:10 128..135
      sym "#param.35" 4:11 129..134
    sym "->" 4:18 136..138
    sym "i64" 4:21 139..142
    list 4 4:3 121..147
      sym "let" 4:3 121..147
      list 1 4:3 121..147
        list 2 4:3 121..147
          vec 2 4:11 129..134
            sym "a" 4:12 130..131
            sym "b" 4:14 132..133
          sym "#param.35" 4:11 129..134
      sym "a" 4:25 143..144
      sym "b" 4:27 145..146
  list 5 5:3 150..181
    sym "fn" 5:4 151..153
    list 1 5:7 154..161
      sym "#param.36" 5:8 155..160
    sym "->" 5:15 162..164
    sym "i64" 5:18 165..168
    list 4 5:3 150..181
      sym "let" 5:3 150..181
      list 1 5:3 150..181
        list 2 5:3 150..181
          vec 2 5:8 155..160
            sym "a" 5:9 156..157
            sym "b" 5:11 158..159
          sym "#param.36" 5:8 155..160
      list 2 5:22 169..174
        sym "f" 5:23 170..171
        sym "a" 5:25 172..173
      list 2 5:28 175..180
        sym "g" 5:29 176..177
        sym "b" 5:31 178..179
  list 5 6:3 184..218
    sym "fn" 6:4 185..187
    list 1 6:7 188..195
      sym "#param.37" 6:8 189..194
    kw "where" 6:15 196..202
    list 1 6:22 203..211
      list 2 6:23 204..210
        sym "Eq" 6:24 205..207
        sym "a" 6:27 208..209
    list 3 6:3 184..218
      sym "let" 6:3 184..218
      list 1 6:3 184..218
        list 2 6:3 184..218
          vec 2 6:8 189..194
            sym "a" 6:9 190..191
            sym "b" 6:11 192..193
          sym "#param.37" 6:8 189..194
      list 2 6:31 212..217
        sym "f" 6:32 213..214
        sym "a" 6:34 215..216
  list 7 7:3 221..269
    sym "fn" 7:4 222..224
    list 1 7:7 225..232
      sym "#param.38" 7:8 226..231
    kw "where" 7:15 233..239
    list 1 7:22 240..248
      list 2 7:23 241..247
        sym "Eq" 7:24 242..244
        sym "a" 7:27 245..246
    sym "->" 7:31 249..251
    sym "bool" 7:34 252..256
    list 4 7:3 221..269
      sym "let" 7:3 221..269
      list 1 7:3 221..269
        list 2 7:3 221..269
          vec 2 7:8 226..231
            sym "a" 7:9 227..228
            sym "b" 7:11 229..230
          sym "#param.38" 7:8 226..231
      list 2 7:39 257..262
        sym "f" 7:40 258..259
        sym "a" 7:42 260..261
      list 2 7:45 263..268
        sym "g" 7:46 264..265
        sym "b" 7:48 266..267
  int 0 i64 8:3 272..273
status 0
#### compiler/tests/expand/e1-075-fn-type-after-a-colon-is-not-a-pattern.fib
== compiler/tests/expand/e1-075-fn-type-after-a-colon-is-not-a-pattern.fib
-- module main compiler/tests/expand/e1-075-fn-type-after-a-colon-is-not-a-pattern.fib
list 9 2:1 73..178
  sym "defun" 2:2 74..79
  sym "main" 2:8 80..84
  list 0 2:13 85..87
  sym "->" 2:16 88..90
  sym "i64" 2:19 91..94
  list 3 3:3 97..114
    sym "fn" 3:4 98..100
    list 2 3:7 101..111
      sym "x:" 3:8 102..104
      vec 2 3:11 105..110
        sym "a" 3:12 106..107
        sym "b" 3:14 108..109
    sym "x" 3:18 112..113
  list 3 4:3 117..144
    sym "fn" 4:4 118..120
    list 3 4:7 121..141
      sym "x:" 4:8 122..124
      list 2 4:11 125..134
        sym "Vec" 4:12 126..129
        sym "i64" 4:16 130..133
      sym "#param.34" 4:21 135..140
    list 3 4:3 117..144
      sym "let" 4:3 117..144
      list 1 4:3 117..144
        list 2 4:3 117..144
          vec 2 4:21 135..140
            sym "a" 4:22 136..137
            sym "b" 4:24 138..139
          sym "#param.34" 4:21 135..140
      sym "x" 4:28 142..143
  list 3 5:3 147..173
    sym "fn" 5:4 148..150
    list 4 5:7 151..170
      sym "x:" 5:8 152..154
      vec 2 5:11 155..160
        sym "a" 5:12 156..157
        sym "b" 5:14 158..159
      sym "y:" 5:17 161..163
      vec 2 5:20 164..169
        sym "c" 5:21 165..166
        sym "d" 5:23 167..168
    sym "x" 5:27 171..172
  int 0 i64 6:3 176..177
status 0
#### compiler/tests/expand/e1-076-fn-without-a-pattern-parameter-is-left-alone.fib
== compiler/tests/expand/e1-076-fn-without-a-pattern-parameter-is-left-alone.fib
-- module main compiler/tests/expand/e1-076-fn-without-a-pattern-parameter-is-left-alone.fib
list 16 2:1 79..327
  sym "defun" 2:2 80..85
  sym "main" 2:8 86..90
  list 0 2:13 91..93
  sym "->" 2:16 94..96
  sym "i64" 2:19 97..100
  list 3 3:3 103..115
    sym "fn" 3:4 104..106
    list 2 3:7 107..112
      sym "a" 3:8 108..109
      sym "b" 3:10 110..111
    sym "a" 3:13 113..114
  list 3 4:3 118..127
    sym "fn" 4:4 119..121
    list 0 4:7 122..124
    int 1 i64 4:10 125..126
  list 3 5:3 130..146
    sym "fn" 5:4 131..133
    list 2 5:7 134..143
      sym "a" 5:8 135..136
      list 2 5:10 137..142
        sym "f" 5:11 138..139
        sym "x" 5:13 140..141
    sym "a" 5:17 144..145
  list 3 6:3 149..169
    sym "fn" 6:4 150..152
    list 2 6:7 153..166
      sym "a" 6:8 154..155
      list 3 6:10 156..165
        sym "x" 6:11 157..158
        kw "as" 6:13 159..162
        sym "_" 6:17 163..164
    sym "a" 6:21 167..168
  list 3 7:3 172..193
    sym "fn" 7:4 173..175
    list 2 7:7 176..190
      sym "a" 7:8 177..178
      list 3 7:10 179..189
        sym "x" 7:11 180..181
        kw "but" 7:13 182..186
        sym "p" 7:18 187..188
    sym "a" 7:22 191..192
  list 3 8:3 196..225
    sym "fn" 8:4 197..199
    list 2 8:7 200..222
      sym "a" 8:8 201..202
      list 5 8:10 203..221
        sym "x" 8:11 204..205
        kw "as" 8:13 206..209
        sym "p:" 8:17 210..212
        sym "T" 8:20 213..214
        sym "extra" 8:22 215..220
    sym "a" 8:30 223..224
  list 3 9:3 228..254
    sym "fn" 9:4 229..231
    list 2 9:7 232..251
      sym "a" 9:8 233..234
      list 4 9:10 235..250
        sym "x" 9:11 236..237
        kw "as" 9:13 238..241
        sym "p" 9:17 242..243
        sym "extra" 9:19 244..249
    sym "a" 9:27 252..253
  list 3 10:3 257..275
    sym "fn" 10:4 258..260
    list 2 10:7 261..272
      sym "a" 10:8 262..263
      list 2 10:10 264..271
        sym "x" 10:11 265..266
        kw "as" 10:13 267..270
    sym "a" 10:19 273..274
  list 3 11:3 278..298
    sym "fn" 11:4 279..281
    list 2 11:7 282..295
      sym "a" 11:8 283..284
      list 3 11:10 285..294
        sym "x" 11:11 286..287
        kw "as" 11:13 288..291
        int 5 i64 11:17 292..293
    sym "a" 11:21 296..297
  list 3 12:3 301..322
    sym "fn" 12:4 302..304
    list 2 12:7 305..319
      sym "a" 12:8 306..307
      list 3 12:10 308..318
        sym "x" 12:11 309..310
        kw "as" 12:13 311..314
        sym "p:" 12:17 315..317
    sym "a" 12:22 320..321
  int 0 i64 13:3 325..326
status 0
#### compiler/tests/expand/e1-078-error-fn-with-a-pattern-parameter-and-no-body.fib
== compiler/tests/expand/e1-078-error-fn-with-a-pattern-parameter-and-no-body.fib
-- module main compiler/tests/expand/e1-078-error-fn-with-a-pattern-parameter-and-no-body.fib
error Malformed 3:3 104..116: malformed fn: missing body
status 1
#### compiler/tests/expand/e1-079-error-fn-pattern-parameter-then-annotation-and-no-body.fib
== compiler/tests/expand/e1-079-error-fn-pattern-parameter-then-annotation-and-no-body.fib
-- module main compiler/tests/expand/e1-079-error-fn-pattern-parameter-then-annotation-and-no-body.fib
error Malformed 3:3 113..132: malformed fn: missing body
status 1
#### compiler/tests/expand/e1-080-defun-typed-pattern-parameter.fib
== compiler/tests/expand/e1-080-defun-typed-pattern-parameter.fib
-- module main compiler/tests/expand/e1-080-defun-typed-pattern-parameter.fib
list 6 2:1 64..124
  sym "defun" 2:2 65..70
  sym "f" 2:8 71..72
  list 3 2:10 73..106
    sym "a" 2:11 74..75
    sym "p:" 2:24 87..89
    list 3 2:27 90..104
      sym "Pair" 2:28 91..95
      sym "i64" 2:33 96..99
      sym "i64" 2:37 100..103
  sym "->" 2:44 107..109
  sym "i64" 2:47 110..113
  list 3 2:1 64..124
    sym "let" 2:1 64..124
    list 1 2:1 64..124
      list 2 2:1 64..124
        vec 2 2:14 77..82
          sym "k" 2:15 78..79
          sym "v" 2:17 80..81
        sym "p" 2:24 87..89
    list 3 3:3 116..123
      sym "+" 3:4 117..118
      sym "a" 3:6 119..120
      sym "k" 3:8 121..122
list 6 4:1 125..204
  sym "defun" 4:2 126..131
  sym "g" 4:8 132..133
  list 6 4:10 134..176
    sym "p:" 4:22 146..148
    sym "T" 4:25 149..150
    sym "x:" 4:28 152..154
    sym "i64" 4:31 155..158
    sym "q:" 4:46 170..172
    sym "U" 4:49 173..174
  sym "->" 4:53 177..179
  sym "i64" 4:56 180..183
  list 4 4:1 125..204
    sym "let" 4:1 125..204
    list 2 4:1 125..204
      list 2 4:1 125..204
        vec 2 4:12 136..141
          sym "a" 4:13 137..138
          sym "b" 4:15 139..140
        sym "p" 4:22 146..148
      list 2 4:1 125..204
        vec 2 4:36 160..165
          sym "c" 4:37 161..162
          sym "d" 4:39 163..164
        sym "q" 4:46 170..172
    list 3 5:3 186..193
      sym "f" 5:4 187..188
      sym "a" 5:6 189..190
      sym "c" 5:8 191..192
    list 3 6:3 196..203
      sym "f" 6:4 197..198
      sym "b" 6:6 199..200
      sym "d" 6:8 201..202
list 7 7:1 205..251
  sym "defun" 7:2 206..211
  sym "h" 7:8 212..213
  kw "private" 7:10 214..222
  list 2 7:19 223..241
    sym "p:" 7:31 235..237
    sym "T" 7:34 238..239
  sym "->" 7:38 242..244
  sym "i64" 7:41 245..248
  list 3 7:1 205..251
    sym "let" 7:1 205..251
    list 1 7:1 205..251
      list 2 7:1 205..251
        vec 2 7:21 225..230
          sym "a" 7:22 226..227
          sym "b" 7:24 228..229
        sym "p" 7:31 235..237
    sym "a" 7:45 249..250
list 8 8:1 252..305
  sym "defun" 8:2 253..258
  sym "w" 8:8 259..260
  list 2 8:10 261..279
    sym "p:" 8:22 273..275
    sym "T" 8:25 276..277
  kw "where" 8:29 280..286
  list 1 8:36 287..295
    list 2 8:37 288..294
      sym "Eq" 8:38 289..291
      sym "T" 8:41 292..293
  sym "->" 8:45 296..298
  sym "i64" 8:48 299..302
  list 3 8:1 252..305
    sym "let" 8:1 252..305
    list 1 8:1 252..305
      list 2 8:1 252..305
        vec 2 8:12 263..268
          sym "a" 8:13 264..265
          sym "b" 8:15 266..267
        sym "p" 8:22 273..275
    sym "a" 8:52 303..304
status 0
#### compiler/tests/expand/e1-081-defun-pattern-parameter-names-the-type-in-the-let.fib
== compiler/tests/expand/e1-081-defun-pattern-parameter-names-the-type-in-the-let.fib
-- module main compiler/tests/expand/e1-081-defun-pattern-parameter-names-the-type-in-the-let.fib
list 6 2:1 84..149
  sym "defun" 2:2 85..90
  sym "f" 2:8 91..92
  list 2 2:10 93..123
    sym "p:" 2:26 109..111
    list 2 2:29 112..121
      sym "Vec" 2:30 113..116
      sym "i64" 2:34 117..120
  sym "->" 2:41 124..126
  sym "i64" 2:44 127..130
  list 3 2:1 84..149
    sym "let" 2:1 84..149
    list 1 2:1 84..149
      list 2 2:1 84..149
        vec 2 2:12 95..104
          sym "a" 2:13 96..97
          vec 2 2:15 98..103
            sym "b" 2:16 99..100
            sym "c" 2:18 101..102
        sym "p" 2:26 109..111
    list 3 3:3 133..148
      sym "let" 3:4 134..137
      list 1 3:8 138..145
        list 2 3:9 139..144
          sym "x" 3:10 140..141
          sym "p" 3:12 142..143
      sym "a" 3:16 146..147
list 6 4:1 150..186
  sym "defun" 4:2 151..156
  sym "main" 4:8 157..161
  list 0 4:13 162..164
  sym "->" 4:16 165..167
  sym "i64" 4:19 168..171
  list 2 4:23 172..185
    sym "f" 4:24 173..174
    list 3 4:26 175..184
      sym "fib.prelude/vec-conj" 4:26 175..184
      list 3 4:26 175..184
        sym "fib.prelude/vec-conj" 4:26 175..184
        list 1 4:26 175..184
          sym "fib.prelude/vec-empty" 4:26 175..184
        int 1 i64 4:27 176..177
      list 3 4:29 178..183
        sym "fib.prelude/vec-conj" 4:29 178..183
        list 3 4:29 178..183
          sym "fib.prelude/vec-conj" 4:29 178..183
          list 1 4:29 178..183
            sym "fib.prelude/vec-empty" 4:29 178..183
          int 2 i64 4:30 179..180
        int 3 i64 4:32 181..182
status 0
#### compiler/tests/expand/e1-082-error-defun-bare-vector-parameter.fib
== compiler/tests/expand/e1-082-error-defun-bare-vector-parameter.fib
-- module main compiler/tests/expand/e1-082-error-defun-bare-vector-parameter.fib
error Malformed 2:13 80..85: malformed defun: a pattern parameter is (pattern :as name: type)
status 1
#### compiler/tests/expand/e1-083-error-defun-as-without-a-type.fib
== compiler/tests/expand/e1-083-error-defun-as-without-a-type.fib
-- module main compiler/tests/expand/e1-083-error-defun-as-without-a-type.fib
error Malformed 2:14 77..82: malformed defun: a pattern parameter is (pattern :as name: type)
status 1
#### compiler/tests/expand/e1-084-error-defun-second-pattern-parameter-untyped.fib
== compiler/tests/expand/e1-084-error-defun-second-pattern-parameter-untyped.fib
-- module main compiler/tests/expand/e1-084-error-defun-second-pattern-parameter-untyped.fib
error Malformed 2:29 107..112: malformed defun: a pattern parameter is (pattern :as name: type)
status 1
#### compiler/tests/expand/e1-085-error-defun-pattern-parameter-and-no-body.fib
== compiler/tests/expand/e1-085-error-defun-pattern-parameter-and-no-body.fib
-- module main compiler/tests/expand/e1-085-error-defun-pattern-parameter-and-no-body.fib
error Malformed 2:1 76..111: malformed defun: missing body
status 1
#### compiler/tests/expand/e1-086-error-defun-pattern-parameter-no-parameter-list.fib
== compiler/tests/expand/e1-086-error-defun-pattern-parameter-no-parameter-list.fib
-- module main compiler/tests/expand/e1-086-error-defun-pattern-parameter-no-parameter-list.fib
error Malformed 2:1 82..91: malformed defun: expected a parameter list
status 1
#### compiler/tests/expand/e1-087-defun-plain-parameters-are-left-alone.fib
== compiler/tests/expand/e1-087-defun-plain-parameters-are-left-alone.fib
-- module main compiler/tests/expand/e1-087-defun-plain-parameters-are-left-alone.fib
list 6 2:1 72..112
  sym "defun" 2:2 73..78
  sym "f" 2:8 79..80
  list 4 2:10 81..102
    sym "a:" 2:11 82..84
    sym "i64" 2:14 85..88
    sym "b:" 2:18 89..91
    list 2 2:21 92..101
      sym "Vec" 2:22 93..96
      sym "i64" 2:26 97..100
  sym "->" 2:32 103..105
  sym "i64" 2:35 106..109
  sym "a" 2:39 110..111
list 6 3:1 113..142
  sym "defun" 3:2 114..119
  sym "g" 3:8 120..121
  list 2 3:10 122..132
    sym "x:" 3:11 123..125
    vec 2 3:14 126..131
      sym "a" 3:15 127..128
      sym "b" 3:17 129..130
  sym "->" 3:21 133..135
  sym "i64" 3:24 136..139
  int 1 i64 3:28 140..141
list 6 4:1 143..164
  sym "defun" 4:2 144..149
  sym "h" 4:8 150..151
  list 0 4:10 152..154
  sym "->" 4:13 155..157
  sym "i64" 4:16 158..161
  int 1 i64 4:20 162..163
status 0
#### compiler/tests/expand/e1-088-pattern-parameters-in-impl-and-protocol-bodies.fib
== compiler/tests/expand/e1-088-pattern-parameters-in-impl-and-protocol-bodies.fib
-- module main compiler/tests/expand/e1-088-pattern-parameters-in-impl-and-protocol-bodies.fib
list 3 2:1 81..141
  sym "defprotocol" 2:2 82..93
  sym "Walk" 2:14 94..98
  list 5 2:19 99..140
    sym "walk" 2:20 100..104
    list 2 2:25 105..113
      sym "self" 2:26 106..110
      sym "f" 2:31 111..112
    sym "->" 2:34 114..116
    sym "i64" 2:37 117..120
    list 2 2:41 121..139
      sym "f" 2:42 122..123
      list 3 2:44 124..138
        sym "fn" 2:45 125..127
        list 1 2:48 128..135
          sym "#param.34" 2:49 129..134
        list 3 2:44 124..138
          sym "let" 2:44 124..138
          list 1 2:44 124..138
            list 2 2:44 124..138
              vec 2 2:49 129..134
                sym "a" 2:50 130..131
                sym "b" 2:52 132..133
              sym "#param.34" 2:49 129..134
          sym "a" 2:56 136..137
list 3 3:1 142..164
  sym "defstruct" 3:2 143..152
  sym "S" 3:12 153..154
  list 2 3:14 155..163
    sym "v:" 3:15 156..158
    sym "i64" 3:18 159..162
list 4 4:1 165..213
  sym "impl" 4:2 166..170
  sym "Walk" 4:7 171..175
  sym "S" 4:12 176..177
  list 3 4:14 178..212
    sym "walk" 4:15 179..183
    list 2 4:20 184..192
      sym "self" 4:21 185..189
      sym "f" 4:26 190..191
    list 2 4:29 193..211
      sym "f" 4:30 194..195
      list 3 4:32 196..210
        sym "fn" 4:33 197..199
        list 1 4:36 200..207
          sym "#param.35" 4:37 201..206
        list 3 4:32 196..210
          sym "let" 4:32 196..210
          list 1 4:32 196..210
            list 2 4:32 196..210
              vec 2 4:37 201..206
                sym "a" 4:38 202..203
                sym "b" 4:40 204..205
              sym "#param.35" 4:37 201..206
          sym "a" 4:44 208..209
status 0
#### compiler/tests/expand/e1-089-pattern-parameters-in-a-macro-expansion-and-a-quasiquote.fib
== compiler/tests/expand/e1-089-pattern-parameters-in-a-macro-expansion-and-a-quasiquote.fib
-- module main compiler/tests/expand/e1-089-pattern-parameters-in-a-macro-expansion-and-a-quasiquote.fib
list 4 2:1 91..123
  sym "defmacro" 2:2 92..100
  sym "twice" 2:11 101..106
  list 1 2:17 107..110
    sym "x" 2:18 108..109
  list 2 2:22 112..122
    sym "fib.prelude/List" 2:22 112..122
    list 4 2:22 112..122
      sym "fib.prelude/concat" 2:22 112..122
      list 3 2:23 113..115
        sym "fib.prelude/vec-conj" 2:23 113..115
        list 1 2:23 113..115
          sym "fib.prelude/vec-empty" 2:23 113..115
        list 2 2:23 113..115
          sym "quote" 2:23 113..115
          sym "do" 2:23 113..115
      list 3 2:26 116..118
        sym "fib.prelude/vec-conj" 2:26 116..118
        list 1 2:26 116..118
          sym "fib.prelude/vec-empty" 2:26 116..118
        sym "x" 2:27 117..118
      list 3 2:29 119..121
        sym "fib.prelude/vec-conj" 2:29 119..121
        list 1 2:29 119..121
          sym "fib.prelude/vec-empty" 2:29 119..121
        sym "x" 2:30 120..121
list 7 3:1 124..167
  sym "defun" 3:2 125..130
  sym "main" 3:8 131..135
  list 0 3:13 136..138
  sym "->" 3:16 139..141
  sym "i64" 3:19 142..145
  list 3 4:3 148..162
    sym "fn" 4:4 149..151
    list 1 4:7 152..159
      sym "#param.34" 4:8 153..158
    list 3 4:3 148..162
      sym "let" 4:3 148..162
      list 1 4:3 148..162
        list 2 4:3 148..162
          vec 2 4:8 153..158
            sym "a" 4:9 154..155
            sym "b" 4:11 156..157
          sym "#param.34" 4:8 153..158
      sym "a" 4:15 160..161
  int 0 i64 5:3 165..166
status 0
#### compiler/tests/expand/m2b-001-rest-parameter-keeps-argument-positions.fib
== compiler/tests/expand/m2b-001-rest-parameter-keeps-argument-positions.fib
-- module main compiler/tests/expand/m2b-001-rest-parameter-keeps-argument-positions.fib
error MacroNeedsEvaluator 3:13 121..129: macro tail needs the evaluator to expand (pending)
status 1
#### compiler/tests/expand/m2b-002-gensym-counts-across-calls.fib
== compiler/tests/expand/m2b-002-gensym-counts-across-calls.fib
-- module main compiler/tests/expand/m2b-002-gensym-counts-across-calls.fib
error MacroNeedsEvaluator 3:26 202..224: macro swap-let needs the evaluator to expand (pending)
status 1
#### compiler/tests/expand/m2b-003-macro-output-calls-macros.fib
== compiler/tests/expand/m2b-003-macro-output-calls-macros.fib
-- module main compiler/tests/expand/m2b-003-macro-output-calls-macros.fib
error MacroNeedsEvaluator 4:23 144..162: macro both needs the evaluator to expand (pending)
status 1
#### compiler/tests/expand/m2b-004-reflection-answers.fib
== compiler/tests/expand/m2b-004-reflection-answers.fib
-- module main compiler/tests/expand/m2b-004-reflection-answers.fib
error MacroNeedsEvaluator 9:27 423..436: macro names needs the evaluator to expand (pending)
status 1
#### compiler/tests/expand/m2b-005-literal-kinds-round-trip.fib
== compiler/tests/expand/m2b-005-literal-kinds-round-trip.fib
-- module main compiler/tests/expand/m2b-005-literal-kinds-round-trip.fib
error MacroNeedsEvaluator 3:27 175..181: macro lits needs the evaluator to expand (pending)
status 1
#### compiler/tests/expand/m2b-006-macro-body-does-not-check.fib
== compiler/tests/expand/m2b-006-macro-body-does-not-check.fib
-- module main compiler/tests/expand/m2b-006-macro-body-does-not-check.fib
error MacroNeedsEvaluator 2:23 53..60: macro bad needs the evaluator to expand (pending)
status 1
#### compiler/tests/expand/m2b-007-macro-builds-forms-of-every-kind.fib
== compiler/tests/expand/m2b-007-macro-builds-forms-of-every-kind.fib
-- module main compiler/tests/expand/m2b-007-macro-builds-forms-of-every-kind.fib
error MacroNeedsEvaluator 3:27 173..179: macro give needs the evaluator to expand (pending)
status 1
#### compiler/tests/expand/m2b-008-macro-recursion-and-splicing.fib
== compiler/tests/expand/m2b-008-macro-recursion-and-splicing.fib
-- module main compiler/tests/expand/m2b-008-macro-recursion-and-splicing.fib
error MacroNeedsEvaluator 4:27 215..223: macro nest needs the evaluator to expand (pending)
status 1
