#### compiler/tests/own/amp-cases/01-twice-in-an-impl-method.fib
rejected:
compiler/tests/own/amp-cases/01-twice-in-an-impl-method.fib:7:48: variable x passed to more than one & parameter in call to bar
compiler/tests/own/amp-cases/01-twice-in-an-impl-method.fib:6:51: variable x passed to more than one & parameter in call to bar
status 1
#### compiler/tests/own/amp-cases/02-twice-three-times-and-two-variables.fib
rejected:
compiler/tests/own/amp-cases/02-twice-three-times-and-two-variables.fib:7:8: variable y passed to more than one & parameter in call to bar
compiler/tests/own/amp-cases/02-twice-three-times-and-two-variables.fib:7:8: variable x passed to more than one & parameter in call to bar
compiler/tests/own/amp-cases/02-twice-three-times-and-two-variables.fib:7:26: variable x passed to more than one & parameter in call to bar
compiler/tests/own/amp-cases/02-twice-three-times-and-two-variables.fib:7:44: variable x passed to more than one & parameter in call to bar
compiler/tests/own/amp-cases/02-twice-three-times-and-two-variables.fib:7:44: variable y passed to more than one & parameter in call to bar
status 1
#### compiler/tests/own/amp-cases/03-twice-through-an-unnamed-head.fib
rejected:
compiler/tests/own/amp-cases/03-twice-through-an-unnamed-head.fib:6:8: variable x passed to more than one & parameter in call to the function at compiler/tests/own/amp-cases/03-twice-through-an-unnamed-head.fib:6:9
compiler/tests/own/amp-cases/03-twice-through-an-unnamed-head.fib:6:25: variable x passed to more than one & parameter in call to h
status 1
#### compiler/tests/own/amp-cases/04-twice-in-a-closure-and-in-a-let.fib
rejected:
compiler/tests/own/amp-cases/04-twice-in-a-closure-and-in-a-let.fib:5:36: variable z passed to more than one & parameter in call to bar
compiler/tests/own/amp-cases/04-twice-in-a-closure-and-in-a-let.fib:6:43: variable w passed to more than one & parameter in call to bar
status 1
#### compiler/tests/own/amp-cases/05-async-mentions-and-tails.fib
rejected:
compiler/tests/own/amp-cases/05-async-mentions-and-tails.fib:5:20: & parameter in async function: v in a1
compiler/tests/own/amp-cases/05-async-mentions-and-tails.fib:6:20: & parameter in async function: v in a2
compiler/tests/own/amp-cases/05-async-mentions-and-tails.fib:7:20: & parameter in async function: v in a3
compiler/tests/own/amp-cases/05-async-mentions-and-tails.fib:8:21: & parameter in async function: v in a3b
compiler/tests/own/amp-cases/05-async-mentions-and-tails.fib:9:37: & parameter in async function: v in a4
compiler/tests/own/amp-cases/05-async-mentions-and-tails.fib:10:43: & parameter in async function: v in a5
compiler/tests/own/amp-cases/05-async-mentions-and-tails.fib:11:35: & parameter in async function: v in a6
compiler/tests/own/amp-cases/05-async-mentions-and-tails.fib:12:58: & parameter in async function: v in a7
compiler/tests/own/amp-cases/05-async-mentions-and-tails.fib:13:42: & parameter in async function: v in a8
compiler/tests/own/amp-cases/05-async-mentions-and-tails.fib:13:23: & parameter in async function: w in a8
status 1
#### compiler/tests/own/amp-cases/06-async-not-in-tail-and-not-mentioning.fib
defun b1 : (fn ((& (Vec i64))) unit)
  params:    v  &param
  bindings:  (none)
  async @3:35  escaping=yes (async)  heap=yes (async)  captures: (none)
  calls:     @3:25 (block-on ..)   call   arg 1 <async @3:35>: borrow
             @3:48 (push! ..)   tail-call   &v: forward; arg 2 n: scalar
  ops:       L3 release [<async @3:35>] (step end)

async @3:35
  params:    (none)
  bindings:  (none)
  ops:       (none)

defun b2 : ∀a ς0. (fn ((& a)) (fn ς0 () (Task i64)))
  params:    v  &param
  bindings:  (none)
  closure @4:16  escaping=yes (returned)  heap=yes (returned)  captures: (none)
  ops:       (none)

fn @4:16
  params:    (none)
  bindings:  (none)
  async @4:23  escaping=yes (async)  heap=yes (async)  captures: (none)
  ops:       L4 release [env of <closure @4:16>] (exit)

async @4:23
  params:    (none)
  bindings:  (none)
  ops:       (none)

defun b3 : ∀a. (Send a) ⇒ (fn :send (a) (Task a))
  params:    v  owned (rule 1: captured by a heap closure)  escapes=yes
  bindings:  (none)
  async @5:15  escaping=yes (async)  heap=yes (async)  captures: v (owns)
  ops:       L5 release [v] (exit)

async @5:15
  params:    (none)
  bindings:  (none)
  ops:       L5 retain [<expr @5:15>] (return)

defun main : (fn :send () i64)
  params:    (none)
  bindings:  (none)
  ops:       (none)

status 0
#### compiler/tests/own/amp-cases/07-amp-error-hides-a-type-error.fib
rejected:
compiler/tests/own/amp-cases/07-amp-error-hides-a-type-error.fib:4:49: variable x passed to more than one & parameter in call to bar
status 1
