#### cases/lir/adversarial/cmpxchg-struct-result-misuse.lir
cases/lir/adversarial/cmpxchg-struct-result-misuse.lir:4:116: error: extractvalue: field index 2 out of range for { i64, i1 }
status 1
#### cases/lir/adversarial/define-in-block.lir
cases/lir/adversarial/define-in-block.lir:4:36: error: unknown instruction define
status 1
#### cases/lir/adversarial/empty-struct.lir
status 0
#### cases/lir/adversarial/extractvalue-empty.lir
cases/lir/adversarial/extractvalue-empty.lir:4:41: error: extractvalue: field index 0 out of range for { }
status 1
#### cases/lir/adversarial/extractvalue-huge.lir
cases/lir/adversarial/extractvalue-huge.lir:4:41: error: extractvalue: field index 99999999999 out of range for { i32 }
status 1
#### cases/lir/adversarial/extractvalue-neg.lir
cases/lir/adversarial/extractvalue-neg.lir:4:41: error: extractvalue: field index -1 out of range for { i32 }
status 1
#### cases/lir/adversarial/gep-field-huge.lir
cases/lir/adversarial/gep-field-huge.lir:5:81: error: getelementptr: field index 4294967295 out of range for %struct.s
status 1
#### cases/lir/adversarial/i1-memory.lir
status 0
#### cases/lir/adversarial/i1-minus-one.lir
status 0
#### cases/lir/adversarial/icall-struct-mismatch.lir
cases/lir/adversarial/icall-struct-mismatch.lir:4:93: error: indirect-call: argument 1 has type { ptr, ptr }, expected ptr
status 1
#### cases/lir/adversarial/icall-varargs.lir
status 0
#### cases/lir/adversarial/itail-result-memory.lir
cases/lir/adversarial/itail-result-memory.lir:5:46: error: indirect-tailcall: a result of type [4 x i64] may be returned in memory, which no tail call can: at most 2 scalar or vector leaves of at most 512 bits (found 4 leaves, the widest 64 bits)
status 1
#### cases/lir/adversarial/label-as-name.lir
cases/lir/adversarial/label-as-name.lir:4:58: error: undefined name x
status 1
#### cases/lir/adversarial/loop-forward-phi.lir
status 0
#### cases/lir/adversarial/name-as-label.lir
cases/lir/adversarial/name-as-label.lir:4:55: error: undefined block v
status 1
#### cases/lir/adversarial/named-vs-anon-ret.lir
cases/lir/adversarial/named-vs-anon-ret.lir:5:41: error: ret type { i64, i64 } does not match @mk's result %struct.pt
status 1
#### cases/lir/adversarial/names-not-globals.lir
status 0
#### cases/lir/adversarial/nest-500.lir
status 0
#### cases/lir/adversarial/nest-600.lir
cases/lir/adversarial/nest-600.lir:4:6650: error: nesting deeper than 512
status 1
#### cases/lir/adversarial/phi-both-edges.lir
status 0
#### cases/lir/adversarial/phi-self-type.lir
cases/lir/adversarial/phi-self-type.lir:4:87: error: phi: incoming value from j has type i64, expected i32
status 1
#### cases/lir/adversarial/phi-unreachable-block.lir
cases/lir/adversarial/phi-unreachable-block.lir:4:74: error: phi in u names entry, which is not a predecessor
status 1
#### cases/lir/adversarial/ret-type-in-let.lir
cases/lir/adversarial/ret-type-in-let.lir:4:55: error: ret type i64 does not match @main's result i32
status 1
#### cases/lir/adversarial/store-phi-void.lir
cases/lir/adversarial/store-phi-void.lir:4:103: error: void value used as an operand
status 1
#### cases/lir/adversarial/struct-self-anon.lir
cases/lir/adversarial/struct-self-anon.lir:4:1: error: struct %struct.a contains itself by value
status 1
#### cases/lir/adversarial/struct-self.lir
cases/lir/adversarial/struct-self.lir:4:1: error: struct %struct.a contains itself by value
status 1
#### cases/lir/adversarial/switch-no-cases.lir
status 0
#### cases/lir/adversarial/switch-to-undefined.lir
cases/lir/adversarial/switch-to-undefined.lir:4:51: error: undefined block nowhere
status 1
#### cases/lir/adversarial/tail-in-phi.lir
cases/lir/adversarial/tail-in-phi.lir:4:74: error: terminator used as a value
status 1
#### cases/lir/adversarial/tail-result-memory-named.lir
cases/lir/adversarial/tail-result-memory-named.lir:6:46: error: tailcall: a result of type %struct.s may be returned in memory, which no tail call can: at most 2 scalar or vector leaves of at most 512 bits (found 5 leaves, the widest 32 bits)
status 1
#### cases/lir/adversarial/tail-result-memory.lir
cases/lir/adversarial/tail-result-memory.lir:8:59: error: tailcall: a result of type { i64, i64, i64, i64 } may be returned in memory, which no tail call can: at most 2 scalar or vector leaves of at most 512 bits (found 4 leaves, the widest 64 bits)
status 1
#### cases/lir/adversarial/tail-result-registers.lir
status 0
#### cases/lir/adversarial/tail-result-wide-vector.lir
cases/lir/adversarial/tail-result-wide-vector.lir:6:49: error: tailcall: a result of type <1024 x i32> may be returned in memory, which no tail call can: at most 2 scalar or vector leaves of at most 512 bits (found 1 leaves, the widest 32768 bits)
status 1
#### cases/lir/adversarial/textual-order.lir
status 0
#### cases/lir/adversarial/unreachable-block.lir
status 0
#### cases/lir/adversarial/varargs-decl-tailcall.lir
cases/lir/adversarial/varargs-decl-tailcall.lir:5:36: error: tailcall to a variadic function
status 1
#### cases/lir/adversarial/vector-huge.lir
cases/lir/adversarial/vector-huge.lir:4:58: error: vector length must be 1 to 1024
status 1
#### cases/lir/audit/borrow-b.lir
cases/lir/audit/borrow-b.lir:4:53: error: unknown instruction alloc
status 1
#### cases/lir/audit/borrow-rc.lir
cases/lir/audit/borrow-rc.lir:7:14: error: unknown instruction rc-alloc
status 1
#### cases/lir/audit/borrow-uaf.lir
cases/lir/audit/borrow-uaf.lir:7:14: error: unknown instruction alloc
status 1
#### cases/lir/audit/cmp-aot.lir
status 0
#### cases/lir/audit/t-arith.lir
status 0
#### cases/lir/audit/t-atom-array.lir
cases/lir/audit/t-atom-array.lir:6:16: error: unknown instruction array-alloc
status 1
#### cases/lir/audit/t-atom.lir
status 0
#### cases/lir/audit/t-cf.lir
status 0
#### cases/lir/audit/t-const.lir
status 0
#### cases/lir/audit/t-fence-mono.lir
cases/lir/audit/t-fence-mono.lir:4:36: error: fence ordering must be acquire, release, acq_rel or seq_cst, found monotonic
status 1
#### cases/lir/audit/t-fence.lir
status 0
#### cases/lir/audit/t-float.lir
status 0
#### cases/lir/audit/t-gd.lir
status 0
#### cases/lir/audit/t-gstr.lir
status 0
#### cases/lir/audit/t-icall-untyped.lir
cases/lir/audit/t-icall-untyped.lir:9:63: error: indirect-call needs a function type (fn R (T..)), found i64
status 1
#### cases/lir/audit/t-icall.lir
status 0
#### cases/lir/audit/t-icall2.lir
status 0
#### cases/lir/audit/t-sret.lir
status 0
#### cases/lir/audit/t-tail-many-tailcc.lir
status 0
#### cases/lir/audit/t-tail-many.lir
cases/lir/audit/t-tail-many.lir:8:14: error: tailcall under ccc needs identical parameter types (@a has (i64), @b has (i64 i64 i64 i64 i64 i64 i64 i64 i64 i64)); use tailcc
cases/lir/audit/t-tail-many.lir:10:16: error: tailcall under ccc needs identical parameter types (@b has (i64 i64 i64 i64 i64 i64 i64 i64 i64 i64), @a has (i64)); use tailcc
status 1
#### cases/lir/audit/t-vecmem.lir
status 0
#### cases/lir/audit/t-vecparam.lir
status 0
#### cases/lir/audit/tc-brcond-double.lir
cases/lir/audit/tc-brcond-double.lir:4:36: error: br condition must be i1, found double
status 1
#### cases/lir/audit/tc-brcond-i32.lir
cases/lir/audit/tc-brcond-i32.lir:4:36: error: br condition must be i1, found i32
status 1
#### cases/lir/audit/tc-call-argcount.lir
cases/lir/audit/tc-call-argcount.lir:4:106: error: call to @f: expected 2 arguments, found 1
status 1
#### cases/lir/audit/tc-call-argtype.lir
cases/lir/audit/tc-call-argtype.lir:4:99: error: call to @f: argument 1 has type double, expected i32
status 1
#### cases/lir/audit/tc-code-after-ret.lir
cases/lir/audit/tc-code-after-ret.lir:4:36: error: terminator in the middle of block entry
status 1
#### cases/lir/audit/tc-dup-block.lir
cases/lir/audit/tc-dup-block.lir:4:48: error: duplicate block label entry
status 1
#### cases/lir/audit/tc-dup-fn.lir
cases/lir/audit/tc-dup-fn.lir:4:49: error: duplicate definition of @f
status 1
#### cases/lir/audit/tc-empty-fn.lir
cases/lir/audit/tc-empty-fn.lir:4:1: error: function @main has no blocks
status 1
#### cases/lir/audit/tc-extern-argtype.lir
cases/lir/audit/tc-extern-argtype.lir:4:76: error: call to @abs: argument 1 has type i64, expected i32
status 1
#### cases/lir/audit/tc-floatbitwise.lir
cases/lir/audit/tc-floatbitwise.lir:4:53: error: and needs integer operands, found double
status 1
#### cases/lir/audit/tc-i8-overflow-lit.lir
cases/lir/audit/tc-i8-overflow-lit.lir:4:55: error: integer literal 300 out of range for i8
status 1
#### cases/lir/audit/tc-main-void.lir
cases/lir/audit/tc-main-void.lir:4:34: error: ret type i32 does not match @f's result void
status 1
#### cases/lir/audit/tc-mismatch.lir
cases/lir/audit/tc-mismatch.lir:4:52: error: add: operand 2 has type i64, expected i8
status 1
#### cases/lir/audit/tc-mismatch2.lir
status 0
#### cases/lir/audit/tc-mismatch3.lir
cases/lir/audit/tc-mismatch3.lir:4:83: error: add: operand 2 has type i32, expected i8
status 1
#### cases/lir/audit/tc-no-terminator.lir
cases/lir/audit/tc-no-terminator.lir:4:23: error: block entry does not end in a terminator
status 1
#### cases/lir/audit/tc-nondom2.lir
cases/lir/audit/tc-nondom2.lir:4:132: error: x does not dominate its use in block b
status 1
#### cases/lir/audit/tc-phi-badlabel.lir
cases/lir/audit/tc-phi-badlabel.lir:4:67: error: undefined block nosuch
status 1
#### cases/lir/audit/tc-phi-not-first.lir
cases/lir/audit/tc-phi-not-first.lir:4:88: error: phi after the first instruction of block x
status 1
#### cases/lir/audit/tc-phi-wrong.lir
cases/lir/audit/tc-phi-wrong.lir:4:67: error: phi: incoming value from entry has type i64, expected i32
status 1
#### cases/lir/audit/tc-ptr-as-int.lir
cases/lir/audit/tc-ptr-as-int.lir:4:41: error: add needs integer operands, found ptr
status 1
#### cases/lir/audit/tc-ret-void-in-i32.lir
cases/lir/audit/tc-ret-void-in-i32.lir:4:36: error: ret without a value in @main, which returns i32
status 1
#### cases/lir/audit/tc-ret-wrong.lir
cases/lir/audit/tc-ret-wrong.lir:4:36: error: ret type i64 does not match @main's result i32
status 1
#### cases/lir/audit/tc-store-type.lir
cases/lir/audit/tc-store-type.lir:4:60: error: store of double through p, which is (alloca i32)
status 1
#### cases/lir/audit/tc-undef-block.lir
cases/lir/audit/tc-undef-block.lir:4:36: error: undefined block nowhere
status 1
#### cases/lir/audit/tc-undef-fn.lir
cases/lir/audit/tc-undef-fn.lir:4:41: error: undefined function @nope
status 1
#### cases/lir/audit/tc-undef-var.lir
cases/lir/audit/tc-undef-var.lir:4:41: error: undefined name y
status 1
#### cases/lir/audit/tc-use-nondominating.lir
cases/lir/audit/tc-use-nondominating.lir:4:124: error: x does not dominate its use in block b
status 1
#### cases/lir/instr/aggregate.lir
status 0
#### cases/lir/instr/array.lir
status 0
#### cases/lir/instr/atomics.lir
status 0
#### cases/lir/instr/bitwise.lir
status 0
#### cases/lir/instr/calls.lir
status 0
#### cases/lir/instr/control.lir
status 0
#### cases/lir/instr/conv.lir
status 0
#### cases/lir/instr/declare-global.lir
status 0
#### cases/lir/instr/declare-hidden.lir
status 0
#### cases/lir/instr/fcmp.lir
status 0
#### cases/lir/instr/float-arith.lir
status 0
#### cases/lir/instr/globals.lir
status 0
#### cases/lir/instr/icmp.lir
status 0
#### cases/lir/instr/int-arith.lir
status 0
#### cases/lir/instr/let.lir
status 0
#### cases/lir/instr/linkage.lir
status 0
#### cases/lir/instr/main-args.lir
status 0
#### cases/lir/instr/memory.lir
status 0
#### cases/lir/instr/overflow.lir
status 0
#### cases/lir/instr/select.lir
status 0
#### cases/lir/instr/string.lir
status 0
#### cases/lir/instr/tailcall.lir
status 0
#### cases/lir/instr/trap.lir
status 0
#### cases/lir/instr/unreachable.lir
status 0
#### cases/lir/instr/vector.lir
status 0
#### cases/lir/instr/volatile-align.lir
status 0
#### cases/lir/mapping/arith-checks.lir
status 0
#### cases/lir/mapping/closure.lir
status 0
#### cases/lir/mapping/dyn.lir
status 0
#### cases/lir/mapping/header-counts.lir
status 0
#### cases/lir/mapping/stack-object.lir
status 0
#### cases/lir/mapping/string-object.lir
status 0
#### cases/lir/mapping/task-switch.lir
status 0
#### cases/lir/mapping/threads.lir
status 0
#### cases/lir/mapping/trap.lir
status 0
#### cases/lir/mapping/weak-upgrade.lir
status 0
#### cases/lir/simd-verify/bitcast-ptr-vector.lir
cases/lir/simd-verify/bitcast-ptr-vector.lir:5:16: error: bitcast cannot convert ptr
status 1
#### cases/lir/simd-verify/flag-on-int-op.lir
cases/lir/simd-verify/flag-on-int-op.lir:5:16: error: add expects 2 operands, found 3
status 1
#### cases/lir/simd-verify/fptoui-vector-result.lir
cases/lir/simd-verify/fptoui-vector-result.lir:5:16: error: fptoui needs an integer result type, found <4 x double>
status 1
#### cases/lir/simd-verify/inttoptr-vector-result.lir
cases/lir/simd-verify/inttoptr-vector-result.lir:5:16: error: inttoptr needs a ptr result type, found <4 x i64>
status 1
#### cases/lir/simd/target-absent.lir
status 0
#### cases/lir/verify/add-vector-len.lir
cases/lir/verify/add-vector-len.lir:3:85: error: add: operand 2 has type <2 x i32>, expected <4 x i32>
status 1
#### cases/lir/verify/align-malformed.lir
cases/lir/verify/align-malformed.lir:3:53: error: align must be (align N)
status 1
#### cases/lir/verify/align-not-power.lir
cases/lir/verify/align-not-power.lir:3:53: error: align must be a power of two from 1 to 2^30, found 3
status 1
#### cases/lir/verify/align-too-big.lir
cases/lir/verify/align-too-big.lir:3:67: error: align must be a power of two from 1 to 2^30, found 2147483648
status 1
#### cases/lir/verify/align-zero.lir
cases/lir/verify/align-zero.lir:3:71: error: align must be a power of two from 1 to 2^30, found 0
status 1
#### cases/lir/verify/alloca-count-float.lir
cases/lir/verify/alloca-count-float.lir:3:85: error: alloca count must be an integer, found double
status 1
#### cases/lir/verify/alloca-void.lir
cases/lir/verify/alloca-void.lir:3:93: error: void is only a function result type
status 1
#### cases/lir/verify/arity-add.lir
cases/lir/verify/arity-add.lir:3:85: error: add expects 2 operands, found 1
status 1
#### cases/lir/verify/arity-br.lir
cases/lir/verify/arity-br.lir:3:36: error: br expects 1 or 3 operands, found 2
status 1
#### cases/lir/verify/arity-ret.lir
cases/lir/verify/arity-ret.lir:3:36: error: ret expects at most 1 operand, found 2
status 1
#### cases/lir/verify/arity-unreachable.lir
cases/lir/verify/arity-unreachable.lir:3:36: error: unreachable expects 0 operands, found 1
status 1
#### cases/lir/verify/array-global-init-type.lir
cases/lir/verify/array-global-init-type.lir:3:21: error: initializer of @g has type [2 x i32], expected [3 x i32]
status 1
#### cases/lir/verify/array-len-huge.lir
cases/lir/verify/array-len-huge.lir:3:12: error: array length 5000000000 is too large
status 1
#### cases/lir/verify/array-len-neg.lir
cases/lir/verify/array-len-neg.lir:3:12: error: array length must be a non-negative integer, found -1
status 1
#### cases/lir/verify/array-len-word.lir
cases/lir/verify/array-len-word.lir:3:54: error: array length must be a non-negative integer, found n
status 1
#### cases/lir/verify/array-lit-count.lir
cases/lir/verify/array-lit-count.lir:3:45: error: [3 x i32] literal: 3 elements expected, found 2
status 1
#### cases/lir/verify/array-lit-type.lir
cases/lir/verify/array-lit-type.lir:3:64: error: [3 x i32] literal: element 2 has type i64, expected i32
status 1
#### cases/lir/verify/array-malformed.lir
cases/lir/verify/array-malformed.lir:3:53: error: array type must be [N x T]
status 1
#### cases/lir/verify/ashr-width.lir
cases/lir/verify/ashr-width.lir:3:85: error: shift amount 64 is not less than the width 64
status 1
#### cases/lir/verify/atomic-array.lir
cases/lir/verify/atomic-array.lir:4:45: error: atomic operation on [2 x i64]
status 1
#### cases/lir/verify/atomic-i1.lir
cases/lir/verify/atomic-i1.lir:3:85: error: atomic operation on i1
status 1
#### cases/lir/verify/atomic-load-acqrel.lir
cases/lir/verify/atomic-load-acqrel.lir:3:85: error: atomic-load cannot have ordering acq_rel
status 1
#### cases/lir/verify/atomic-load-release.lir
cases/lir/verify/atomic-load-release.lir:3:85: error: atomic-load cannot have ordering release
status 1
#### cases/lir/verify/atomic-store-acquire.lir
cases/lir/verify/atomic-store-acquire.lir:3:85: error: atomic-store cannot have ordering acquire
status 1
#### cases/lir/verify/atomic-struct.lir
cases/lir/verify/atomic-struct.lir:3:85: error: atomic operation on { i64, i64 }
status 1
#### cases/lir/verify/atomic-vector.lir
cases/lir/verify/atomic-vector.lir:3:85: error: atomic operation on <2 x i32>
status 1
#### cases/lir/verify/atomicrmw-add-float.lir
cases/lir/verify/atomicrmw-add-float.lir:3:85: error: atomicrmw add needs an integer operand, found double
status 1
#### cases/lir/verify/atomicrmw-fadd-int.lir
cases/lir/verify/atomicrmw-fadd-int.lir:3:85: error: atomicrmw fadd needs a float operand, found i64
status 1
#### cases/lir/verify/atomicrmw-nonptr.lir
cases/lir/verify/atomicrmw-nonptr.lir:3:85: error: atomicrmw needs a ptr operand, found i64
status 1
#### cases/lir/verify/atomicrmw-unordered.lir
cases/lir/verify/atomicrmw-unordered.lir:3:85: error: atomicrmw cannot have ordering unordered
status 1
#### cases/lir/verify/bad-block.lir
cases/lir/verify/bad-block.lir:3:51: error: expected (block LABEL instr..), found junk
status 1
#### cases/lir/verify/bad-let.lir
cases/lir/verify/bad-let.lir:3:42: error: let binding must be (NAME value)
status 1
#### cases/lir/verify/bad-name.lir
cases/lir/verify/bad-name.lir:3:42: error: invalid name @x
status 1
#### cases/lir/verify/bitcast-array.lir
cases/lir/verify/bitcast-array.lir:3:52: error: bitcast cannot convert [2 x i32]
status 1
#### cases/lir/verify/bitcast-ptr.lir
cases/lir/verify/bitcast-ptr.lir:3:85: error: bitcast cannot convert ptr
status 1
#### cases/lir/verify/bitcast-size.lir
cases/lir/verify/bitcast-size.lir:3:85: error: bitcast: i64 and i32 differ in size
status 1
#### cases/lir/verify/branch-to-entry.lir
cases/lir/verify/branch-to-entry.lir:3:59: error: branch to the entry block entry
status 1
#### cases/lir/verify/call-global.lir
cases/lir/verify/call-global.lir:4:41: error: @g is not a function
status 1
#### cases/lir/verify/call-local.lir
cases/lir/verify/call-local.lir:3:91: error: call needs a function name @f, found f
status 1
#### cases/lir/verify/call-struct-kind.lir
cases/lir/verify/call-struct-kind.lir:5:94: error: call to @g: argument 1 has type { ptr, ptr }, expected %struct.pair
status 1
#### cases/lir/verify/cmpxchg-fail-release.lir
cases/lir/verify/cmpxchg-fail-release.lir:3:85: error: cmpxchg failure ordering cannot be release
status 1
#### cases/lir/verify/cmpxchg-float.lir
cases/lir/verify/cmpxchg-float.lir:3:85: error: cmpxchg needs an integer or ptr operand, found double
status 1
#### cases/lir/verify/cmpxchg-mixed.lir
cases/lir/verify/cmpxchg-mixed.lir:3:85: error: cmpxchg: operand 3 has type i32, expected i64
status 1
#### cases/lir/verify/cmpxchg-unordered.lir
cases/lir/verify/cmpxchg-unordered.lir:3:85: error: cmpxchg cannot have ordering unordered
status 1
#### cases/lir/verify/declare-global-call.lir
cases/lir/verify/declare-global-call.lir:4:36: error: @stderr is not a function
status 1
#### cases/lir/verify/declare-global-dup.lir
cases/lir/verify/declare-global-dup.lir:4:1: error: duplicate definition of @g
status 1
#### cases/lir/verify/declare-global-init.lir
cases/lir/verify/declare-global-init.lir:3:1: error: declare-global expects 2 operands, found 3
status 1
#### cases/lir/verify/declare-global-load-type.lir
cases/lir/verify/declare-global-load-type.lir:4:41: error: load of i32 through @stderr, a global of type ptr
status 1
#### cases/lir/verify/declare-global-private.lir
cases/lir/verify/declare-global-private.lir:3:17: error: declare-global cannot be internal
status 1
#### cases/lir/verify/declare-private.lir
cases/lir/verify/declare-private.lir:3:10: error: declare cannot be private
status 1
#### cases/lir/verify/div-zero.lir
cases/lir/verify/div-zero.lir:3:85: error: division by constant zero
status 1
#### cases/lir/verify/dup-declare-define.lir
cases/lir/verify/dup-declare-define.lir:4:1: error: duplicate definition of @f
status 1
#### cases/lir/verify/dup-global.lir
cases/lir/verify/dup-global.lir:4:1: error: duplicate definition of @g
status 1
#### cases/lir/verify/dup-name.lir
cases/lir/verify/dup-name.lir:3:54: error: duplicate name x in @main
status 1
#### cases/lir/verify/dup-param-let.lir
cases/lir/verify/dup-param-let.lir:3:46: error: duplicate name x in @f
status 1
#### cases/lir/verify/dup-param.lir
cases/lir/verify/dup-param.lir:3:26: error: duplicate name x in @f
status 1
#### cases/lir/verify/dup-struct.lir
cases/lir/verify/dup-struct.lir:4:1: error: duplicate struct %struct.s
status 1
#### cases/lir/verify/extractelement-oob.lir
cases/lir/verify/extractelement-oob.lir:3:85: error: vector index 4 out of range for <4 x i32>
status 1
#### cases/lir/verify/extractelement-scalar.lir
cases/lir/verify/extractelement-scalar.lir:3:85: error: extractelement needs a vector, found i32
status 1
#### cases/lir/verify/extractvalue-array-oob.lir
cases/lir/verify/extractvalue-array-oob.lir:4:41: error: extractvalue: index 4 out of range for [4 x i32]
status 1
#### cases/lir/verify/extractvalue-oob.lir
cases/lir/verify/extractvalue-oob.lir:3:85: error: extractvalue: field index 2 out of range for { i64, i64 }
status 1
#### cases/lir/verify/extractvalue-scalar.lir
cases/lir/verify/extractvalue-scalar.lir:3:85: error: extractvalue needs a struct or array, found i32
status 1
#### cases/lir/verify/fadd-int.lir
cases/lir/verify/fadd-int.lir:3:85: error: fadd needs float operands, found i32
status 1
#### cases/lir/verify/fcmp-int.lir
cases/lir/verify/fcmp-int.lir:3:85: error: fcmp needs float operands, found i32
status 1
#### cases/lir/verify/fcmp-mixed.lir
cases/lir/verify/fcmp-mixed.lir:3:85: error: fcmp: operand 2 has type float, expected double
status 1
#### cases/lir/verify/fence-unordered.lir
cases/lir/verify/fence-unordered.lir:3:85: error: fence ordering must be acquire, release, acq_rel or seq_cst, found unordered
status 1
#### cases/lir/verify/field-void.lir
cases/lir/verify/field-void.lir:3:19: error: void is only a function result type
status 1
#### cases/lir/verify/fpext-wrong.lir
cases/lir/verify/fpext-wrong.lir:3:85: error: fpext: float is not wider than double
status 1
#### cases/lir/verify/fptosi-int.lir
cases/lir/verify/fptosi-int.lir:3:85: error: fptosi needs a float operand, found i32
status 1
#### cases/lir/verify/fptosi-sat-int.lir
cases/lir/verify/fptosi-sat-int.lir:3:41: error: fptosi-sat needs a float operand, found i32
status 1
#### cases/lir/verify/fptrunc-wrong.lir
cases/lir/verify/fptrunc-wrong.lir:3:85: error: fptrunc: double is not narrower than float
status 1
#### cases/lir/verify/gep-array-oob.lir
cases/lir/verify/gep-array-oob.lir:4:51: error: getelementptr: index 4 out of range for [4 x i32]
status 1
#### cases/lir/verify/gep-field-i64.lir
cases/lir/verify/gep-field-i64.lir:4:85: error: getelementptr: struct field index must be a constant i32
status 1
#### cases/lir/verify/gep-field-nonconst.lir
cases/lir/verify/gep-field-nonconst.lir:4:85: error: getelementptr: struct field index must be a constant i32
status 1
#### cases/lir/verify/gep-field-oob.lir
cases/lir/verify/gep-field-oob.lir:4:85: error: getelementptr: field index 5 out of range for %struct.s
status 1
#### cases/lir/verify/gep-index-float.lir
cases/lir/verify/gep-index-float.lir:3:85: error: getelementptr index must be an integer, found double
status 1
#### cases/lir/verify/gep-into-scalar.lir
cases/lir/verify/gep-into-scalar.lir:3:85: error: getelementptr cannot index into i64
status 1
#### cases/lir/verify/gep-into-vector.lir
cases/lir/verify/gep-into-vector.lir:3:85: error: getelementptr cannot index into <4 x i32>
status 1
#### cases/lir/verify/gep-nonptr.lir
cases/lir/verify/gep-nonptr.lir:3:85: error: getelementptr needs a ptr operand, found i64
status 1
#### cases/lir/verify/global-init-nonconst.lir
cases/lir/verify/global-init-nonconst.lir:3:15: error: initializer of @g must be a constant
status 1
#### cases/lir/verify/global-init-string.lir
cases/lir/verify/global-init-string.lir:3:15: error: initializer of @g has type ptr, expected i64
status 1
#### cases/lir/verify/global-init-type.lir
cases/lir/verify/global-init-type.lir:3:15: error: initializer of @g has type i64, expected i32
status 1
#### cases/lir/verify/global-init-undef.lir
cases/lir/verify/global-init-undef.lir:3:15: error: undefined global @nope
status 1
#### cases/lir/verify/icall-arg.lir
cases/lir/verify/icall-arg.lir:3:118: error: indirect-call: argument 1 has type i32, expected i64
status 1
#### cases/lir/verify/icall-arity.lir
cases/lir/verify/icall-arity.lir:3:85: error: indirect-call: expected 2 arguments, found 1
status 1
#### cases/lir/verify/icall-nonptr.lir
cases/lir/verify/icall-nonptr.lir:3:85: error: indirect-call needs a ptr callee, found i64
status 1
#### cases/lir/verify/icall-void-param.lir
cases/lir/verify/icall-void-param.lir:3:112: error: void is only a function result type
status 1
#### cases/lir/verify/icmp-float.lir
cases/lir/verify/icmp-float.lir:3:85: error: icmp needs integer or ptr operands, found double
status 1
#### cases/lir/verify/icmp-mixed.lir
cases/lir/verify/icmp-mixed.lir:3:85: error: icmp: operand 2 has type i64, expected i32
status 1
#### cases/lir/verify/insertelement-type.lir
cases/lir/verify/insertelement-type.lir:3:85: error: insertelement: operand 2 has type i64, expected i32
status 1
#### cases/lir/verify/insertvalue-array-type.lir
cases/lir/verify/insertvalue-array-type.lir:3:45: error: insertvalue: operand 2 has type i64, expected i32
status 1
#### cases/lir/verify/insertvalue-type.lir
cases/lir/verify/insertvalue-type.lir:3:85: error: insertvalue: operand 2 has type i32, expected i64
status 1
#### cases/lir/verify/inttoptr-float.lir
cases/lir/verify/inttoptr-float.lir:3:85: error: inttoptr needs an integer operand, found double
status 1
#### cases/lir/verify/itail-cc.lir
cases/lir/verify/itail-cc.lir:3:47: error: indirect-tailcall: @f is tailcc and the callee is ccc
status 1
#### cases/lir/verify/itail-ret.lir
cases/lir/verify/itail-ret.lir:3:47: error: indirect-tailcall: the callee returns i32, @f returns i64
status 1
#### cases/lir/verify/let-no-body.lir
cases/lir/verify/let-no-body.lir:3:36: error: let without a body
status 1
#### cases/lir/verify/linkage-dup.lir
cases/lir/verify/linkage-dup.lir:3:17: error: duplicate modifier private
status 1
#### cases/lir/verify/linkage-order.lir
cases/lir/verify/linkage-order.lir:3:16: error: expected (NAME R) after define
status 1
#### cases/lir/verify/linkage-two.lir
cases/lir/verify/linkage-two.lir:3:17: error: private and internal exclude each other
status 1
#### cases/lir/verify/lit-double.lir
cases/lir/verify/lit-double.lir:3:61: error: float literal out of range for double
status 1
#### cases/lir/verify/lit-float.lir
cases/lir/verify/lit-float.lir:3:60: error: float literal out of range for float
status 1
#### cases/lir/verify/lit-i1.lir
cases/lir/verify/lit-i1.lir:3:55: error: integer literal 2 out of range for i1
status 1
#### cases/lir/verify/lit-i64.lir
cases/lir/verify/lit-i64.lir:3:57: error: integer literal 99999999999999999999999999 out of range for i64
status 1
#### cases/lir/verify/lit-i8-neg.lir
cases/lir/verify/lit-i8-neg.lir:3:55: error: integer literal -129 out of range for i8
status 1
#### cases/lir/verify/lit-struct-count.lir
cases/lir/verify/lit-struct-count.lir:4:85: error: %struct.pair literal: 3 fields expected, found 1
status 1
#### cases/lir/verify/lit-struct-type.lir
cases/lir/verify/lit-struct-type.lir:4:101: error: %struct.pair literal: field 2 has type i64, expected i32
status 1
#### cases/lir/verify/lit-vector-count.lir
cases/lir/verify/lit-vector-count.lir:3:90: error: vector literal <4 x i32> needs 4 elements, found 3
status 1
#### cases/lir/verify/lit-vector-elem.lir
cases/lir/verify/lit-vector-elem.lir:3:103: error: vector literal element must be a number
status 1
#### cases/lir/verify/lit-vector-len.lir
cases/lir/verify/lit-vector-len.lir:3:91: error: vector length must be 1 to 1024
status 1
#### cases/lir/verify/load-global-type.lir
cases/lir/verify/load-global-type.lir:4:41: error: load of i32 through @g, a global of type i64
status 1
#### cases/lir/verify/load-nonptr.lir
cases/lir/verify/load-nonptr.lir:3:85: error: load needs a ptr operand, found i64
status 1
#### cases/lir/verify/main-i64.lir
status 0
#### cases/lir/verify/main-params.lir
status 0
#### cases/lir/verify/main-private.lir
status 0
#### cases/lir/verify/main-tailcc.lir
status 0
#### cases/lir/verify/no-main.lir
status 0
#### cases/lir/verify/overflow-result-type.lir
cases/lir/verify/overflow-result-type.lir:3:36: error: ret type { i32, i1 } does not match @main's result i32
status 1
#### cases/lir/verify/param-void.lir
cases/lir/verify/param-void.lir:3:19: error: void is only a function result type
status 1
#### cases/lir/verify/phi-after-call.lir
cases/lir/verify/phi-after-call.lir:4:73: error: phi after the first instruction of block j
status 1
#### cases/lir/verify/phi-dup-pred.lir
cases/lir/verify/phi-dup-pred.lir:3:162: error: phi in j has two entries for a
status 1
#### cases/lir/verify/phi-in-entry.lir
cases/lir/verify/phi-in-entry.lir:3:50: error: phi in entry names entry, which is not a predecessor
status 1
#### cases/lir/verify/phi-missing-pred.lir
cases/lir/verify/phi-missing-pred.lir:3:129: error: phi in j has no entry for predecessor b
status 1
#### cases/lir/verify/phi-not-available.lir
cases/lir/verify/phi-not-available.lir:3:161: error: x does not dominate the end of block a
status 1
#### cases/lir/verify/ptrtoint-nonptr.lir
cases/lir/verify/ptrtoint-nonptr.lir:3:85: error: ptrtoint needs a ptr operand, found i64
status 1
#### cases/lir/verify/reader-close.lir
cases/lir/verify/reader-close.lir:3:51: error: unexpected )
status 1
#### cases/lir/verify/reader-eof.lir
cases/lir/verify/reader-eof.lir:3:23: error: unexpected end of input: unclosed list
status 1
#### cases/lir/verify/reader-escape.lir
cases/lir/verify/reader-escape.lir:3:25: error: invalid escape \q
status 1
#### cases/lir/verify/reader-string.lir
cases/lir/verify/reader-string.lir:3:74: error: unterminated string
status 1
#### cases/lir/verify/recursive-struct-array.lir
cases/lir/verify/recursive-struct-array.lir:3:1: error: struct %struct.s contains itself by value
status 1
#### cases/lir/verify/recursive-struct.lir
cases/lir/verify/recursive-struct.lir:3:1: error: struct %struct.a contains itself by value
cases/lir/verify/recursive-struct.lir:4:1: error: struct %struct.b contains itself by value
status 1
#### cases/lir/verify/reserved-linkage.lir
cases/lir/verify/reserved-linkage.lir:3:42: error: reserved word hidden used as a name
status 1
#### cases/lir/verify/reserved-llvm.lir
cases/lir/verify/reserved-llvm.lir:3:1: error: name @llvm.trap is reserved
status 1
#### cases/lir/verify/reserved-null.lir
cases/lir/verify/reserved-null.lir:3:42: error: reserved word null used as a name
status 1
#### cases/lir/verify/reserved-ordering.lir
cases/lir/verify/reserved-ordering.lir:3:42: error: reserved word acquire used as a name
status 1
#### cases/lir/verify/reserved-type.lir
cases/lir/verify/reserved-type.lir:3:42: error: reserved word i32 used as a name
status 1
#### cases/lir/verify/reserved-volatile.lir
cases/lir/verify/reserved-volatile.lir:3:42: error: reserved word volatile used as a name
status 1
#### cases/lir/verify/sadd-overflow-float.lir
cases/lir/verify/sadd-overflow-float.lir:3:45: error: sadd-overflow needs integer operands, found double
status 1
#### cases/lir/verify/select-arms.lir
cases/lir/verify/select-arms.lir:3:85: error: select: operand 3 has type i64, expected i32
status 1
#### cases/lir/verify/select-cond.lir
cases/lir/verify/select-cond.lir:3:85: error: select condition must be i1, found i32
status 1
#### cases/lir/verify/select-vcond.lir
cases/lir/verify/select-vcond.lir:3:85: error: select condition <2 x i1> does not match <4 x i32>
status 1
#### cases/lir/verify/sext-same.lir
cases/lir/verify/sext-same.lir:3:85: error: sext: i32 is not wider than i32
status 1
#### cases/lir/verify/shift-width.lir
cases/lir/verify/shift-width.lir:3:85: error: shift amount 32 is not less than the width 32
status 1
#### cases/lir/verify/shuffle-mask-name.lir
cases/lir/verify/shuffle-mask-name.lir:3:47: error: shufflevector mask must be a literal <M x i32>
status 1
#### cases/lir/verify/shuffle-mask-range.lir
cases/lir/verify/shuffle-mask-range.lir:3:85: error: shufflevector mask element 8 out of range
status 1
#### cases/lir/verify/sitofp-to-int.lir
cases/lir/verify/sitofp-to-int.lir:3:85: error: sitofp needs a float result type, found i64
status 1
#### cases/lir/verify/smul-overflow-mismatch.lir
cases/lir/verify/smul-overflow-mismatch.lir:3:45: error: smul-overflow: operand 2 has type i64, expected i32
status 1
#### cases/lir/verify/ssub-overflow-arity.lir
cases/lir/verify/ssub-overflow-arity.lir:3:45: error: ssub-overflow expects 2 operands, found 1
status 1
#### cases/lir/verify/store-alloca-type.lir
cases/lir/verify/store-alloca-type.lir:3:60: error: store of i64 through p, which is (alloca i32)
status 1
#### cases/lir/verify/store-nonptr.lir
cases/lir/verify/store-nonptr.lir:3:85: error: store needs a ptr operand, found i64
status 1
#### cases/lir/verify/store-to-constant.lir
cases/lir/verify/store-to-constant.lir:4:36: error: store to constant @c
status 1
#### cases/lir/verify/switch-array.lir
cases/lir/verify/switch-array.lir:3:36: error: switch needs an integer scalar, found [2 x i32]
status 1
#### cases/lir/verify/switch-case-type.lir
cases/lir/verify/switch-case-type.lir:3:64: error: switch: case has type i64, expected i32
status 1
#### cases/lir/verify/switch-double.lir
cases/lir/verify/switch-double.lir:3:36: error: switch needs an integer scalar, found double
status 1
#### cases/lir/verify/switch-dup-case.lir
cases/lir/verify/switch-dup-case.lir:3:76: error: switch: duplicate case 1
status 1
#### cases/lir/verify/switch-to-entry.lir
cases/lir/verify/switch-to-entry.lir:3:51: error: branch to the entry block entry
status 1
#### cases/lir/verify/tail-arg.lir
cases/lir/verify/tail-arg.lir:4:60: error: tailcall to @g: argument 1 has type i32, expected i64
status 1
#### cases/lir/verify/tail-cc.lir
cases/lir/verify/tail-cc.lir:4:33: error: tailcall: @f is ccc and @g is tailcc
status 1
#### cases/lir/verify/tail-ccc-proto.lir
cases/lir/verify/tail-ccc-proto.lir:4:40: error: tailcall under ccc needs identical parameter types (@f has (i64), @g has (i64 i64)); use tailcc
status 1
#### cases/lir/verify/tail-result.lir
cases/lir/verify/tail-result.lir:5:54: error: tailcall: a result of type { i64, i64, i64 } may be returned in memory, which no tail call can: at most 2 scalar or vector leaves of at most 512 bits (found 3 leaves, the widest 64 bits)
status 1
#### cases/lir/verify/tail-ret-void.lir
cases/lir/verify/tail-ret-void.lir:4:33: error: tailcall: @g returns void, @f returns i32
status 1
#### cases/lir/verify/tail-ret.lir
cases/lir/verify/tail-ret.lir:4:33: error: tailcall: @g returns i32, @f returns i64
status 1
#### cases/lir/verify/tail-varargs.lir
cases/lir/verify/tail-varargs.lir:4:40: error: tailcall to a variadic function
status 1
#### cases/lir/verify/tailcall-not-last.lir
cases/lir/verify/tailcall-not-last.lir:3:33: error: terminator in the middle of block entry
status 1
#### cases/lir/verify/tailcall-operand.lir
cases/lir/verify/tailcall-operand.lir:3:43: error: terminator used as a value
status 1
#### cases/lir/verify/terminator-binding.lir
cases/lir/verify/terminator-binding.lir:3:45: error: terminator used as a value
status 1
#### cases/lir/verify/terminator-operand.lir
cases/lir/verify/terminator-operand.lir:3:46: error: terminator used as a value
status 1
#### cases/lir/verify/top-level-block.lir
cases/lir/verify/top-level-block.lir:3:1: error: expected a top-level form (define, declare, declare-global, defstruct, global, constant), found block
status 1
#### cases/lir/verify/top-level-expr.lir
cases/lir/verify/top-level-expr.lir:3:1: error: expected a top-level form (define, declare, declare-global, defstruct, global, constant), found add
status 1
#### cases/lir/verify/trap-args.lir
cases/lir/verify/trap-args.lir:3:36: error: trap expects 0 operands, found 1
status 1
#### cases/lir/verify/trap-as-value.lir
cases/lir/verify/trap-as-value.lir:3:42: error: void value bound to x
status 1
#### cases/lir/verify/trap-not-terminator.lir
cases/lir/verify/trap-not-terminator.lir:3:23: error: block entry does not end in a terminator
status 1
#### cases/lir/verify/trunc-float.lir
cases/lir/verify/trunc-float.lir:3:85: error: trunc needs integer types, found double
status 1
#### cases/lir/verify/trunc-wider.lir
cases/lir/verify/trunc-wider.lir:3:85: error: trunc: i64 is not narrower than i32
status 1
#### cases/lir/verify/undef-global.lir
cases/lir/verify/undef-global.lir:3:51: error: undefined global @nope
status 1
#### cases/lir/verify/undef-struct.lir
cases/lir/verify/undef-struct.lir:3:45: error: undefined struct %struct.nope
status 1
#### cases/lir/verify/unknown-fpred.lir
cases/lir/verify/unknown-fpred.lir:3:91: error: unknown fcmp predicate eq
status 1
#### cases/lir/verify/unknown-instr.lir
cases/lir/verify/unknown-instr.lir:3:85: error: unknown instruction frobnicate
status 1
#### cases/lir/verify/unknown-ordering.lir
cases/lir/verify/unknown-ordering.lir:3:92: error: unknown ordering bogus
status 1
#### cases/lir/verify/unknown-pred.lir
cases/lir/verify/unknown-pred.lir:3:91: error: unknown icmp predicate foo
status 1
#### cases/lir/verify/unknown-type.lir
cases/lir/verify/unknown-type.lir:3:93: error: unknown type i99
status 1
#### cases/lir/verify/unreachable-cross-use.lir
cases/lir/verify/unreachable-cross-use.lir:3:66: error: x does not dominate its use in block u1
status 1
#### cases/lir/verify/urem-zero.lir
cases/lir/verify/urem-zero.lir:3:85: error: division by constant zero
status 1
#### cases/lir/verify/use-before-binding.lir
cases/lir/verify/use-before-binding.lir:3:50: error: b is used before its binding in block entry
status 1
#### cases/lir/verify/varargs-few.lir
cases/lir/verify/varargs-few.lir:4:36: error: call to @printf: expected at least 1 argument, found 0
status 1
#### cases/lir/verify/varargs-float.lir
cases/lir/verify/varargs-float.lir:4:64: error: variadic argument 2 of @printf has type float, which C promotes; pass double
status 1
#### cases/lir/verify/varargs-i1.lir
cases/lir/verify/varargs-i1.lir:4:64: error: variadic argument 2 of @printf has type i1, which C promotes; pass i32
status 1
#### cases/lir/verify/varargs-i16-indirect.lir
cases/lir/verify/varargs-i16-indirect.lir:4:92: error: variadic argument 2 of indirect-call has type i16, which C promotes; pass i32
status 1
#### cases/lir/verify/varargs-i8.lir
cases/lir/verify/varargs-i8.lir:4:64: error: variadic argument 2 of @printf has type i8, which C promotes; pass i32
status 1
#### cases/lir/verify/varargs-not-last.lir
cases/lir/verify/varargs-not-last.lir:3:17: error: ... must be the last parameter type
status 1
#### cases/lir/verify/vector-of-arrays.lir
cases/lir/verify/vector-of-arrays.lir:3:53: error: malformed vector type <2 x [2 x i32]>
status 1
#### cases/lir/verify/void-bound.lir
cases/lir/verify/void-bound.lir:4:42: error: void value bound to x
status 1
#### cases/lir/verify/void-operand.lir
cases/lir/verify/void-operand.lir:4:46: error: void value used as an operand
status 1
#### cases/lir/verify/void-store-operand.lir
cases/lir/verify/void-store-operand.lir:3:65: error: void value used as an operand
status 1
#### cases/lir/verify/volatile-alloca.lir
cases/lir/verify/volatile-alloca.lir:3:53: error: unknown type volatile
status 1
#### cases/lir/verify/volatile-direct-type.lir
cases/lir/verify/volatile-direct-type.lir:3:60: error: store of i32 through p, which is (alloca i64)
status 1
#### cases/lir/verify/zeroinitializer-arity.lir
cases/lir/verify/zeroinitializer-arity.lir:3:45: error: zeroinitializer expects 1 operand, found 2
status 1
#### cases/lir/verify/zeroinitializer-void.lir
cases/lir/verify/zeroinitializer-void.lir:3:62: error: void is only a function result type
status 1
#### cases/lir/verify/zext-narrower.lir
cases/lir/verify/zext-narrower.lir:3:85: error: zext: i8 is not wider than i32
status 1
#### compiler/tests/native/h2-edge/bigflat.lir
compiler/tests/native/h2-edge/bigflat.lir:1:1: error: expected a top-level form (define, declare, declare-global, defstruct, global, constant), found 0
status 1
#### compiler/tests/native/h2-edge/brace.lir
compiler/tests/native/h2-edge/brace.lir:1:21: error: mismatched closing bracket
status 1
#### compiler/tests/native/h2-edge/comma.lir
compiler/tests/native/h2-edge/comma.lir:1:10: error: unexpected )
status 1
#### compiler/tests/native/h2-edge/crlf.lir
compiler/tests/native/h2-edge/crlf.lir:4:1: error: unexpected )
status 1
#### compiler/tests/native/h2-edge/deep.lir
compiler/tests/native/h2-edge/deep.lir:1:513: error: nesting deeper than 512
status 1
#### compiler/tests/native/h2-edge/deep2.lir
compiler/tests/native/h2-edge/deep2.lir:1:1025: error: unexpected )
status 1
#### compiler/tests/native/h2-edge/deep3.lir
compiler/tests/native/h2-edge/deep3.lir:1:513: error: nesting deeper than 512
status 1
#### compiler/tests/native/h2-edge/dup-name.lir
compiler/tests/native/h2-edge/dup-name.lir:1:9: error: expected (NAME R) after define
status 1
#### compiler/tests/native/h2-edge/empty.lir
status 0
#### compiler/tests/native/h2-edge/eofstr.lir
compiler/tests/native/h2-edge/eofstr.lir:1:4: error: unterminated string
status 1
#### compiler/tests/native/h2-edge/extra.lir
compiler/tests/native/h2-edge/extra.lir:1:45: error: unexpected )
status 1
#### compiler/tests/native/h2-edge/lex-first.lir
compiler/tests/native/h2-edge/lex-first.lir:1:1: error: unterminated string
status 1
#### compiler/tests/native/h2-edge/mismatch-then-lex.lir
compiler/tests/native/h2-edge/mismatch-then-lex.lir:2:1: error: unterminated string
status 1
#### compiler/tests/native/h2-edge/mismatch.lir
compiler/tests/native/h2-edge/mismatch.lir:1:43: error: mismatched closing bracket
status 1
#### compiler/tests/native/h2-edge/noatom.lir
compiler/tests/native/h2-edge/noatom.lir:1:16: error: unterminated string
status 1
#### compiler/tests/native/h2-edge/ok-then-parse.lir
compiler/tests/native/h2-edge/ok-then-parse.lir:3:4: error: unterminated string
status 1
#### compiler/tests/native/h2-edge/parse-then-extra.lir
compiler/tests/native/h2-edge/parse-then-extra.lir:1:11: error: unexpected )
status 1
#### compiler/tests/native/h2-edge/parse-then-lex.lir
compiler/tests/native/h2-edge/parse-then-lex.lir:2:4: error: unterminated string
status 1
#### compiler/tests/native/h2-edge/parse-then-parse.lir
compiler/tests/native/h2-edge/parse-then-parse.lir:1:1: error: expected a top-level form (define, declare, declare-global, defstruct, global, constant), found bogus
status 1
#### compiler/tests/native/h2-edge/parse-then-struct.lir
compiler/tests/native/h2-edge/parse-then-struct.lir:2:1: error: unexpected end of input: unclosed list
status 1
#### compiler/tests/native/h2-edge/str.lir
compiler/tests/native/h2-edge/str.lir:1:24: error: unexpected )
status 1
#### compiler/tests/native/h2-edge/str2.lir
compiler/tests/native/h2-edge/str2.lir:1:11: error: invalid escape \x: two hex digits expected
status 1
#### compiler/tests/native/h2-edge/str3.lir
compiler/tests/native/h2-edge/str3.lir:1:11: error: invalid escape \x: two hex digits expected
status 1
#### compiler/tests/native/h2-edge/struct-then-lex.lir
compiler/tests/native/h2-edge/struct-then-lex.lir:2:6: error: invalid escape \q
status 1
#### compiler/tests/native/h2-edge/tab.lir
compiler/tests/native/h2-edge/tab.lir:2:2: error: unexpected )
status 1
#### compiler/tests/native/h2-edge/unclosed.lir
compiler/tests/native/h2-edge/unclosed.lir:1:1: error: unexpected end of input: unclosed list
status 1
#### compiler/tests/native/h2-edge/uni-atom.lir
compiler/tests/native/h2-edge/uni-atom.lir:2:1: error: unexpected )
status 1
#### compiler/tests/native/h2-edge/uni-comment.lir
compiler/tests/native/h2-edge/uni-comment.lir:2:9: error: expected (NAME R) after define
status 1
#### compiler/tests/native/h2-edge/uni-pos.lir
compiler/tests/native/h2-edge/uni-pos.lir:2:6: error: mismatched closing bracket
status 1
#### compiler/tests/native/h2-edge/uni-pos2.lir
compiler/tests/native/h2-edge/uni-pos2.lir:1:12: error: unexpected )
status 1
#### compiler/tests/native/h2-edge/uni-ws.lir
compiler/tests/native/h2-edge/uni-ws.lir:1:15: error: unexpected )
status 1
#### compiler/tests/native/h2-edge/vec.lir
compiler/tests/native/h2-edge/vec.lir:1:16: error: malformed vector type <bad>
status 1
#### compiler/tests/native/h2-edge/vec2.lir
compiler/tests/native/h2-edge/vec2.lir:1:4: error: unterminated vector type
status 1
#### compiler/tests/native/h2-edge/ws.lir
status 0
