#### compiler/tests/own/amp-cases/01-twice-in-an-impl-method.fib
== compiler/tests/own/amp-cases/01-twice-in-an-impl-method.fib
error AmpTwice 7:48 399..410: variable x passed to more than one & parameter in call to bar
error AmpTwice 6:51 337..348: variable x passed to more than one & parameter in call to bar
status 1
#### compiler/tests/own/amp-cases/02-twice-three-times-and-two-variables.fib
== compiler/tests/own/amp-cases/02-twice-three-times-and-two-variables.fib
error AmpTwice 7:8 311..328: variable y passed to more than one & parameter in call to bar
error AmpTwice 7:8 311..328: variable x passed to more than one & parameter in call to bar
error AmpTwice 7:26 329..346: variable x passed to more than one & parameter in call to bar
error AmpTwice 7:44 347..364: variable x passed to more than one & parameter in call to bar
error AmpTwice 7:44 347..364: variable y passed to more than one & parameter in call to bar
status 1
#### compiler/tests/own/amp-cases/03-twice-through-an-unnamed-head.fib
== compiler/tests/own/amp-cases/03-twice-through-an-unnamed-head.fib
error AmpTwice 6:8 217..233: variable x passed to more than one & parameter in call to the function at compiler/tests/own/amp-cases/03-twice-through-an-unnamed-head.fib:6:9
error AmpTwice 6:25 234..243: variable x passed to more than one & parameter in call to h
status 1
#### compiler/tests/own/amp-cases/04-twice-in-a-closure-and-in-a-let.fib
== compiler/tests/own/amp-cases/04-twice-in-a-closure-and-in-a-let.fib
error AmpTwice 5:36 188..199: variable z passed to more than one & parameter in call to bar
error AmpTwice 6:43 244..255: variable w passed to more than one & parameter in call to bar
status 1
#### compiler/tests/own/amp-cases/05-async-mentions-and-tails.fib
== compiler/tests/own/amp-cases/05-async-mentions-and-tails.fib
error AmpInAsync 5:20 339..349: & parameter in async function: v in a1
error AmpInAsync 6:20 373..391: & parameter in async function: v in a2
error AmpInAsync 7:20 415..435: & parameter in async function: v in a3
error AmpInAsync 8:21 460..478: & parameter in async function: v in a3b
error AmpInAsync 9:37 519..528: & parameter in async function: v in a4
error AmpInAsync 10:43 574..583: & parameter in async function: v in a5
error AmpInAsync 11:35 621..630: & parameter in async function: v in a6
error AmpInAsync 12:58 691..700: & parameter in async function: v in a7
error AmpInAsync 13:42 745..754: & parameter in async function: v in a8
error AmpInAsync 13:23 726..744: & parameter in async function: w in a8
status 1
#### compiler/tests/own/amp-cases/07-amp-error-hides-a-type-error.fib
== compiler/tests/own/amp-cases/07-amp-error-hides-a-type-error.fib
error AmpTwice 4:49 263..274: variable x passed to more than one & parameter in call to bar
status 1
