#### compiler/tests/types/top-cases/d-def-name-not-sym.fib
== compiler/tests/types/top-cases/d-def-name-not-sym.fib
error Resolve 2:1 33..42: expected (def name expr)
status 1
#### compiler/tests/types/top-cases/d-defun-bad-param.fib
== compiler/tests/types/top-cases/d-defun-bad-param.fib
error Resolve 2:13 44..45: 1 is not a parameter
status 1
#### compiler/tests/types/top-cases/d-defun-repeated-param.fib
== compiler/tests/types/top-cases/d-defun-repeated-param.fib
error Resolve 2:15 51..52: parameter x is repeated
status 1
#### compiler/tests/types/top-cases/d-extern-no-arrow.fib
== compiler/tests/types/top-cases/d-extern-no-arrow.fib
error Resolve 2:1 32..53: expected (extern name (type*) -> type opt*)
status 1
#### compiler/tests/types/top-cases/d-extern-no-operands.fib
== compiler/tests/types/top-cases/d-extern-no-operands.fib
error Resolve 2:1 35..45: expected (extern name (type*) -> type opt*)
status 1
#### compiler/tests/types/top-cases/d-extern-no-ret.fib
== compiler/tests/types/top-cases/d-extern-no-ret.fib
error Resolve 2:1 30..50: expected (extern name (type*) -> type opt*)
status 1
#### compiler/tests/types/top-cases/d-extern-position-var.fib
== compiler/tests/types/top-cases/d-extern-position-var.fib
error Other 2:13 48..49: extern positions are scalars, ptr or unit
status 1
#### compiler/tests/types/top-cases/d-extern-ret-not-scalar.fib
== compiler/tests/types/top-cases/d-extern-ret-not-scalar.fib
error Other 2:18 55..64: extern positions are scalars, ptr or unit
status 1
#### compiler/tests/types/top-cases/d-several.fib
== compiler/tests/types/top-cases/d-several.fib
error Resolve 3:1 43..61: twice is already defined
error Resolve 4:15 76..77: parameter x is repeated
error Resolve 5:1 82..95: twice is already defined
status 1
#### compiler/tests/types/top-cases/d-twice-def-extern.fib
== compiler/tests/types/top-cases/d-twice-def-extern.fib
error Resolve 3:1 47..71: twice is already defined
status 1
#### compiler/tests/types/top-cases/d-twice-fun-def.fib
== compiler/tests/types/top-cases/d-twice-fun-def.fib
error Resolve 3:1 49..62: twice is already defined
status 1
#### compiler/tests/types/top-cases/d-twice-fun-fun.fib
== compiler/tests/types/top-cases/d-twice-fun-fun.fib
error Resolve 3:1 49..67: twice is already defined
status 1
#### compiler/tests/types/top-cases/e-def-bad-annotation.fib
== compiler/tests/types/top-cases/e-def-bad-annotation.fib
error Resolve 2:9 43..49: unknown type Nope
status 1
#### compiler/tests/types/top-cases/e-def-unbound.fib
== compiler/tests/types/top-cases/e-def-unbound.fib
error Resolve 2:8 35..42: unbound name nowhere
status 1
#### compiler/tests/types/top-cases/e-param-unknown-type.fib
== compiler/tests/types/top-cases/e-param-unknown-type.fib
error Resolve 2:15 49..57: unknown type Nope
status 1
#### compiler/tests/types/top-cases/e-ret-unknown-type.fib
== compiler/tests/types/top-cases/e-ret-unknown-type.fib
error Resolve 2:18 50..58: unknown type Nope
status 1
#### compiler/tests/types/top-cases/e-several.fib
== compiler/tests/types/top-cases/e-several.fib
error Resolve 2:26 49..57: unknown protocol Nope
error Resolve 3:15 83..91: unknown type Nope
error Resolve 5:26 145..146: a constraint is (P T..) or (Send T)
status 1
#### compiler/tests/types/top-cases/e-where-arity.fib
== compiler/tests/types/top-cases/e-where-arity.fib
error Resolve 2:26 53..61: protocol Eq takes 1 type(s)
status 1
#### compiler/tests/types/top-cases/e-where-bad-type.fib
== compiler/tests/types/top-cases/e-where-bad-type.fib
error Resolve 2:30 60..61: 5 is not a type
status 1
#### compiler/tests/types/top-cases/e-where-not-a-constraint.fib
== compiler/tests/types/top-cases/e-where-not-a-constraint.fib
error Resolve 2:26 64..65: a constraint is (P T..) or (Send T)
status 1
#### compiler/tests/types/top-cases/e-where-unknown-protocol.fib
== compiler/tests/types/top-cases/e-where-unknown-protocol.fib
error Resolve 2:26 64..72: unknown protocol Nope
status 1
#### compiler/tests/types/top-cases/i-arity.fib
== compiler/tests/types/top-cases/i-arity.fib
error Other 4:16 123..137: method area takes (self ..) with 1 parameter(s)
status 1
#### compiler/tests/types/top-cases/i-bad-ret.fib
== compiler/tests/types/top-cases/i-bad-ret.fib
error Resolve 4:32 141..147: unknown type Nope
status 1
#### compiler/tests/types/top-cases/i-body-error.fib
== compiler/tests/types/top-cases/i-body-error.fib
error Resolve 4:29 141..148: unbound name nowhere
status 1
#### compiler/tests/types/top-cases/i-duplicate-method.fib
== compiler/tests/types/top-cases/i-duplicate-method.fib
error Other 4:50 168..183: impl Shape for Sq defines a method twice
status 1
#### compiler/tests/types/top-cases/i-missing-method.fib
== compiler/tests/types/top-cases/i-missing-method.fib
error Other 4:1 117..148: impl Shape for Sq is missing the method name
status 1
#### compiler/tests/types/top-cases/i-not-a-method.fib
== compiler/tests/types/top-cases/i-not-a-method.fib
error Other 4:50 164..181: volume is not a method of Shape
status 1
#### compiler/tests/types/top-cases/i-self-name.fib
== compiler/tests/types/top-cases/i-self-name.fib
error Other 4:16 127..140: method area takes (self ..) with 1 parameter(s)
status 1
#### compiler/tests/types/top-cases/i-several.fib
== compiler/tests/types/top-cases/i-several.fib
error Other 4:1 110..141: impl Shape for Sq is missing the method name
error Resolve 5:34 175..182: unbound name nowhere
status 1
