#### compiler/tests/types/infer-cases/00-use-prelude-function.fib
== compiler/tests/types/infer-cases/00-use-prelude-function.fib
-- module main compiler/tests/types/infer-cases/00-use-prelude-function.fib
fun main : (fn :send () i64) params 2:1 174..222
unit scc main
status 0
#### compiler/tests/types/infer-cases/01-nonexh-option.fib
== compiler/tests/types/infer-cases/01-nonexh-option.fib
error NonExhaustive 2:23 125..154: non-exhaustive match: missing nil
status 1
#### compiler/tests/types/infer-cases/02-nonexh-enum.fib
== compiler/tests/types/infer-cases/02-nonexh-enum.fib
error NonExhaustive 3:23 179..223: non-exhaustive match: missing (Sq _)
status 1
#### compiler/tests/types/infer-cases/03-nonexh-enum-leaf.fib
== compiler/tests/types/infer-cases/03-nonexh-enum-leaf.fib
error NonExhaustive 3:23 179..223: non-exhaustive match: missing (Leaf)
status 1
#### compiler/tests/types/infer-cases/04-nonexh-bool.fib
== compiler/tests/types/infer-cases/04-nonexh-bool.fib
error NonExhaustive 2:23 127..148: non-exhaustive match: missing false
status 1
#### compiler/tests/types/infer-cases/05-nonexh-int.fib
== compiler/tests/types/infer-cases/05-nonexh-int.fib
error NonExhaustive 2:23 123..144: non-exhaustive match: missing _
status 1
#### compiler/tests/types/infer-cases/06-nonexh-nested.fib
== compiler/tests/types/infer-cases/06-nonexh-nested.fib
error NonExhaustive 2:23 132..183: non-exhaustive match: missing (some nil)
status 1
#### compiler/tests/types/infer-cases/07-exh-option.fib
== compiler/tests/types/infer-cases/07-exh-option.fib
-- module main compiler/tests/types/infer-cases/07-exh-option.fib
fun main : (fn :send () i64) params 2:1 100..160
unit scc main
status 0
#### compiler/tests/types/infer-cases/08-redundant-bool.fib
== compiler/tests/types/infer-cases/08-redundant-bool.fib
error Redundant 2:55 172..173: redundant match clause
status 1
#### compiler/tests/types/infer-cases/09-redundant-var-then-lit.fib
== compiler/tests/types/infer-cases/09-redundant-var-then-lit.fib
error Redundant 2:39 147..148: redundant match clause
status 1
#### compiler/tests/types/infer-cases/10-vec-lengths-ok.fib
== compiler/tests/types/infer-cases/10-vec-lengths-ok.fib
-- module main compiler/tests/types/infer-cases/10-vec-lengths-ok.fib
fun f : (fn :send ((Vec i64)) i64) params v 2:1 110..180
fun main : (fn :send () i64) params 3:1 181..210
unit scc f
unit scc main
status 0
#### compiler/tests/types/infer-cases/11-vec-missing-empty.fib
== compiler/tests/types/infer-cases/11-vec-missing-empty.fib
error NonExhaustive 2:32 133..150: non-exhaustive match: missing []
status 1
#### compiler/tests/types/infer-cases/12-vec-missing-one.fib
== compiler/tests/types/infer-cases/12-vec-missing-one.fib
error NonExhaustive 2:32 134..160: non-exhaustive match: missing [_]
status 1
#### compiler/tests/types/infer-cases/13-vec-missing-two-plus.fib
== compiler/tests/types/infer-cases/13-vec-missing-two-plus.fib
error NonExhaustive 2:32 140..164: non-exhaustive match: missing [_ _ & _]
status 1
#### compiler/tests/types/infer-cases/14-vec-bool-missing.fib
== compiler/tests/types/infer-cases/14-vec-bool-missing.fib
error NonExhaustive 2:33 143..174: non-exhaustive match: missing [false & _]
status 1
#### compiler/tests/types/infer-cases/15-vec-guarded-only.fib
== compiler/tests/types/infer-cases/15-vec-guarded-only.fib
error NonExhaustive 2:32 150..180: non-exhaustive match: missing []
status 1
#### compiler/tests/types/infer-cases/16-vec-guard-missing.fib
== compiler/tests/types/infer-cases/16-vec-guard-missing.fib
error NonExhaustive 2:32 143..185: non-exhaustive match: missing [_ & _]
status 1
#### compiler/tests/types/infer-cases/17-vec-guard-ok.fib
== compiler/tests/types/infer-cases/17-vec-guard-ok.fib
-- module main compiler/tests/types/infer-cases/17-vec-guard-ok.fib
fun f : (fn :send ((Vec i64)) i64) params v 2:1 113..199
fun main : (fn :send () i64) params 3:1 200..229
unit scc f
unit scc main
status 0
#### compiler/tests/types/infer-cases/18-vec-redundant-after-wild.fib
== compiler/tests/types/infer-cases/18-vec-redundant-after-wild.fib
error Redundant 2:48 148..149: redundant match clause
status 1
#### compiler/tests/types/infer-cases/19-vec-redundant-after-rest.fib
== compiler/tests/types/infer-cases/19-vec-redundant-after-rest.fib
error Redundant 2:52 152..155: redundant match clause
status 1
#### compiler/tests/types/infer-cases/20-vec-mixed.fib
== compiler/tests/types/infer-cases/20-vec-mixed.fib
error Other 2:49 163..178: vector patterns cannot be mixed with patterns of Vec's variants
status 1
#### compiler/tests/types/infer-cases/21-let-refutable-ok.fib
== compiler/tests/types/infer-cases/21-let-refutable-ok.fib
-- module main compiler/tests/types/infer-cases/21-let-refutable-ok.fib
fun main : (fn :send () i64) params 2:1 122..180
unit scc main
status 0
#### compiler/tests/types/infer-cases/22-let-refutable-two.fib
== compiler/tests/types/infer-cases/22-let-refutable-two.fib
-- module main compiler/tests/types/infer-cases/22-let-refutable-two.fib
fun main : (fn :send () i64) params 2:1 104..184
unit scc main
status 0
#### compiler/tests/types/infer-cases/23-struct-pattern-let.fib
== compiler/tests/types/infer-cases/23-struct-pattern-let.fib
-- module main compiler/tests/types/infer-cases/23-struct-pattern-let.fib
type P () struct 2:1 114..143
  field x : i64
  field y : i64
fun main : (fn :send () i64) params 3:1 144..200
unit scc main
status 0
#### compiler/tests/types/infer-cases/24-struct-pattern-redundant.fib
== compiler/tests/types/infer-cases/24-struct-pattern-redundant.fib
error Redundant 3:51 204..205: redundant match clause
status 1
#### compiler/tests/types/infer-cases/25-tuple-vector-missing.fib
== compiler/tests/types/infer-cases/25-tuple-vector-missing.fib
error NonExhaustive 2:38 152..188: non-exhaustive match: missing (Pair _ true)
status 1
#### compiler/tests/types/infer-cases/26-tuple-vec-of-vec.fib
== compiler/tests/types/infer-cases/26-tuple-vec-of-vec.fib
error NonExhaustive 2:49 152..189: non-exhaustive match: missing (Pair [_ & _] [_ & _])
status 1
#### compiler/tests/types/infer-cases/27-tuple-ok.fib
== compiler/tests/types/infer-cases/27-tuple-ok.fib
-- module main compiler/tests/types/infer-cases/27-tuple-ok.fib
fun f : (fn :send ((Pair i64 bool)) i64) params p 2:1 104..178
fun main : (fn :send () i64) params 3:1 179..219
unit scc f
unit scc main
status 0
#### compiler/tests/types/infer-cases/28-match-in-clause-body.fib
== compiler/tests/types/infer-cases/28-match-in-clause-body.fib
error NonExhaustive 2:41 167..196: non-exhaustive match: missing nil
status 1
#### compiler/tests/types/infer-cases/29-match-outer-first.fib
== compiler/tests/types/infer-cases/29-match-outer-first.fib
error NonExhaustive 2:23 156..205: non-exhaustive match: missing false
status 1
#### compiler/tests/types/infer-cases/30-match-in-scrutinee.fib
== compiler/tests/types/infer-cases/30-match-in-scrutinee.fib
error NonExhaustive 2:30 139..168: non-exhaustive match: missing nil
status 1
#### compiler/tests/types/infer-cases/31-two-errors-in-order.fib
== compiler/tests/types/infer-cases/31-two-errors-in-order.fib
error NonExhaustive 2:20 140..161: non-exhaustive match: missing false
error NonExhaustive 3:20 182..205: non-exhaustive match: missing true
status 1
#### compiler/tests/types/infer-cases/32-def-cycle.fib
== compiler/tests/types/infer-cases/32-def-cycle.fib
error DefCycle 2:1 126..148: def d and defun f depend on each other
status 1
#### compiler/tests/types/infer-cases/33-def-cycle-two-defs.fib
== compiler/tests/types/infer-cases/33-def-cycle-two-defs.fib
error DefCycle 2:1 133..155: def e and defun f depend on each other
status 1
#### compiler/tests/types/infer-cases/34-def-ok.fib
== compiler/tests/types/infer-cases/34-def-ok.fib
-- module main compiler/tests/types/infer-cases/34-def-ok.fib
fun main : (fn :send () i64) params 3:1 119..149
def d : i64 2:1 104..118
unit def d
unit scc main
status 0
#### compiler/tests/types/infer-cases/35-no-main.fib
== compiler/tests/types/infer-cases/35-no-main.fib
error Other 0:0 0..0@<builtin>: the program has no main
status 1
#### compiler/tests/types/infer-cases/36-main-def.fib
== compiler/tests/types/infer-cases/36-main-def.fib
error Other 0:0 0..0@<builtin>: the program has no main
status 1
#### compiler/tests/types/infer-cases/37-main-wrong-result.fib
== compiler/tests/types/infer-cases/37-main-wrong-result.fib
error Other 2:1 111..139: main must have type (fn () i64), not (fn :send () bool)
status 1
#### compiler/tests/types/infer-cases/38-main-with-arg.fib
== compiler/tests/types/infer-cases/38-main-with-arg.fib
error Other 2:1 114..144: main must have type (fn () i64), not (fn :send (i64) i64)
status 1
#### compiler/tests/types/infer-cases/39-main-generic.fib
== compiler/tests/types/infer-cases/39-main-generic.fib
error Ambiguous 2:1 107..147: ambiguous constraint Eq a in main; add an annotation
status 1
#### compiler/tests/types/infer-cases/40-blocked-skip.fib
== compiler/tests/types/infer-cases/40-blocked-skip.fib
error Unify 2:25 152..156: cannot unify bool with i64
error NonExhaustive 4:20 202..225: non-exhaustive match: missing true
status 1
#### compiler/tests/types/infer-cases/41-blocked-def.fib
== compiler/tests/types/infer-cases/41-blocked-def.fib
error Unify 2:25 156..160: cannot unify bool with i64
status 1
#### compiler/tests/types/infer-cases/42-scc-mutual.fib
== compiler/tests/types/infer-cases/42-scc-mutual.fib
-- module main compiler/tests/types/infer-cases/42-scc-mutual.fib
fun even? : (fn :send (i64) bool) params n 2:1 124..187
fun odd? : (fn :send (i64) bool) params n 3:1 188..252
fun main : (fn :send () i64) params 4:1 253..294
unit scc even? odd?
unit scc main
status 0
#### compiler/tests/types/infer-cases/43-scc-fail.fib
== compiler/tests/types/infer-cases/43-scc-fail.fib
error Unify 3:35 175..179: cannot unify bool with i64
status 1
#### compiler/tests/types/infer-cases/45-impl-bad-method.fib
== compiler/tests/types/infer-cases/45-impl-bad-method.fib
error NonExhaustive 4:30 213..234: non-exhaustive match: missing false
status 1
#### compiler/tests/types/infer-cases/46-impl-blocked.fib
== compiler/tests/types/infer-cases/46-impl-blocked.fib
error Unify 4:27 233..237: cannot unify bool with i64
status 1
#### compiler/tests/types/infer-cases/47-macro-unit.fib
== compiler/tests/types/infer-cases/47-macro-unit.fib
-- module main compiler/tests/types/infer-cases/47-macro-unit.fib
fun main : (fn :send () i64) params 3:1 177..201
macro twice : (fn :send (Form) Form) params x 2:1 144..176
unit scc main
unit macro twice
status 0
#### compiler/tests/types/infer-cases/48-macro-bad-body.fib
== compiler/tests/types/infer-cases/48-macro-bad-body.fib
error Unify 2:24 150..154: cannot unify bool with i64
status 1
#### compiler/tests/types/infer-cases/49-def-holds-cell.fib
== compiler/tests/types/infer-cases/49-def-holds-cell.fib
error DefHoldsCell 2:1 149..165: def c: a def may not hold a Cell or a Weak: the value has type (Cell i64); use an Atom
status 1
#### compiler/tests/types/infer-cases/50-def-holds-struct-with-cell.fib
== compiler/tests/types/infer-cases/50-def-holds-struct-with-cell.fib
error DefHoldsCell 3:1 169..189: def h: a def may not hold a Cell or a Weak: field c of H has type (Cell i64); use an Atom
status 1
#### compiler/tests/types/infer-cases/51-def-holds-weak.fib
== compiler/tests/types/infer-cases/51-def-holds-weak.fib
error DefHoldsCell 3:1 156..176: def w: a def may not hold a Cell or a Weak: the value has type (Weak N); use an Atom
status 1
#### compiler/tests/types/infer-cases/52-def-reads-later-def.fib
== compiler/tests/types/infer-cases/52-def-reads-later-def.fib
-- module main compiler/tests/types/infer-cases/52-def-reads-later-def.fib
fun f : (fn :send () i64) params 2:1 170..195
fun main : (fn :send () i64) params 5:1 232..256
def a : i64 3:1 196..212
def later : i64 4:1 213..231
unit def later
unit scc f
unit def a
unit scc main
status 0
#### compiler/tests/types/infer-cases/53-def-atom-call-fn.fib
== compiler/tests/types/infer-cases/53-def-atom-call-fn.fib
-- module main compiler/tests/types/infer-cases/53-def-atom-call-fn.fib
fun f : (fn :send () i64) params 2:1 149..170
fun main : (fn :send () i64) params 6:1 262..298
def hits : (Atom i64) 3:1 171..202
def one : i64 4:1 203..221
def step : (fn :send (i64) i64) 5:1 222..261
unit scc f
unit def hits
unit def one
unit scc main
unit def step
status 0
#### compiler/tests/types/infer-cases/54-def-holds-vec-of-cell.fib
== compiler/tests/types/infer-cases/54-def-holds-vec-of-cell.fib
error DefHoldsCell 2:1 178..206: def cs: a def may not hold a Cell or a Weak: payload 2 of VecOf, payload of some, payload of VLeaf, element of (Array (Cell i64)) has type (Cell i64); use an Atom
status 1
