add hooked: ok
install the hooks: ok
one(21): 1000042 after 1 hooks of arity 1 and 0 of arity 2
two(3, 4): 2000304 after 0 hooks of arity 1 and 1 of arity 2
many(1000): 999000 after 1000 hooks of arity 1 and 0 of arity 2
one(5) again on the same mailbox: 1000010 after 1 hooks of arity 1 and 0 of arity 2
wait after a reply with no hook waiting: error: lair_call_hook_reply: no hook call is waiting
the fault text: lair_call_hook_reply: no hook call is waiting
-- start at address 0
call-start: address 0
-- start with 9 arguments
call-start: more than 8 arguments
start one(1): ok
wait: a hook of arity 1
-- start again while it is parked
lair_call_start: a call is still running
argument 5 of a hook that has one: 0
wait after the misuses: error: lair_call_start: a call is still running
wait again: done
result of the call that was parked: 1000005
