### e_reassoc: reassoc
  f.sum-f64: packed=10 scalar=3
  f.sum-i64: packed=0 scalar=0
  f.dot-f64: packed=15 scalar=4
  f.dot-i64: packed=0 scalar=0
  f.axpy-f64: packed=0 scalar=2
  f.axpy-i64: packed=0 scalar=0
  f.map-into: packed=0 scalar=0
  f.map-sq: packed=0 scalar=1
Vectorized f.sum-f64 | vectorized loop (vectorization width: 4, interleaved count: 4)
Vectorized f.dot-f64 | vectorized loop (vectorization width: 4, interleaved count: 4)
e_reassoc sumf n=100000 reps=2000 best_ms=14
e_reassoc sumi n=100000 reps=2000 best_ms=43
e_reassoc dotf n=100000 reps=2000 best_ms=29
e_reassoc doti n=100000 reps=2000 best_ms=81
e_reassoc axpyf n=100000 reps=2000 best_ms=282
e_reassoc axpyi n=100000 reps=2000 best_ms=290
e_reassoc mapf n=100000 reps=2000 best_ms=323
e_reassoc sq n=100000 reps=2000 best_ms=111
### e_ovf: ovf
  f.sum-f64: packed=0 scalar=9
  f.sum-i64: packed=12 scalar=0
  f.dot-f64: packed=0 scalar=18
  f.dot-i64: packed=22 scalar=0
  f.axpy-f64: packed=0 scalar=2
  f.axpy-i64: packed=0 scalar=0
  f.map-into: packed=0 scalar=0
  f.map-sq: packed=0 scalar=1
Vectorized f.sum-i64 | vectorized loop (vectorization width: 4, interleaved count: 4)
Vectorized f.dot-i64 | vectorized loop (vectorization width: 4, interleaved count: 4)
e_ovf sumf n=100000 reps=2000 best_ms=79
e_ovf sumi n=100000 reps=2000 best_ms=15
e_ovf dotf n=100000 reps=2000 best_ms=81
e_ovf doti n=100000 reps=2000 best_ms=37
e_ovf axpyf n=100000 reps=2000 best_ms=273
e_ovf axpyi n=100000 reps=2000 best_ms=246
e_ovf mapf n=100000 reps=2000 best_ms=292
e_ovf sq n=100000 reps=2000 best_ms=110
### e_bounds: bounds
  f.sum-f64: packed=0 scalar=9
  f.sum-i64: packed=0 scalar=0
  f.dot-f64: packed=0 scalar=18
  f.dot-i64: packed=0 scalar=0
  f.axpy-f64: packed=0 scalar=2
  f.axpy-i64: packed=0 scalar=0
  f.map-into: packed=0 scalar=0
  f.map-sq: packed=0 scalar=1
e_bounds sumf n=100000 reps=2000 best_ms=79
e_bounds sumi n=100000 reps=2000 best_ms=44
e_bounds dotf n=100000 reps=2000 best_ms=77
e_bounds doti n=100000 reps=2000 best_ms=77
e_bounds axpyf n=100000 reps=2000 best_ms=226
e_bounds axpyi n=100000 reps=2000 best_ms=239
e_bounds mapf n=100000 reps=2000 best_ms=290
e_bounds sq n=100000 reps=2000 best_ms=84
### e_rc: rc
  f.sum-f64: packed=0 scalar=9
  f.sum-i64: packed=0 scalar=0
  f.dot-f64: packed=0 scalar=18
  f.dot-i64: packed=0 scalar=0
  f.axpy-f64: packed=0 scalar=2
  f.axpy-i64: packed=0 scalar=0
  f.map-into: packed=0 scalar=0
  f.map-sq: packed=0 scalar=1
e_rc sumf n=100000 reps=2000 best_ms=77
e_rc sumi n=100000 reps=2000 best_ms=41
e_rc dotf n=100000 reps=2000 best_ms=80
e_rc doti n=100000 reps=2000 best_ms=82
e_rc axpyf n=100000 reps=2000 best_ms=145
e_rc axpyi n=100000 reps=2000 best_ms=154
e_rc mapf n=100000 reps=2000 best_ms=248
e_rc sq n=100000 reps=2000 best_ms=109
### e_uniq: uniq
  f.sum-f64: packed=0 scalar=9
  f.sum-i64: packed=0 scalar=0
  f.dot-f64: packed=0 scalar=18
  f.dot-i64: packed=0 scalar=0
  f.axpy-f64: packed=0 scalar=2
  f.axpy-i64: packed=0 scalar=0
  f.map-into: packed=0 scalar=0
  f.map-sq: packed=0 scalar=1
### e_uniq: uniq
  f.sum-f64: packed=0 scalar=9
  f.sum-i64: packed=0 scalar=0
  f.dot-f64: packed=0 scalar=18
  f.dot-i64: packed=0 scalar=0
  f.axpy-f64: packed=0 scalar=2
  f.axpy-i64: packed=0 scalar=0
  f.map-into: packed=0 scalar=0
  f.map-sq: packed=0 scalar=1
e_uniq sumf n=100000 reps=2000 best_ms=78
e_uniq sumi n=100000 reps=2000 best_ms=39
e_uniq dotf n=100000 reps=2000 best_ms=79
e_uniq doti n=100000 reps=2000 best_ms=80
e_uniq axpyf n=100000 reps=2000 best_ms=218
e_uniq axpyi n=100000 reps=2000 best_ms=253
e_uniq mapf n=100000 reps=2000 best_ms=283
e_uniq sq n=100000 reps=2000 best_ms=71
### e_noalias: noalias
  f.sum-f64: packed=0 scalar=9
  f.sum-i64: packed=0 scalar=0
  f.dot-f64: packed=0 scalar=18
  f.dot-i64: packed=0 scalar=0
  f.axpy-f64: packed=0 scalar=2
  f.axpy-i64: packed=0 scalar=0
  f.map-into: packed=0 scalar=0
  f.map-sq: packed=0 scalar=1
e_noalias sumf n=100000 reps=2000 best_ms=79
e_noalias sumi n=100000 reps=2000 best_ms=39
e_noalias dotf n=100000 reps=2000 best_ms=77
e_noalias doti n=100000 reps=2000 best_ms=79
e_noalias axpyf n=100000 reps=2000 best_ms=236
e_noalias axpyi n=100000 reps=2000 best_ms=267
e_noalias mapf n=100000 reps=2000 best_ms=315
e_noalias sq n=100000 reps=2000 best_ms=96
### e_rc_uniq: rc uniq
  f.sum-f64: packed=0 scalar=9
  f.sum-i64: packed=0 scalar=0
  f.dot-f64: packed=0 scalar=18
  f.dot-i64: packed=0 scalar=0
  f.axpy-f64: packed=0 scalar=2
  f.axpy-i64: packed=0 scalar=0
  f.map-into: packed=0 scalar=0
  f.map-sq: packed=0 scalar=1
e_rc_uniq sumf n=100000 reps=2000 best_ms=81
e_rc_uniq sumi n=100000 reps=2000 best_ms=41
e_rc_uniq dotf n=100000 reps=2000 best_ms=78
e_rc_uniq doti n=100000 reps=2000 best_ms=78
e_rc_uniq axpyf n=100000 reps=2000 best_ms=89
e_rc_uniq axpyi n=100000 reps=2000 best_ms=102
e_rc_uniq mapf n=100000 reps=2000 best_ms=243
e_rc_uniq sq n=100000 reps=2000 best_ms=77
### e_bounds_rc_uniq: bounds rc uniq
  f.sum-f64: packed=0 scalar=9
  f.sum-i64: packed=0 scalar=0
  f.dot-f64: packed=0 scalar=18
  f.dot-i64: packed=0 scalar=0
  f.axpy-f64: packed=0 scalar=2
  f.axpy-i64: packed=0 scalar=0
  f.map-into: packed=0 scalar=0
  f.map-sq: packed=0 scalar=1
e_bounds_rc_uniq sumf n=100000 reps=2000 best_ms=88
e_bounds_rc_uniq sumi n=100000 reps=2000 best_ms=46
e_bounds_rc_uniq dotf n=100000 reps=2000 best_ms=92
e_bounds_rc_uniq doti n=100000 reps=2000 best_ms=69
e_bounds_rc_uniq axpyf n=100000 reps=2000 best_ms=87
e_bounds_rc_uniq axpyi n=100000 reps=2000 best_ms=91
e_bounds_rc_uniq mapf n=100000 reps=2000 best_ms=244
e_bounds_rc_uniq sq n=100000 reps=2000 best_ms=54
### e_bounds_rc_uniq_noalias: bounds rc uniq noalias
  f.sum-f64: packed=0 scalar=9
  f.sum-i64: packed=0 scalar=0
  f.dot-f64: packed=0 scalar=18
  f.dot-i64: packed=0 scalar=0
  f.axpy-f64: packed=10 scalar=2
  f.axpy-i64: packed=0 scalar=0
  f.map-into: packed=0 scalar=0
  f.map-sq: packed=5 scalar=1
Vectorized f.axpy-f64 | vectorized loop (vectorization width: 4, interleaved count: 4)
Vectorized f.map-sq | vectorized loop (vectorization width: 4, interleaved count: 4)
e_bounds_rc_uniq_noalias sumf n=100000 reps=2000 best_ms=78
e_bounds_rc_uniq_noalias sumi n=100000 reps=2000 best_ms=39
e_bounds_rc_uniq_noalias dotf n=100000 reps=2000 best_ms=78
e_bounds_rc_uniq_noalias doti n=100000 reps=2000 best_ms=72
e_bounds_rc_uniq_noalias axpyf n=100000 reps=2000 best_ms=32
e_bounds_rc_uniq_noalias axpyi n=100000 reps=2000 best_ms=64
e_bounds_rc_uniq_noalias mapf n=100000 reps=2000 best_ms=208
e_bounds_rc_uniq_noalias sq n=100000 reps=2000 best_ms=35
### e_all: ovf bounds rc uniq noalias reassoc
  f.sum-f64: packed=10 scalar=3
  f.sum-i64: packed=12 scalar=0
  f.dot-f64: packed=15 scalar=4
  f.dot-i64: packed=22 scalar=0
  f.axpy-f64: packed=10 scalar=2
  f.axpy-i64: packed=15 scalar=0
  f.map-into: packed=0 scalar=0
  f.map-sq: packed=5 scalar=1
Vectorized f.sum-f64 | vectorized loop (vectorization width: 4, interleaved count: 4)
Vectorized f.sum-i64 | vectorized loop (vectorization width: 4, interleaved count: 4)
Vectorized f.dot-f64 | vectorized loop (vectorization width: 4, interleaved count: 4)
Vectorized f.dot-i64 | vectorized loop (vectorization width: 4, interleaved count: 4)
Vectorized f.axpy-f64 | vectorized loop (vectorization width: 4, interleaved count: 4)
Vectorized f.axpy-i64 | vectorized loop (vectorization width: 4, interleaved count: 4)
Vectorized f.map-sq | vectorized loop (vectorization width: 4, interleaved count: 4)
e_all sumf n=100000 reps=2000 best_ms=14
e_all sumi n=100000 reps=2000 best_ms=14
e_all dotf n=100000 reps=2000 best_ms=30
e_all doti n=100000 reps=2000 best_ms=35
e_all axpyf n=100000 reps=2000 best_ms=31
e_all axpyi n=100000 reps=2000 best_ms=35
e_all mapf n=100000 reps=2000 best_ms=201
e_all sq n=100000 reps=2000 best_ms=32
### e_all_noreassoc: ovf bounds rc uniq noalias
  f.sum-f64: packed=0 scalar=9
  f.sum-i64: packed=12 scalar=0
  f.dot-f64: packed=0 scalar=18
  f.dot-i64: packed=22 scalar=0
  f.axpy-f64: packed=10 scalar=2
  f.axpy-i64: packed=15 scalar=0
  f.map-into: packed=0 scalar=0
  f.map-sq: packed=5 scalar=1
Vectorized f.sum-i64 | vectorized loop (vectorization width: 4, interleaved count: 4)
Vectorized f.dot-i64 | vectorized loop (vectorization width: 4, interleaved count: 4)
Vectorized f.axpy-f64 | vectorized loop (vectorization width: 4, interleaved count: 4)
Vectorized f.axpy-i64 | vectorized loop (vectorization width: 4, interleaved count: 4)
Vectorized f.map-sq | vectorized loop (vectorization width: 4, interleaved count: 4)
e_all_noreassoc sumf n=100000 reps=2000 best_ms=78
e_all_noreassoc sumi n=100000 reps=2000 best_ms=13
e_all_noreassoc dotf n=100000 reps=2000 best_ms=78
e_all_noreassoc doti n=100000 reps=2000 best_ms=34
e_all_noreassoc axpyf n=100000 reps=2000 best_ms=33
e_all_noreassoc axpyi n=100000 reps=2000 best_ms=34
e_all_noreassoc mapf n=100000 reps=2000 best_ms=235
e_all_noreassoc sq n=100000 reps=2000 best_ms=28
### l_no_bounds: rc uniq noalias
  f.axpy-f64: packed=0 scalar=2
  f.map-sq: packed=0 scalar=1
l_no_bounds axpyf n=100000 reps=2000 best_ms=85
l_no_bounds axpyi n=100000 reps=2000 best_ms=90
l_no_bounds sq n=100000 reps=2000 best_ms=60
### l_no_rc: bounds uniq noalias
  f.axpy-f64: packed=0 scalar=2
  f.map-sq: packed=5 scalar=1
Vectorized f.map-sq | vectorized loop (vectorization width: 4, interleaved count: 4)
l_no_rc axpyf n=100000 reps=2000 best_ms=180
l_no_rc axpyi n=100000 reps=2000 best_ms=183
l_no_rc sq n=100000 reps=2000 best_ms=29
### l_no_uniq: bounds rc noalias
  f.axpy-f64: packed=0 scalar=2
  f.map-sq: packed=0 scalar=1
l_no_uniq axpyf n=100000 reps=2000 best_ms=98
l_no_uniq axpyi n=100000 reps=2000 best_ms=105
l_no_uniq sq n=100000 reps=2000 best_ms=71
### l_no_noalias: bounds rc uniq
  f.axpy-f64: packed=0 scalar=2
  f.map-sq: packed=0 scalar=1
l_no_noalias axpyf n=100000 reps=2000 best_ms=79
l_no_noalias axpyi n=100000 reps=2000 best_ms=83
l_no_noalias sq n=100000 reps=2000 best_ms=62
### l_uniq_noalias: uniq noalias
  f.axpy-f64: packed=0 scalar=2
  f.map-sq: packed=0 scalar=1
l_uniq_noalias axpyf n=100000 reps=2000 best_ms=200
l_uniq_noalias axpyi n=100000 reps=2000 best_ms=217
l_uniq_noalias sq n=100000 reps=2000 best_ms=49
### l_rc_bounds_noalias: rc bounds noalias
  f.axpy-f64: packed=0 scalar=2
  f.map-sq: packed=0 scalar=1
l_rc_bounds_noalias axpyf n=100000 reps=2000 best_ms=100
l_rc_bounds_noalias axpyi n=100000 reps=2000 best_ms=104
l_rc_bounds_noalias sq n=100000 reps=2000 best_ms=70
### t_tbaa: tbaa
  f.axpy-f64: packed=0 scalar=2
  f.map-sq: packed=0 scalar=1
t_tbaa axpyf n=100000 reps=2000 best_ms=268
t_tbaa axpyi n=100000 reps=2000 best_ms=282
t_tbaa sq n=100000 reps=2000 best_ms=112
### t_tbaa_uniq: tbaa uniq
  f.axpy-f64: packed=0 scalar=2
  f.map-sq: packed=4 scalar=1
Vectorized f.map-sq | vectorized loop (vectorization width: 4, interleaved count: 4)
t_tbaa_uniq axpyf n=100000 reps=2000 best_ms=219
t_tbaa_uniq axpyi n=100000 reps=2000 best_ms=238
t_tbaa_uniq sq n=100000 reps=2000 best_ms=32
### t_tbaa_bounds_uniq: tbaa bounds uniq
  f.axpy-f64: packed=0 scalar=2
  f.map-sq: packed=5 scalar=9
Vectorized f.map-sq | vectorized loop (vectorization width: 4, interleaved count: 4)
t_tbaa_bounds_uniq axpyf n=100000 reps=2000 best_ms=197
t_tbaa_bounds_uniq axpyi n=100000 reps=2000 best_ms=194
t_tbaa_bounds_uniq sq n=100000 reps=2000 best_ms=35
### t_tbaa_rc_uniq: tbaa rc uniq
  f.axpy-f64: packed=8 scalar=2
  f.map-sq: packed=4 scalar=1
Vectorized f.axpy-f64 | vectorized loop (vectorization width: 4, interleaved count: 4)
Vectorized f.map-sq | vectorized loop (vectorization width: 4, interleaved count: 4)
t_tbaa_rc_uniq axpyf n=100000 reps=2000 best_ms=30
t_tbaa_rc_uniq axpyi n=100000 reps=2000 best_ms=79
t_tbaa_rc_uniq sq n=100000 reps=2000 best_ms=31
### t_tbaa_bounds_rc_uniq: tbaa bounds rc uniq
  f.axpy-f64: packed=10 scalar=18
  f.map-sq: packed=5 scalar=9
Vectorized f.axpy-f64 | vectorized loop (vectorization width: 4, interleaved count: 4)
Vectorized f.map-sq | vectorized loop (vectorization width: 4, interleaved count: 4)
t_tbaa_bounds_rc_uniq axpyf n=100000 reps=2000 best_ms=31
t_tbaa_bounds_rc_uniq axpyi n=100000 reps=2000 best_ms=63
t_tbaa_bounds_rc_uniq sq n=100000 reps=2000 best_ms=35
### t_tbaa_bounds_rc: tbaa bounds rc
  f.axpy-f64: packed=0 scalar=2
  f.map-sq: packed=0 scalar=1
t_tbaa_bounds_rc axpyf n=100000 reps=2000 best_ms=109
t_tbaa_bounds_rc axpyi n=100000 reps=2000 best_ms=108
t_tbaa_bounds_rc sq n=100000 reps=2000 best_ms=81
### u_uflag: uflag
  f.axpy-f64: packed=0 scalar=2
  f.map-sq: packed=0 scalar=2
u_uflag axpyf n=100000 reps=2000 best_ms=273
u_uflag axpyi n=100000 reps=2000 best_ms=284
u_uflag sq n=100000 reps=2000 best_ms=107
### u_uflag_tbaa: uflag tbaa
  f.axpy-f64: packed=0 scalar=2
  f.map-sq: packed=0 scalar=2
u_uflag_tbaa axpyf n=100000 reps=2000 best_ms=249
u_uflag_tbaa axpyi n=100000 reps=2000 best_ms=257
u_uflag_tbaa sq n=100000 reps=2000 best_ms=89
### u_uflag_tbaa_rc: uflag tbaa rc
  f.axpy-f64: packed=8 scalar=4
  f.map-sq: packed=0 scalar=2
Vectorized f.axpy-f64 | vectorized loop (vectorization width: 4, interleaved count: 4)
u_uflag_tbaa_rc axpyf n=100000 reps=2000 best_ms=32
u_uflag_tbaa_rc axpyi n=100000 reps=2000 best_ms=120
u_uflag_tbaa_rc sq n=100000 reps=2000 best_ms=88
### i_base (functions inlined as the compiler leaves them): 
Vectorized f.fib.prelude.write-str | vectorized loop (vectorization width: 32, interleaved count: 4)
i_base mapf n=100000 reps=2000 best_ms=315
i_base sq n=100000 reps=2000 best_ms=107
### i_all_nonoalias (functions inlined as the compiler leaves them): ovf bounds rc uniq reassoc tbaa
i_all_nonoalias mapf n=100000 reps=2000 best_ms=258
i_all_nonoalias sq n=100000 reps=2000 best_ms=31
### i_uflag_tbaa_rc (functions inlined as the compiler leaves them): uflag tbaa rc
Vectorized f.fib.prelude.write-str | vectorized loop (vectorization width: 32, interleaved count: 4)
i_uflag_tbaa_rc mapf n=100000 reps=2000 best_ms=258
i_uflag_tbaa_rc sq n=100000 reps=2000 best_ms=32
### cpu_x86-64 (CPU=x86-64 PASSES=O2): ovf bounds rc uniq noalias reassoc
  f.sum-f64: packed=3 scalar=2
  f.sum-i64: packed=4 scalar=0
  f.dot-f64: packed=5 scalar=2
  f.dot-i64: packed=8 scalar=0
  f.axpy-f64: packed=4 scalar=2
  f.axpy-i64: packed=6 scalar=0
  f.map-sq: packed=2 scalar=1
Vectorized f.sum-f64 | vectorized loop (vectorization width: 2, interleaved count: 2)
Vectorized f.sum-i64 | vectorized loop (vectorization width: 2, interleaved count: 2)
Vectorized f.dot-f64 | vectorized loop (vectorization width: 2, interleaved count: 2)
Vectorized f.dot-i64 | vectorized loop (vectorization width: 2, interleaved count: 2)
Vectorized f.axpy-f64 | vectorized loop (vectorization width: 2, interleaved count: 2)
Vectorized f.axpy-i64 | vectorized loop (vectorization width: 2, interleaved count: 2)
Vectorized f.map-sq | vectorized loop (vectorization width: 2, interleaved count: 2)
cpu_x86-64 sumf n=100000 reps=2000 best_ms=22
cpu_x86-64 sumi n=100000 reps=2000 best_ms=21
cpu_x86-64 dotf n=100000 reps=2000 best_ms=40
cpu_x86-64 doti n=100000 reps=2000 best_ms=67
cpu_x86-64 axpyf n=100000 reps=2000 best_ms=40
cpu_x86-64 axpyi n=100000 reps=2000 best_ms=42
cpu_x86-64 sq n=100000 reps=2000 best_ms=38
### cpu_x86-64-v2 (CPU=x86-64-v2 PASSES=O2): ovf bounds rc uniq noalias reassoc
  f.sum-f64: packed=3 scalar=2
  f.sum-i64: packed=4 scalar=0
  f.dot-f64: packed=5 scalar=2
  f.dot-i64: packed=8 scalar=0
  f.axpy-f64: packed=4 scalar=2
  f.axpy-i64: packed=6 scalar=0
  f.map-sq: packed=2 scalar=1
Vectorized f.sum-f64 | vectorized loop (vectorization width: 2, interleaved count: 2)
Vectorized f.sum-i64 | vectorized loop (vectorization width: 2, interleaved count: 2)
Vectorized f.dot-f64 | vectorized loop (vectorization width: 2, interleaved count: 2)
Vectorized f.dot-i64 | vectorized loop (vectorization width: 2, interleaved count: 2)
Vectorized f.axpy-f64 | vectorized loop (vectorization width: 2, interleaved count: 2)
Vectorized f.axpy-i64 | vectorized loop (vectorization width: 2, interleaved count: 2)
Vectorized f.map-sq | vectorized loop (vectorization width: 2, interleaved count: 2)
cpu_x86-64-v2 sumf n=100000 reps=2000 best_ms=25
cpu_x86-64-v2 sumi n=100000 reps=2000 best_ms=21
cpu_x86-64-v2 dotf n=100000 reps=2000 best_ms=42
cpu_x86-64-v2 doti n=100000 reps=2000 best_ms=71
cpu_x86-64-v2 axpyf n=100000 reps=2000 best_ms=43
cpu_x86-64-v2 axpyi n=100000 reps=2000 best_ms=41
cpu_x86-64-v2 sq n=100000 reps=2000 best_ms=33
### cpu_x86-64-v3 (CPU=x86-64-v3 PASSES=O2): ovf bounds rc uniq noalias reassoc
  f.sum-f64: packed=10 scalar=3
  f.sum-i64: packed=12 scalar=0
  f.dot-f64: packed=15 scalar=4
  f.dot-i64: packed=22 scalar=0
  f.axpy-f64: packed=10 scalar=2
  f.axpy-i64: packed=15 scalar=0
  f.map-sq: packed=5 scalar=1
Vectorized f.sum-f64 | vectorized loop (vectorization width: 4, interleaved count: 4)
Vectorized f.sum-i64 | vectorized loop (vectorization width: 4, interleaved count: 4)
Vectorized f.dot-f64 | vectorized loop (vectorization width: 4, interleaved count: 4)
Vectorized f.dot-i64 | vectorized loop (vectorization width: 4, interleaved count: 4)
Vectorized f.axpy-f64 | vectorized loop (vectorization width: 4, interleaved count: 4)
Vectorized f.axpy-i64 | vectorized loop (vectorization width: 4, interleaved count: 4)
Vectorized f.map-sq | vectorized loop (vectorization width: 4, interleaved count: 4)
cpu_x86-64-v3 sumf n=100000 reps=2000 best_ms=13
cpu_x86-64-v3 sumi n=100000 reps=2000 best_ms=13
cpu_x86-64-v3 dotf n=100000 reps=2000 best_ms=29
cpu_x86-64-v3 doti n=100000 reps=2000 best_ms=34
cpu_x86-64-v3 axpyf n=100000 reps=2000 best_ms=30
cpu_x86-64-v3 axpyi n=100000 reps=2000 best_ms=37
cpu_x86-64-v3 sq n=100000 reps=2000 best_ms=30
### cpu_raptorlake (CPU=raptorlake PASSES=O2): ovf bounds rc uniq noalias reassoc
  f.sum-f64: packed=10 scalar=3
  f.sum-i64: packed=12 scalar=0
  f.dot-f64: packed=15 scalar=4
  f.dot-i64: packed=22 scalar=0
  f.axpy-f64: packed=10 scalar=2
  f.axpy-i64: packed=15 scalar=0
  f.map-sq: packed=5 scalar=1
Vectorized f.sum-f64 | vectorized loop (vectorization width: 4, interleaved count: 4)
Vectorized f.sum-i64 | vectorized loop (vectorization width: 4, interleaved count: 4)
Vectorized f.dot-f64 | vectorized loop (vectorization width: 4, interleaved count: 4)
Vectorized f.dot-i64 | vectorized loop (vectorization width: 4, interleaved count: 4)
Vectorized f.axpy-f64 | vectorized loop (vectorization width: 4, interleaved count: 4)
Vectorized f.axpy-i64 | vectorized loop (vectorization width: 4, interleaved count: 4)
Vectorized f.map-sq | vectorized loop (vectorization width: 4, interleaved count: 4)
cpu_raptorlake sumf n=100000 reps=2000 best_ms=13
cpu_raptorlake sumi n=100000 reps=2000 best_ms=13
cpu_raptorlake dotf n=100000 reps=2000 best_ms=28
cpu_raptorlake doti n=100000 reps=2000 best_ms=35
cpu_raptorlake axpyf n=100000 reps=2000 best_ms=31
cpu_raptorlake axpyi n=100000 reps=2000 best_ms=34
cpu_raptorlake sq n=100000 reps=2000 best_ms=26
### o3_all (CPU=raptorlake PASSES=default<O3>): ovf bounds rc uniq noalias reassoc
  f.sum-f64: packed=10 scalar=3
  f.sum-i64: packed=12 scalar=0
  f.dot-f64: packed=15 scalar=4
  f.dot-i64: packed=22 scalar=0
  f.axpy-f64: packed=10 scalar=2
  f.axpy-i64: packed=15 scalar=0
  f.map-sq: packed=5 scalar=1
Vectorized f.sum-f64 | vectorized loop (vectorization width: 4, interleaved count: 4)
Vectorized f.sum-i64 | vectorized loop (vectorization width: 4, interleaved count: 4)
Vectorized f.dot-f64 | vectorized loop (vectorization width: 4, interleaved count: 4)
Vectorized f.dot-i64 | vectorized loop (vectorization width: 4, interleaved count: 4)
Vectorized f.axpy-f64 | vectorized loop (vectorization width: 4, interleaved count: 4)
Vectorized f.axpy-i64 | vectorized loop (vectorization width: 4, interleaved count: 4)
Vectorized f.map-sq | vectorized loop (vectorization width: 4, interleaved count: 4)
o3_all sumf n=100000 reps=2000 best_ms=14
o3_all sumi n=100000 reps=2000 best_ms=14
o3_all dotf n=100000 reps=2000 best_ms=32
o3_all doti n=100000 reps=2000 best_ms=35
o3_all axpyf n=100000 reps=2000 best_ms=31
o3_all axpyi n=100000 reps=2000 best_ms=40
o3_all sq n=100000 reps=2000 best_ms=28
### o3_base (CPU=raptorlake PASSES=default<O3>): 
  f.sum-f64: packed=0 scalar=9
  f.dot-f64: packed=0 scalar=18
  f.axpy-f64: packed=0 scalar=2
  f.map-sq: packed=0 scalar=1
o3_base sumf n=100000 reps=2000 best_ms=76
o3_base sumi n=100000 reps=2000 best_ms=39
o3_base dotf n=100000 reps=2000 best_ms=77
o3_base doti n=100000 reps=2000 best_ms=80
o3_base axpyf n=100000 reps=2000 best_ms=275
o3_base axpyi n=100000 reps=2000 best_ms=283
o3_base sq n=100000 reps=2000 best_ms=107
spectral-norm base n=1000 md5=99739108998c25951ff4210f6ce8c6c6 best_ms=40  (vectorized loops: 1)
spectral-norm ovf n=1000 md5=99739108998c25951ff4210f6ce8c6c6 best_ms=30  (vectorized loops: 1)
spectral-norm ovf_bounds n=1000 md5=99739108998c25951ff4210f6ce8c6c6 best_ms=40  (vectorized loops: 0)
spectral-norm reassoc n=1000 md5=99739108998c25951ff4210f6ce8c6c6 best_ms=40  (vectorized loops: 1)
spectral-norm all n=1000 md5=99739108998c25951ff4210f6ce8c6c6 best_ms=40  (vectorized loops: 2)
spectral-norm all_nr n=1000 md5=99739108998c25951ff4210f6ce8c6c6 best_ms=30  (vectorized loops: 0)
spectral-norm O3 n=1000 md5=99739108998c25951ff4210f6ce8c6c6 best_ms=40  (vectorized loops: 1)
-- spectral-norm packed/scalar fp in the binary: base 0/65  all 58/63
n-body base n=500000 md5=50753caa4c98cedbf7fcf1a331c89128 best_ms=120  (vectorized loops: 2)
n-body ovf n=500000 md5=50753caa4c98cedbf7fcf1a331c89128 best_ms=110  (vectorized loops: 2)
n-body ovf_bounds n=500000 md5=50753caa4c98cedbf7fcf1a331c89128 best_ms=120  (vectorized loops: 0)
n-body reassoc n=500000 md5=50753caa4c98cedbf7fcf1a331c89128 best_ms=120  (vectorized loops: 2)
n-body all n=500000 md5=50753caa4c98cedbf7fcf1a331c89128 best_ms=240  (vectorized loops: 1)
n-body all_nr n=500000 md5=50753caa4c98cedbf7fcf1a331c89128 best_ms=240  (vectorized loops: 1)
n-body O3 n=500000 md5=50753caa4c98cedbf7fcf1a331c89128 best_ms=110  (vectorized loops: 2)
-- n-body packed/scalar fp in the binary: base 10/64  all 24/57
mandelbrot base n=2000 md5=4dd63d94b4042c68dd16f71a95b1d17e best_ms=160  (vectorized loops: 0)
mandelbrot ovf n=2000 md5=4dd63d94b4042c68dd16f71a95b1d17e best_ms=180  (vectorized loops: 0)
mandelbrot ovf_bounds n=2000 md5=4dd63d94b4042c68dd16f71a95b1d17e best_ms=160  (vectorized loops: 0)
mandelbrot reassoc n=2000 md5=4dd63d94b4042c68dd16f71a95b1d17e best_ms=160  (vectorized loops: 0)
mandelbrot all n=2000 md5=4dd63d94b4042c68dd16f71a95b1d17e best_ms=160  (vectorized loops: 0)
mandelbrot all_nr n=2000 md5=4dd63d94b4042c68dd16f71a95b1d17e best_ms=180  (vectorized loops: 0)
mandelbrot O3 n=2000 md5=4dd63d94b4042c68dd16f71a95b1d17e best_ms=160  (vectorized loops: 0)
-- mandelbrot packed/scalar fp in the binary: base 0/25  all 0/25
fannkuch-redux base n=10 md5=3bea7461488989df9025a26dcd0f9310 best_ms=370  (vectorized loops: 1)
fannkuch-redux ovf n=10 md5=3bea7461488989df9025a26dcd0f9310 best_ms=350  (vectorized loops: 1)
fannkuch-redux ovf_bounds n=10 md5=3bea7461488989df9025a26dcd0f9310 best_ms=330  (vectorized loops: 0)
fannkuch-redux reassoc n=10 md5=3bea7461488989df9025a26dcd0f9310 best_ms=370  (vectorized loops: 1)
fannkuch-redux all n=10 md5=3bea7461488989df9025a26dcd0f9310 best_ms=140  (vectorized loops: 1)
fannkuch-redux all_nr n=10 md5=3bea7461488989df9025a26dcd0f9310 best_ms=130  (vectorized loops: 1)
fannkuch-redux O3 n=10 md5=3bea7461488989df9025a26dcd0f9310 best_ms=350  (vectorized loops: 1)
-- fannkuch-redux packed/scalar fp in the binary: base 0/0  all 0/0
spectral-norm S_base n=4000 md5=19a5b061b1391c0eff341621368d2e30 best_ms=720  (vectorized loops: 1)
spectral-norm S_ovf n=4000 md5=19a5b061b1391c0eff341621368d2e30 best_ms=510  (vectorized loops: 1)
spectral-norm S_ovf_reassoc n=4000 md5=19a5b061b1391c0eff341621368d2e30 best_ms=470  (vectorized loops: 3)
spectral-norm S_ovf_bounds_reassoc n=4000 md5=19a5b061b1391c0eff341621368d2e30 best_ms=480  (vectorized loops: 2)
spectral-norm S_uflag_tbaa_rc n=4000 md5=19a5b061b1391c0eff341621368d2e30 best_ms=670  (vectorized loops: 1)
spectral-norm S_all_sound n=4000 md5=19a5b061b1391c0eff341621368d2e30 best_ms=470  (vectorized loops: 3)
n-body N_base n=2000000 md5=2b3c529d992b1ffeee1b1006a2ffbf46 best_ms=470  (vectorized loops: 2)
n-body N_rc n=2000000 md5=2b3c529d992b1ffeee1b1006a2ffbf46 best_ms=980  (vectorized loops: 2)
n-body N_uniq n=2000000 md5=2b3c529d992b1ffeee1b1006a2ffbf46 best_ms=230  (vectorized loops: 3)
n-body N_noalias n=2000000 md5=2b3c529d992b1ffeee1b1006a2ffbf46 best_ms=450  (vectorized loops: 2)
n-body N_tbaa n=2000000 md5=2b3c529d992b1ffeee1b1006a2ffbf46 best_ms=480  (vectorized loops: 2)
n-body N_reassoc n=2000000 md5=2b3c529d992b1ffeee1b1006a2ffbf46 best_ms=500  (vectorized loops: 2)
n-body N_uflag_tbaa_rc n=2000000 md5=2b3c529d992b1ffeee1b1006a2ffbf46 best_ms=1030  (vectorized loops: 3)
n-body N_ovf_bounds_reassoc n=2000000 md5=2b3c529d992b1ffeee1b1006a2ffbf46 best_ms=490  (vectorized loops: 0)
n-body N_all n=2000000 md5=2b3c529d992b1ffeee1b1006a2ffbf46 best_ms=1000  (vectorized loops: 1)
fannkuch-redux F_uniq n=10 md5=3bea7461488989df9025a26dcd0f9310 best_ms=300  (vectorized loops: 1)
fannkuch-redux F_rc n=10 md5=3bea7461488989df9025a26dcd0f9310 best_ms=190  (vectorized loops: 2)
fannkuch-redux F_bounds n=10 md5=3bea7461488989df9025a26dcd0f9310 best_ms=350  (vectorized loops: 0)
fannkuch-redux F_uniq_bounds n=10 md5=3bea7461488989df9025a26dcd0f9310 best_ms=300  (vectorized loops: 0)
fannkuch-redux F_tbaa n=10 md5=3bea7461488989df9025a26dcd0f9310 best_ms=400  (vectorized loops: 1)
fannkuch-redux F_uflag_tbaa n=10 md5=3bea7461488989df9025a26dcd0f9310 best_ms=340  (vectorized loops: 1)
n-body N_uflag n=2000000 md5=2b3c529d992b1ffeee1b1006a2ffbf46 best_ms=450  (vectorized loops: 3)
n-body N_uflag_tbaa n=2000000 md5=2b3c529d992b1ffeee1b1006a2ffbf46 best_ms=470  (vectorized loops: 3)
n-body N_uniq_tbaa n=2000000 md5=2b3c529d992b1ffeee1b1006a2ffbf46 best_ms=230  (vectorized loops: 3)
n-body N_uniq_ovf_bounds_reassoc n=2000000 md5=2b3c529d992b1ffeee1b1006a2ffbf46 best_ms=210  (vectorized loops: 1)
