[19:27:32] facts done
[19:27:52] cases: 68 of 68 print 0
[19:27:52] checksums done
[19:28:24] tensor 256 done
[19:28:56] tensor 512 done
[19:28:58] dot-mem simd-256 ok 0.33
[19:28:59] dot-cache simd-256 ok 0.28
[19:29:01] saxpy-mem simd-256 ok 0.34
[19:29:02] saxpy-cache simd-256 ok 0.32
[19:29:24] matmul simd-256 ok 4.23
[19:29:26] spectral-norm simd-256 ok 0.40
[19:29:27] dot-mem simd-512 ok 0.32
[19:29:29] dot-cache simd-512 ok 0.28
[19:29:31] saxpy-mem simd-512 ok 0.36
[19:29:32] saxpy-cache simd-512 ok 0.32
[19:29:47] matmul simd-512 ok 2.83
[19:29:49] spectral-norm simd-512 ok 0.38
[19:30:03] n-body simd ok 2.81
[19:30:15] mandelbrot simd ok 2.33
[19:30:16] dot-mem scalar ok 0.35
[19:30:25] dot-cache scalar ok 1.64
[19:30:27] saxpy-mem scalar ok 0.39
[19:30:28] saxpy-cache scalar ok 0.33
[19:30:58] matmul scalar ok 6.01
[19:31:06] spectral-norm scalar ok 1.51
[19:31:08] dot-mem scalar-p512 ok 0.35
[19:31:16] dot-cache scalar-p512 ok 1.64
[19:31:18] saxpy-mem scalar-p512 ok 0.39
[19:31:20] saxpy-cache scalar-p512 ok 0.32
[19:31:50] matmul scalar-p512 ok 6.01
[19:31:58] spectral-norm scalar-p512 ok 1.51
[19:31:58] shootout done
[19:32:02] poly done
[19:32:13] autodiff done
