# The fewest cases each directory may run in a full gate: scripts/gate.sh fails below it. A merge that silently drops cases (it happened:
# a commit deleted 14 cases and a library while every remaining check stayed green) shows up here at once. Raise a line when cases are
# added (the gate prints the current count); lower one only on purpose, in a commit that says why.
ownership 372
modules 32
stdlib 1454
