# The cases that stage 2 (`F cases`) does not pass, one `DIR/CASE STATUS` per line; see compiler/mirror-pending/H1-gaps.md.
# scripts/ci-stage2.sh fails on a case that is not here and does not pass, and on a case that is here and passes (remove its line).
cases/stdlib/1707-a-def-atom-holds-what-the-program-puts-in-it.fib FAIL
