# fib.json.schema against the JSON-Schema-Test-Suite (draft 7): the tests known not to pass, each with its reason (scripts/json-schema-suite.sh).
# FILE<TAB>GROUP<TAB>TEST<TAB>DESCRIPTION<TAB>REASON. Every required test (tests/draft7/*.json) passes; all of these are optional.
optional/content.json	0	1	validation of string-encoded content based on media type / an invalid JSON document	contentMediaType and contentEncoding are annotations in draft 7, not asserted
optional/content.json	1	1	validation of binary string-encoding / an invalid base64 string (% is not a valid character)	contentMediaType and contentEncoding are annotations in draft 7, not asserted
optional/content.json	2	1	validation of binary-encoded media type documents / a validly-encoded invalid JSON document	contentMediaType and contentEncoding are annotations in draft 7, not asserted
optional/content.json	2	2	validation of binary-encoded media type documents / an invalid base64 string that is valid JSON	contentMediaType and contentEncoding are annotations in draft 7, not asserted
optional/cross-draft.json	0	0	refs to future drafts are processed as future drafts / missing bar is invalid	a $ref to a later draft is read as draft 7
optional/ecmascript-regex.json	10	0	patterns always use unicode semantics with pattern / ascii character in json string	patterns are fib.regex, not ECMA 262 (\d, \w, \s and classes differ on non-ASCII; ECMA-only syntax)
optional/ecmascript-regex.json	10	1	patterns always use unicode semantics with pattern / literal unicode character in json string	patterns are fib.regex, not ECMA 262 (\d, \w, \s and classes differ on non-ASCII; ECMA-only syntax)
optional/ecmascript-regex.json	10	2	patterns always use unicode semantics with pattern / unicode character in hex format in string	patterns are fib.regex, not ECMA 262 (\d, \w, \s and classes differ on non-ASCII; ECMA-only syntax)
optional/ecmascript-regex.json	10	3	patterns always use unicode semantics with pattern / unicode matching is case-sensitive	patterns are fib.regex, not ECMA 262 (\d, \w, \s and classes differ on non-ASCII; ECMA-only syntax)
optional/ecmascript-regex.json	14	0	pattern with non-ASCII digits / ascii digits	patterns are fib.regex, not ECMA 262 (\d, \w, \s and classes differ on non-ASCII; ECMA-only syntax)
optional/ecmascript-regex.json	14	1	pattern with non-ASCII digits / ascii non-digits	patterns are fib.regex, not ECMA 262 (\d, \w, \s and classes differ on non-ASCII; ECMA-only syntax)
optional/ecmascript-regex.json	14	2	pattern with non-ASCII digits / non-ascii digits (BENGALI DIGIT FOUR, BENGALI DIGIT TWO)	patterns are fib.regex, not ECMA 262 (\d, \w, \s and classes differ on non-ASCII; ECMA-only syntax)
optional/ecmascript-regex.json	15	0	patterns always use unicode semantics with patternProperties / ascii character in json string	patterns are fib.regex, not ECMA 262 (\d, \w, \s and classes differ on non-ASCII; ECMA-only syntax)
optional/ecmascript-regex.json	15	1	patterns always use unicode semantics with patternProperties / literal unicode character in json string	patterns are fib.regex, not ECMA 262 (\d, \w, \s and classes differ on non-ASCII; ECMA-only syntax)
optional/ecmascript-regex.json	15	2	patterns always use unicode semantics with patternProperties / unicode character in hex format in string	patterns are fib.regex, not ECMA 262 (\d, \w, \s and classes differ on non-ASCII; ECMA-only syntax)
optional/ecmascript-regex.json	15	3	patterns always use unicode semantics with patternProperties / unicode matching is case-sensitive	patterns are fib.regex, not ECMA 262 (\d, \w, \s and classes differ on non-ASCII; ECMA-only syntax)
optional/ecmascript-regex.json	19	0	patternProperties with non-ASCII digits / ascii digits	patterns are fib.regex, not ECMA 262 (\d, \w, \s and classes differ on non-ASCII; ECMA-only syntax)
optional/ecmascript-regex.json	19	1	patternProperties with non-ASCII digits / ascii non-digits	patterns are fib.regex, not ECMA 262 (\d, \w, \s and classes differ on non-ASCII; ECMA-only syntax)
optional/ecmascript-regex.json	19	2	patternProperties with non-ASCII digits / non-ascii digits (BENGALI DIGIT FOUR, BENGALI DIGIT TWO)	patterns are fib.regex, not ECMA 262 (\d, \w, \s and classes differ on non-ASCII; ECMA-only syntax)
optional/ecmascript-regex.json	2	0	ECMA 262 regex escapes control codes with \c and upper letter / does not match	patterns are fib.regex, not ECMA 262 (\d, \w, \s and classes differ on non-ASCII; ECMA-only syntax)
optional/ecmascript-regex.json	2	1	ECMA 262 regex escapes control codes with \c and upper letter / matches	patterns are fib.regex, not ECMA 262 (\d, \w, \s and classes differ on non-ASCII; ECMA-only syntax)
optional/ecmascript-regex.json	3	0	ECMA 262 regex escapes control codes with \c and lower letter / does not match	patterns are fib.regex, not ECMA 262 (\d, \w, \s and classes differ on non-ASCII; ECMA-only syntax)
optional/ecmascript-regex.json	3	1	ECMA 262 regex escapes control codes with \c and lower letter / matches	patterns are fib.regex, not ECMA 262 (\d, \w, \s and classes differ on non-ASCII; ECMA-only syntax)
optional/ecmascript-regex.json	8	4	ECMA 262 \s matches whitespace / latin-1 non-breaking-space matches	patterns are fib.regex, not ECMA 262 (\d, \w, \s and classes differ on non-ASCII; ECMA-only syntax)
optional/ecmascript-regex.json	8	5	ECMA 262 \s matches whitespace / zero-width whitespace matches	patterns are fib.regex, not ECMA 262 (\d, \w, \s and classes differ on non-ASCII; ECMA-only syntax)
optional/ecmascript-regex.json	8	7	ECMA 262 \s matches whitespace / paragraph separator matches (line terminator)	patterns are fib.regex, not ECMA 262 (\d, \w, \s and classes differ on non-ASCII; ECMA-only syntax)
optional/ecmascript-regex.json	8	8	ECMA 262 \s matches whitespace / EM SPACE matches (Space_Separator)	patterns are fib.regex, not ECMA 262 (\d, \w, \s and classes differ on non-ASCII; ECMA-only syntax)
optional/ecmascript-regex.json	9	4	ECMA 262 \S matches everything but whitespace / latin-1 non-breaking-space does not match	patterns are fib.regex, not ECMA 262 (\d, \w, \s and classes differ on non-ASCII; ECMA-only syntax)
optional/ecmascript-regex.json	9	5	ECMA 262 \S matches everything but whitespace / zero-width whitespace does not match	patterns are fib.regex, not ECMA 262 (\d, \w, \s and classes differ on non-ASCII; ECMA-only syntax)
optional/ecmascript-regex.json	9	7	ECMA 262 \S matches everything but whitespace / paragraph separator does not match (line terminator)	patterns are fib.regex, not ECMA 262 (\d, \w, \s and classes differ on non-ASCII; ECMA-only syntax)
optional/ecmascript-regex.json	9	8	ECMA 262 \S matches everything but whitespace / EM SPACE does not match (Space_Separator)	patterns are fib.regex, not ECMA 262 (\d, \w, \s and classes differ on non-ASCII; ECMA-only syntax)
optional/format/ecmascript-regex.json	0	0	\a is not an ECMA 262 control escape / when used as a pattern	format regex is what fib.regex compiles, not ECMA 262
optional/format/ecmascript-regex.json	3	0	ECMA 262 named groups and backreferences are valid / an ECMA 262 named group (?<name>...)	format regex is what fib.regex compiles, not ECMA 262
optional/format/ecmascript-regex.json	3	1	ECMA 262 named groups and backreferences are valid / an ECMA 262 named backreference \k<name>	format regex is what fib.regex compiles, not ECMA 262
optional/format/ecmascript-regex.json	4	0	ECMA 262 lookbehind is valid, including variable width / a variable-width lookbehind (ES2018)	format regex is what fib.regex compiles, not ECMA 262
optional/format/ecmascript-regex.json	5	0	ECMA 262 character classes and escapes / an empty character class is valid ECMA 262	format regex is what fib.regex compiles, not ECMA 262
optional/format/ecmascript-regex.json	5	1	ECMA 262 character classes and escapes / a negated empty character class is valid ECMA 262	format regex is what fib.regex compiles, not ECMA 262
optional/format/ecmascript-regex.json	5	2	ECMA 262 character classes and escapes / a control escape \cA is valid ECMA 262	format regex is what fib.regex compiles, not ECMA 262
optional/format/hostname.json	1	0	validation of A-label (punycode) host names / invalid Punycode	the IDNA rules of an xn-- label (RFC 5891, 5892) are not checked
optional/format/hostname.json	1	10	validation of A-label (punycode) host names / MIDDLE DOT with no preceding 'l'	the IDNA rules of an xn-- label (RFC 5891, 5892) are not checked
optional/format/hostname.json	1	11	validation of A-label (punycode) host names / MIDDLE DOT with nothing preceding	the IDNA rules of an xn-- label (RFC 5891, 5892) are not checked
optional/format/hostname.json	1	12	validation of A-label (punycode) host names / MIDDLE DOT with no following 'l'	the IDNA rules of an xn-- label (RFC 5891, 5892) are not checked
optional/format/hostname.json	1	13	validation of A-label (punycode) host names / MIDDLE DOT with nothing following	the IDNA rules of an xn-- label (RFC 5891, 5892) are not checked
optional/format/hostname.json	1	15	validation of A-label (punycode) host names / Greek KERAIA not followed by Greek	the IDNA rules of an xn-- label (RFC 5891, 5892) are not checked
optional/format/hostname.json	1	16	validation of A-label (punycode) host names / Greek KERAIA not followed by anything	the IDNA rules of an xn-- label (RFC 5891, 5892) are not checked
optional/format/hostname.json	1	18	validation of A-label (punycode) host names / Hebrew GERESH not preceded by Hebrew	the IDNA rules of an xn-- label (RFC 5891, 5892) are not checked
optional/format/hostname.json	1	19	validation of A-label (punycode) host names / Hebrew GERESH not preceded by anything	the IDNA rules of an xn-- label (RFC 5891, 5892) are not checked
optional/format/hostname.json	1	2	validation of A-label (punycode) host names / contains illegal char U+302E Hangul single dot tone mark	the IDNA rules of an xn-- label (RFC 5891, 5892) are not checked
optional/format/hostname.json	1	21	validation of A-label (punycode) host names / Hebrew GERSHAYIM not preceded by Hebrew	the IDNA rules of an xn-- label (RFC 5891, 5892) are not checked
optional/format/hostname.json	1	22	validation of A-label (punycode) host names / Hebrew GERSHAYIM not preceded by anything	the IDNA rules of an xn-- label (RFC 5891, 5892) are not checked
optional/format/hostname.json	1	24	validation of A-label (punycode) host names / KATAKANA MIDDLE DOT with no Hiragana, Katakana, or Han	the IDNA rules of an xn-- label (RFC 5891, 5892) are not checked
optional/format/hostname.json	1	25	validation of A-label (punycode) host names / KATAKANA MIDDLE DOT with no other characters	the IDNA rules of an xn-- label (RFC 5891, 5892) are not checked
optional/format/hostname.json	1	29	validation of A-label (punycode) host names / Arabic-Indic digits mixed with Extended Arabic-Indic digits	the IDNA rules of an xn-- label (RFC 5891, 5892) are not checked
optional/format/hostname.json	1	3	validation of A-label (punycode) host names / Begins with a Spacing Combining Mark	the IDNA rules of an xn-- label (RFC 5891, 5892) are not checked
optional/format/hostname.json	1	32	validation of A-label (punycode) host names / ZERO WIDTH JOINER not preceded by Virama	the IDNA rules of an xn-- label (RFC 5891, 5892) are not checked
optional/format/hostname.json	1	33	validation of A-label (punycode) host names / ZERO WIDTH JOINER not preceded by anything	the IDNA rules of an xn-- label (RFC 5891, 5892) are not checked
optional/format/hostname.json	1	4	validation of A-label (punycode) host names / Begins with a Nonspacing Mark	the IDNA rules of an xn-- label (RFC 5891, 5892) are not checked
optional/format/hostname.json	1	5	validation of A-label (punycode) host names / Begins with an Enclosing Mark	the IDNA rules of an xn-- label (RFC 5891, 5892) are not checked
optional/format/hostname.json	1	8	validation of A-label (punycode) host names / Exceptions that are DISALLOWED, right-to-left chars	the IDNA rules of an xn-- label (RFC 5891, 5892) are not checked
optional/format/hostname.json	1	9	validation of A-label (punycode) host names / Exceptions that are DISALLOWED, left-to-right chars	the IDNA rules of an xn-- label (RFC 5891, 5892) are not checked
optional/format/idn-email.json	0	16	validation of an internationalized e-mail addresses / a fullwidth commercial at is not a local-part separator	idn-email is not checked (internationalized addresses need Unicode tables)
optional/format/idn-email.json	0	18	validation of an internationalized e-mail addresses / a domain label starting with a hyphen is not valid	idn-email is not checked (internationalized addresses need Unicode tables)
optional/format/idn-email.json	0	19	validation of an internationalized e-mail addresses / a domain label ending with a hyphen is not valid	idn-email is not checked (internationalized addresses need Unicode tables)
optional/format/idn-email.json	0	20	validation of an internationalized e-mail addresses / a domain starting with a dot is not valid	idn-email is not checked (internationalized addresses need Unicode tables)
optional/format/idn-email.json	0	21	validation of an internationalized e-mail addresses / a domain ending with a dot is not valid	idn-email is not checked (internationalized addresses need Unicode tables)
optional/format/idn-email.json	0	22	validation of an internationalized e-mail addresses / two subsequent dots inside the domain are not valid	idn-email is not checked (internationalized addresses need Unicode tables)
optional/format/idn-email.json	0	23	validation of an internationalized e-mail addresses / domain is required	idn-email is not checked (internationalized addresses need Unicode tables)
optional/format/idn-email.json	0	7	validation of an internationalized e-mail addresses / an invalid e-mail/idn e-mail address	idn-email is not checked (internationalized addresses need Unicode tables)
optional/format/idn-hostname.json	0	10	validation of internationalized host names / a single label of 64 characters is too long	idn-hostname is not checked (IDNA needs Unicode tables): an unknown format passes
optional/format/idn-hostname.json	0	11	validation of internationalized host names / invalid label, correct Punycode	idn-hostname is not checked (IDNA needs Unicode tables): an unknown format passes
optional/format/idn-hostname.json	0	13	validation of internationalized host names / invalid Punycode	idn-hostname is not checked (IDNA needs Unicode tables): an unknown format passes
optional/format/idn-hostname.json	0	14	validation of internationalized host names / U-label contains "--" in the 3rd and 4th position	idn-hostname is not checked (IDNA needs Unicode tables): an unknown format passes
optional/format/idn-hostname.json	0	15	validation of internationalized host names / U-label starts with a dash	idn-hostname is not checked (IDNA needs Unicode tables): an unknown format passes
optional/format/idn-hostname.json	0	16	validation of internationalized host names / U-label ends with a dash	idn-hostname is not checked (IDNA needs Unicode tables): an unknown format passes
optional/format/idn-hostname.json	0	17	validation of internationalized host names / U-label starts and ends with a dash	idn-hostname is not checked (IDNA needs Unicode tables): an unknown format passes
optional/format/idn-hostname.json	0	18	validation of internationalized host names / Begins with a Spacing Combining Mark	idn-hostname is not checked (IDNA needs Unicode tables): an unknown format passes
optional/format/idn-hostname.json	0	19	validation of internationalized host names / Begins with a Nonspacing Mark	idn-hostname is not checked (IDNA needs Unicode tables): an unknown format passes
optional/format/idn-hostname.json	0	20	validation of internationalized host names / Begins with an Enclosing Mark	idn-hostname is not checked (IDNA needs Unicode tables): an unknown format passes
optional/format/idn-hostname.json	0	23	validation of internationalized host names / Exceptions that are DISALLOWED, right-to-left chars	idn-hostname is not checked (IDNA needs Unicode tables): an unknown format passes
optional/format/idn-hostname.json	0	24	validation of internationalized host names / Exceptions that are DISALLOWED, left-to-right chars	idn-hostname is not checked (IDNA needs Unicode tables): an unknown format passes
optional/format/idn-hostname.json	0	25	validation of internationalized host names / MIDDLE DOT with no preceding 'l'	idn-hostname is not checked (IDNA needs Unicode tables): an unknown format passes
optional/format/idn-hostname.json	0	26	validation of internationalized host names / MIDDLE DOT with nothing preceding	idn-hostname is not checked (IDNA needs Unicode tables): an unknown format passes
optional/format/idn-hostname.json	0	27	validation of internationalized host names / MIDDLE DOT with no following 'l'	idn-hostname is not checked (IDNA needs Unicode tables): an unknown format passes
optional/format/idn-hostname.json	0	28	validation of internationalized host names / MIDDLE DOT with nothing following	idn-hostname is not checked (IDNA needs Unicode tables): an unknown format passes
optional/format/idn-hostname.json	0	30	validation of internationalized host names / Greek KERAIA not followed by Greek	idn-hostname is not checked (IDNA needs Unicode tables): an unknown format passes
optional/format/idn-hostname.json	0	31	validation of internationalized host names / Greek KERAIA not followed by anything	idn-hostname is not checked (IDNA needs Unicode tables): an unknown format passes
optional/format/idn-hostname.json	0	33	validation of internationalized host names / Hebrew GERESH not preceded by Hebrew	idn-hostname is not checked (IDNA needs Unicode tables): an unknown format passes
optional/format/idn-hostname.json	0	34	validation of internationalized host names / Hebrew GERESH not preceded by anything	idn-hostname is not checked (IDNA needs Unicode tables): an unknown format passes
optional/format/idn-hostname.json	0	36	validation of internationalized host names / Hebrew GERSHAYIM not preceded by Hebrew	idn-hostname is not checked (IDNA needs Unicode tables): an unknown format passes
optional/format/idn-hostname.json	0	37	validation of internationalized host names / Hebrew GERSHAYIM not preceded by anything	idn-hostname is not checked (IDNA needs Unicode tables): an unknown format passes
optional/format/idn-hostname.json	0	39	validation of internationalized host names / KATAKANA MIDDLE DOT with no Hiragana, Katakana, or Han	idn-hostname is not checked (IDNA needs Unicode tables): an unknown format passes
optional/format/idn-hostname.json	0	40	validation of internationalized host names / KATAKANA MIDDLE DOT with no other characters	idn-hostname is not checked (IDNA needs Unicode tables): an unknown format passes
optional/format/idn-hostname.json	0	44	validation of internationalized host names / Arabic-Indic digits mixed with Extended Arabic-Indic digits	idn-hostname is not checked (IDNA needs Unicode tables): an unknown format passes
optional/format/idn-hostname.json	0	47	validation of internationalized host names / ZERO WIDTH JOINER not preceded by Virama	idn-hostname is not checked (IDNA needs Unicode tables): an unknown format passes
optional/format/idn-hostname.json	0	48	validation of internationalized host names / ZERO WIDTH JOINER not preceded by anything	idn-hostname is not checked (IDNA needs Unicode tables): an unknown format passes
optional/format/idn-hostname.json	0	57	validation of internationalized host names / empty string	idn-hostname is not checked (IDNA needs Unicode tables): an unknown format passes
optional/format/idn-hostname.json	0	62	validation of internationalized host names / a label of only Arabic-Indic digits is invalid	idn-hostname is not checked (IDNA needs Unicode tables): an unknown format passes
optional/format/idn-hostname.json	0	66	validation of internationalized host names / zero width non-joiner must pass at every occurrence	idn-hostname is not checked (IDNA needs Unicode tables): an unknown format passes
optional/format/idn-hostname.json	0	67	validation of internationalized host names / Bidi domain name with a digit-first label is invalid	idn-hostname is not checked (IDNA needs Unicode tables): an unknown format passes
optional/format/idn-hostname.json	0	68	validation of internationalized host names / label starting with a digit before a right-to-left letter is invalid	idn-hostname is not checked (IDNA needs Unicode tables): an unknown format passes
optional/format/idn-hostname.json	0	69	validation of internationalized host names / left-to-right label containing a right-to-left letter is invalid	idn-hostname is not checked (IDNA needs Unicode tables): an unknown format passes
optional/format/idn-hostname.json	0	7	validation of internationalized host names / illegal first char U+302E Hangul single dot tone mark	idn-hostname is not checked (IDNA needs Unicode tables): an unknown format passes
optional/format/idn-hostname.json	0	70	validation of internationalized host names / right-to-left label mixing both digit types is invalid	idn-hostname is not checked (IDNA needs Unicode tables): an unknown format passes
optional/format/idn-hostname.json	0	71	validation of internationalized host names / A-label that decodes to a disallowed code point is invalid	idn-hostname is not checked (IDNA needs Unicode tables): an unknown format passes
optional/format/idn-hostname.json	0	72	validation of internationalized host names / A-label that decodes to a Bidi rule violation is invalid	idn-hostname is not checked (IDNA needs Unicode tables): an unknown format passes
optional/format/idn-hostname.json	0	73	validation of internationalized host names / a U-label whose A-label form is longer than 63 octets is invalid	idn-hostname is not checked (IDNA needs Unicode tables): an unknown format passes
optional/format/idn-hostname.json	0	74	validation of internationalized host names / empty label between two dots is invalid	idn-hostname is not checked (IDNA needs Unicode tables): an unknown format passes
optional/format/idn-hostname.json	0	75	validation of internationalized host names / a name longer than 253 characters is invalid	idn-hostname is not checked (IDNA needs Unicode tables): an unknown format passes
optional/format/idn-hostname.json	0	76	validation of internationalized host names / A-label that decodes to only ASCII is invalid	idn-hostname is not checked (IDNA needs Unicode tables): an unknown format passes
optional/format/idn-hostname.json	0	77	validation of internationalized host names / non-canonical Punycode that does not re-encode to itself is invalid	idn-hostname is not checked (IDNA needs Unicode tables): an unknown format passes
optional/format/idn-hostname.json	0	8	validation of internationalized host names / contains illegal char U+302E Hangul single dot tone mark	idn-hostname is not checked (IDNA needs Unicode tables): an unknown format passes
optional/format/idn-hostname.json	1	0	validation of separators in internationalized host names / single dot	idn-hostname is not checked (IDNA needs Unicode tables): an unknown format passes
optional/format/idn-hostname.json	1	1	validation of separators in internationalized host names / single ideographic full stop	idn-hostname is not checked (IDNA needs Unicode tables): an unknown format passes
optional/format/idn-hostname.json	1	10	validation of separators in internationalized host names / leading fullwidth full stop	idn-hostname is not checked (IDNA needs Unicode tables): an unknown format passes
optional/format/idn-hostname.json	1	11	validation of separators in internationalized host names / leading halfwidth ideographic full stop	idn-hostname is not checked (IDNA needs Unicode tables): an unknown format passes
optional/format/idn-hostname.json	1	12	validation of separators in internationalized host names / trailing dot	idn-hostname is not checked (IDNA needs Unicode tables): an unknown format passes
optional/format/idn-hostname.json	1	13	validation of separators in internationalized host names / trailing ideographic full stop	idn-hostname is not checked (IDNA needs Unicode tables): an unknown format passes
optional/format/idn-hostname.json	1	14	validation of separators in internationalized host names / trailing fullwidth full stop	idn-hostname is not checked (IDNA needs Unicode tables): an unknown format passes
optional/format/idn-hostname.json	1	15	validation of separators in internationalized host names / trailing halfwidth ideographic full stop	idn-hostname is not checked (IDNA needs Unicode tables): an unknown format passes
optional/format/idn-hostname.json	1	2	validation of separators in internationalized host names / single fullwidth full stop	idn-hostname is not checked (IDNA needs Unicode tables): an unknown format passes
optional/format/idn-hostname.json	1	3	validation of separators in internationalized host names / single halfwidth ideographic full stop	idn-hostname is not checked (IDNA needs Unicode tables): an unknown format passes
optional/format/idn-hostname.json	1	8	validation of separators in internationalized host names / leading dot	idn-hostname is not checked (IDNA needs Unicode tables): an unknown format passes
optional/format/idn-hostname.json	1	9	validation of separators in internationalized host names / leading ideographic full stop	idn-hostname is not checked (IDNA needs Unicode tables): an unknown format passes
optional/format/iri-reference.json	0	12	validation of IRI References / an invalid IRI fragment	iri-reference is not checked (IRIs need Unicode tables)
optional/format/iri-reference.json	0	13	validation of IRI References / an embedded IPv4 with a leading zero is invalid	iri-reference is not checked (IRIs need Unicode tables)
optional/format/iri-reference.json	0	17	validation of IRI References / a trailing newline after a valid IRI Reference is invalid	iri-reference is not checked (IRIs need Unicode tables)
optional/format/iri-reference.json	0	18	validation of IRI References / invalid percent-encoding with non-hex digits	iri-reference is not checked (IRIs need Unicode tables)
optional/format/iri-reference.json	0	19	validation of IRI References / incomplete percent-encoding triplet	iri-reference is not checked (IRIs need Unicode tables)
optional/format/iri-reference.json	0	20	validation of IRI References / lone percent sign is invalid	iri-reference is not checked (IRIs need Unicode tables)
optional/format/iri-reference.json	0	9	validation of IRI References / an invalid IRI Reference	iri-reference is not checked (IRIs need Unicode tables)
optional/format/iri.json	0	10	validation of IRIs / incomplete percent-encoding triplet	iri is not checked (IRIs need Unicode tables)
optional/format/iri.json	0	11	validation of IRIs / lone percent sign is invalid	iri is not checked (IRIs need Unicode tables)
optional/format/iri.json	0	14	validation of IRIs / an IPv6 address without enclosing brackets is invalid	iri is not checked (IRIs need Unicode tables)
optional/format/iri.json	0	15	validation of IRIs / an invalid relative IRI Reference	iri is not checked (IRIs need Unicode tables)
optional/format/iri.json	0	16	validation of IRIs / an invalid IRI	iri is not checked (IRIs need Unicode tables)
optional/format/iri.json	0	17	validation of IRIs / an invalid IRI though valid IRI reference	iri is not checked (IRIs need Unicode tables)
optional/format/iri.json	0	18	validation of IRIs / an IPv6 host whose embedded IPv4 has a leading zero is invalid	iri is not checked (IRIs need Unicode tables)
optional/format/iri.json	0	20	validation of IRIs / a trailing newline after a valid IRI is invalid	iri is not checked (IRIs need Unicode tables)
optional/format/iri.json	0	9	validation of IRIs / invalid percent-encoding with non-hex digits	iri is not checked (IRIs need Unicode tables)
